2026-09-22 09:33:17,617 [INFO] === Execução 2026-09-22 | modo=both | dias=15 | parâmetro=['PRCP_DEP', 'PRCP'] ===
2026-09-22 09:33:17,619 [INFO] Baixando 960 mapas com 6 threads...
2026-09-22 09:33:21,003 [INFO] [OK] Brazil/GFS_ENSEMBLE_Soy_PRCP_DEP/daily dia 03 (2026-09-25 → 2026-09-25) 41713 bytes
2026-09-22 09:33:21,149 [INFO] [OK] Brazil/GFS_ENSEMBLE_Soy_PRCP_DEP/daily dia 05 (2026-09-27 → 2026-09-27) 46424 bytes
2026-09-22 09:33:21,805 [INFO] [OK] Brazil/GFS_ENSEMBLE_Soy_PRCP_DEP/daily dia 02 (2026-09-24 → 2026-09-24) 39950 bytes
2026-09-22 09:33:21,813 [INFO] [OK] Brazil/GFS_ENSEMBLE_Soy_PRCP_DEP/daily dia 00 (2026-09-22 → 2026-09-22) 38954 bytes
2026-09-22 09:33:21,817 [INFO] [OK] Brazil/GFS_ENSEMBLE_Soy_PRCP_DEP/daily dia 04 (2026-09-26 → 2026-09-26) 41601 bytes
2026-09-22 09:33:22,153 [INFO] [OK] Brazil/GFS_ENSEMBLE_Soy_PRCP_DEP/daily dia 01 (2026-09-23 → 2026-09-23) 39328 bytes
2026-09-22 09:33:23,657 [INFO] [OK] Brazil/GFS_ENSEMBLE_Soy_PRCP_DEP/daily dia 07 (2026-09-29 → 2026-09-29) 47499 bytes
2026-09-22 09:33:24,781 [INFO] [OK] Brazil/GFS_ENSEMBLE_Soy_PRCP_DEP/daily dia 08 (2026-09-30 → 2026-09-30) 45429 bytes
2026-09-22 09:33:24,810 [INFO] [OK] Brazil/GFS_ENSEMBLE_Soy_PRCP_DEP/daily dia 06 (2026-09-28 → 2026-09-28) 47781 bytes
2026-09-22 09:33:25,310 [INFO] [OK] Brazil/GFS_ENSEMBLE_Soy_PRCP_DEP/daily dia 09 (2026-10-01 → 2026-10-01) 47184 bytes
2026-09-22 09:33:25,785 [INFO] [OK] Brazil/GFS_ENSEMBLE_Soy_PRCP_DEP/daily dia 10 (2026-10-02 → 2026-10-02) 47356 bytes
2026-09-22 09:33:26,335 [INFO] [OK] Brazil/GFS_ENSEMBLE_Soy_PRCP_DEP/daily dia 11 (2026-10-03 → 2026-10-03) 50799 bytes
2026-09-22 09:33:27,781 [INFO] [OK] Brazil/GFS_ENSEMBLE_Soy_PRCP_DEP/daily dia 12 (2026-10-04 → 2026-10-04) 53786 bytes
2026-09-22 09:33:28,001 [INFO] [OK] Brazil/GFS_ENSEMBLE_Soy_PRCP_DEP/daily dia 14 (2026-10-06 → 2026-10-06) 50371 bytes
2026-09-22 09:33:28,004 [INFO] [OK] Brazil/GFS_ENSEMBLE_Soy_PRCP_DEP/cumulative dia 00 (2026-09-22 → 2026-09-22) 38954 bytes
2026-09-22 09:33:28,146 [INFO] [OK] Brazil/GFS_ENSEMBLE_Soy_PRCP_DEP/daily dia 13 (2026-10-05 → 2026-10-05) 52022 bytes
2026-09-22 09:33:28,871 [INFO] [OK] Brazil/GFS_ENSEMBLE_Soy_PRCP_DEP/cumulative dia 01 (2026-09-22 → 2026-09-23) 40401 bytes
2026-09-22 09:33:30,135 [INFO] [OK] Brazil/GFS_ENSEMBLE_Soy_PRCP_DEP/cumulative dia 02 (2026-09-22 → 2026-09-24) 41637 bytes
2026-09-22 09:33:30,627 [INFO] [OK] Brazil/GFS_ENSEMBLE_Soy_PRCP_DEP/cumulative dia 03 (2026-09-22 → 2026-09-25) 43132 bytes
2026-09-22 09:33:31,087 [INFO] [OK] Brazil/GFS_ENSEMBLE_Soy_PRCP_DEP/cumulative dia 04 (2026-09-22 → 2026-09-26) 44145 bytes
2026-09-22 09:33:32,329 [INFO] [OK] Brazil/GFS_ENSEMBLE_Soy_PRCP_DEP/cumulative dia 05 (2026-09-22 → 2026-09-27) 46838 bytes
2026-09-22 09:33:32,946 [INFO] [OK] Brazil/GFS_ENSEMBLE_Soy_PRCP_DEP/cumulative dia 07 (2026-09-22 → 2026-09-29) 48643 bytes
2026-09-22 09:33:33,633 [INFO] [OK] Brazil/GFS_ENSEMBLE_Soy_PRCP_DEP/cumulative dia 06 (2026-09-22 → 2026-09-28) 48240 bytes
2026-09-22 09:33:33,884 [INFO] [OK] Brazil/GFS_ENSEMBLE_Soy_PRCP_DEP/cumulative dia 09 (2026-09-22 → 2026-10-01) 49756 bytes
2026-09-22 09:33:34,464 [INFO] [OK] Brazil/GFS_ENSEMBLE_Soy_PRCP_DEP/cumulative dia 10 (2026-09-22 → 2026-10-02) 49986 bytes
2026-09-22 09:33:34,982 [INFO] [OK] Brazil/GFS_ENSEMBLE_Soy_PRCP_DEP/cumulative dia 08 (2026-09-22 → 2026-09-30) 49192 bytes
2026-09-22 09:33:36,847 [INFO] [OK] Brazil/GFS_ENSEMBLE_Soy_PRCP/daily dia 00 (2026-09-22 → 2026-09-22) 30931 bytes
2026-09-22 09:33:37,134 [INFO] [OK] Brazil/GFS_ENSEMBLE_Soy_PRCP_DEP/cumulative dia 12 (2026-09-22 → 2026-10-04) 50290 bytes
2026-09-22 09:33:37,237 [INFO] [OK] Brazil/GFS_ENSEMBLE_Soy_PRCP/daily dia 01 (2026-09-23 → 2026-09-23) 30939 bytes
2026-09-22 09:33:37,292 [INFO] [OK] Brazil/GFS_ENSEMBLE_Soy_PRCP_DEP/cumulative dia 11 (2026-09-22 → 2026-10-03) 50178 bytes
2026-09-22 09:33:38,091 [INFO] [OK] Brazil/GFS_ENSEMBLE_Soy_PRCP_DEP/cumulative dia 13 (2026-09-22 → 2026-10-05) 50511 bytes
2026-09-22 09:33:38,467 [INFO] [OK] Brazil/GFS_ENSEMBLE_Soy_PRCP_DEP/cumulative dia 14 (2026-09-22 → 2026-10-06) 50635 bytes
2026-09-22 09:33:39,116 [INFO] [OK] Brazil/GFS_ENSEMBLE_Soy_PRCP/daily dia 02 (2026-09-24 → 2026-09-24) 30689 bytes
2026-09-22 09:33:39,700 [INFO] [OK] Brazil/GFS_ENSEMBLE_Soy_PRCP/daily dia 04 (2026-09-26 → 2026-09-26) 29958 bytes
2026-09-22 09:33:39,851 [INFO] [OK] Brazil/GFS_ENSEMBLE_Soy_PRCP/daily dia 05 (2026-09-27 → 2026-09-27) 31297 bytes
2026-09-22 09:33:40,007 [INFO] [OK] Brazil/GFS_ENSEMBLE_Soy_PRCP/daily dia 03 (2026-09-25 → 2026-09-25) 29175 bytes
2026-09-22 09:33:40,429 [INFO] [OK] Brazil/GFS_ENSEMBLE_Soy_PRCP/daily dia 06 (2026-09-28 → 2026-09-28) 31804 bytes
2026-09-22 09:33:40,712 [INFO] [OK] Brazil/GFS_ENSEMBLE_Soy_PRCP/daily dia 07 (2026-09-29 → 2026-09-29) 33083 bytes
2026-09-22 09:33:41,623 [INFO] [OK] Brazil/GFS_ENSEMBLE_Soy_PRCP/daily dia 08 (2026-09-30 → 2026-09-30) 32766 bytes
2026-09-22 09:33:42,337 [INFO] [OK] Brazil/GFS_ENSEMBLE_Soy_PRCP/daily dia 10 (2026-10-02 → 2026-10-02) 31183 bytes
2026-09-22 09:33:42,338 [INFO] [OK] Brazil/GFS_ENSEMBLE_Soy_PRCP/daily dia 09 (2026-10-01 → 2026-10-01) 32043 bytes
2026-09-22 09:33:47,185 [INFO] [OK] Brazil/GFS_ENSEMBLE_Soy_PRCP/daily dia 14 (2026-10-06 → 2026-10-06) 32059 bytes
2026-09-22 09:33:47,185 [INFO] [OK] Brazil/GFS_ENSEMBLE_Soy_PRCP/daily dia 11 (2026-10-03 → 2026-10-03) 31477 bytes
2026-09-22 09:33:47,188 [INFO] [OK] Brazil/GFS_ENSEMBLE_Soy_PRCP/daily dia 12 (2026-10-04 → 2026-10-04) 33368 bytes
2026-09-22 09:33:47,189 [INFO] [OK] Brazil/GFS_ENSEMBLE_Soy_PRCP/daily dia 13 (2026-10-05 → 2026-10-05) 32635 bytes
2026-09-22 09:33:49,593 [INFO] [OK] Brazil/GFS_ENSEMBLE_Soy_PRCP/cumulative dia 00 (2026-09-22 → 2026-09-22) 30931 bytes
2026-09-22 09:33:50,378 [INFO] [OK] Brazil/GFS_ENSEMBLE_Soy_PRCP/cumulative dia 05 (2026-09-22 → 2026-09-27) 37592 bytes
2026-09-22 09:33:50,432 [INFO] [OK] Brazil/GFS_ENSEMBLE_Soy_PRCP/cumulative dia 03 (2026-09-22 → 2026-09-25) 34815 bytes
2026-09-22 09:33:50,558 [INFO] [OK] Brazil/GFS_ENSEMBLE_Soy_PRCP/cumulative dia 01 (2026-09-22 → 2026-09-23) 32692 bytes
2026-09-22 09:33:50,845 [INFO] [OK] Brazil/GFS_ENSEMBLE_Soy_PRCP/cumulative dia 04 (2026-09-22 → 2026-09-26) 36205 bytes
2026-09-22 09:33:51,008 [INFO] [OK] Brazil/GFS_ENSEMBLE_Soy_PRCP/cumulative dia 02 (2026-09-22 → 2026-09-24) 34118 bytes
2026-09-22 09:33:53,283 [INFO] [OK] Brazil/GFS_ENSEMBLE_Soy_PRCP/cumulative dia 07 (2026-09-22 → 2026-09-29) 40829 bytes
2026-09-22 09:33:53,423 [INFO] [OK] Brazil/GFS_ENSEMBLE_Soy_PRCP/cumulative dia 06 (2026-09-22 → 2026-09-28) 39746 bytes
2026-09-22 09:33:53,814 [INFO] [OK] Brazil/GFS_ENSEMBLE_Soy_PRCP/cumulative dia 09 (2026-09-22 → 2026-10-01) 42467 bytes
2026-09-22 09:33:54,613 [INFO] [OK] Brazil/GFS_ENSEMBLE_Soy_PRCP/cumulative dia 10 (2026-09-22 → 2026-10-02) 42679 bytes
2026-09-22 09:33:54,615 [INFO] [OK] Brazil/GFS_ENSEMBLE_Soy_PRCP/cumulative dia 11 (2026-09-22 → 2026-10-03) 43038 bytes
2026-09-22 09:33:54,933 [INFO] [OK] Brazil/GFS_ENSEMBLE_Soy_PRCP/cumulative dia 08 (2026-09-22 → 2026-09-30) 41511 bytes
2026-09-22 09:33:56,955 [INFO] [OK] Brazil/GFS_ENSEMBLE_Soy_PRCP/cumulative dia 12 (2026-09-22 → 2026-10-04) 43455 bytes
2026-09-22 09:33:57,293 [INFO] [OK] Brazil/GFS_ENSEMBLE_Corn_Winter_PRCP_DEP/daily dia 00 (2026-09-22 → 2026-09-22) 37416 bytes
2026-09-22 09:33:58,058 [INFO] [OK] Brazil/GFS_ENSEMBLE_Corn_Winter_PRCP_DEP/daily dia 02 (2026-09-24 → 2026-09-24) 38591 bytes
2026-09-22 09:33:58,182 [INFO] [OK] Brazil/GFS_ENSEMBLE_Corn_Winter_PRCP_DEP/daily dia 01 (2026-09-23 → 2026-09-23) 38133 bytes
2026-09-22 09:33:58,289 [INFO] [OK] Brazil/GFS_ENSEMBLE_Soy_PRCP/cumulative dia 13 (2026-09-22 → 2026-10-05) 44431 bytes
2026-09-22 09:33:58,478 [INFO] [OK] Brazil/GFS_ENSEMBLE_Soy_PRCP/cumulative dia 14 (2026-09-22 → 2026-10-06) 44620 bytes
2026-09-22 09:33:59,584 [INFO] [OK] Brazil/GFS_ENSEMBLE_Corn_Winter_PRCP_DEP/daily dia 04 (2026-09-26 → 2026-09-26) 40212 bytes
2026-09-22 09:33:59,904 [INFO] [OK] Brazil/GFS_ENSEMBLE_Corn_Winter_PRCP_DEP/daily dia 03 (2026-09-25 → 2026-09-25) 40061 bytes
2026-09-22 09:34:00,578 [INFO] [OK] Brazil/GFS_ENSEMBLE_Corn_Winter_PRCP_DEP/daily dia 05 (2026-09-27 → 2026-09-27) 44961 bytes
2026-09-22 09:34:01,670 [INFO] [OK] Brazil/GFS_ENSEMBLE_Corn_Winter_PRCP_DEP/daily dia 06 (2026-09-28 → 2026-09-28) 46538 bytes
2026-09-22 09:34:01,671 [INFO] [OK] Brazil/GFS_ENSEMBLE_Corn_Winter_PRCP_DEP/daily dia 07 (2026-09-29 → 2026-09-29) 46103 bytes
2026-09-22 09:34:02,390 [INFO] [OK] Brazil/GFS_ENSEMBLE_Corn_Winter_PRCP_DEP/daily dia 08 (2026-09-30 → 2026-09-30) 43777 bytes
2026-09-22 09:34:02,565 [INFO] [OK] Brazil/GFS_ENSEMBLE_Corn_Winter_PRCP_DEP/daily dia 09 (2026-10-01 → 2026-10-01) 45469 bytes
2026-09-22 09:34:03,015 [INFO] [OK] Brazil/GFS_ENSEMBLE_Corn_Winter_PRCP_DEP/daily dia 11 (2026-10-03 → 2026-10-03) 49260 bytes
2026-09-22 09:34:03,516 [INFO] [OK] Brazil/GFS_ENSEMBLE_Corn_Winter_PRCP_DEP/daily dia 10 (2026-10-02 → 2026-10-02) 45791 bytes
2026-09-22 09:34:04,512 [INFO] [OK] Brazil/GFS_ENSEMBLE_Corn_Winter_PRCP_DEP/daily dia 13 (2026-10-05 → 2026-10-05) 50517 bytes
2026-09-22 09:34:05,022 [INFO] [OK] Brazil/GFS_ENSEMBLE_Corn_Winter_PRCP_DEP/daily dia 12 (2026-10-04 → 2026-10-04) 52438 bytes
2026-09-22 09:34:05,370 [INFO] [OK] Brazil/GFS_ENSEMBLE_Corn_Winter_PRCP_DEP/cumulative dia 01 (2026-09-22 → 2026-09-23) 38870 bytes
2026-09-22 09:34:05,601 [INFO] [OK] Brazil/GFS_ENSEMBLE_Corn_Winter_PRCP_DEP/cumulative dia 00 (2026-09-22 → 2026-09-22) 37416 bytes
2026-09-22 09:34:05,638 [INFO] [OK] Brazil/GFS_ENSEMBLE_Corn_Winter_PRCP_DEP/daily dia 14 (2026-10-06 → 2026-10-06) 49019 bytes
2026-09-22 09:34:05,987 [INFO] [OK] Brazil/GFS_ENSEMBLE_Corn_Winter_PRCP_DEP/cumulative dia 02 (2026-09-22 → 2026-09-24) 40272 bytes
2026-09-22 09:34:08,294 [INFO] [OK] Brazil/GFS_ENSEMBLE_Corn_Winter_PRCP_DEP/cumulative dia 04 (2026-09-22 → 2026-09-26) 42776 bytes
2026-09-22 09:34:08,729 [INFO] [OK] Brazil/GFS_ENSEMBLE_Corn_Winter_PRCP_DEP/cumulative dia 05 (2026-09-22 → 2026-09-27) 45266 bytes
2026-09-22 09:34:08,917 [INFO] [OK] Brazil/GFS_ENSEMBLE_Corn_Winter_PRCP_DEP/cumulative dia 08 (2026-09-22 → 2026-09-30) 47641 bytes
2026-09-22 09:34:08,928 [INFO] [OK] Brazil/GFS_ENSEMBLE_Corn_Winter_PRCP_DEP/cumulative dia 03 (2026-09-22 → 2026-09-25) 41667 bytes
2026-09-22 09:34:09,857 [INFO] [OK] Brazil/GFS_ENSEMBLE_Corn_Winter_PRCP_DEP/cumulative dia 07 (2026-09-22 → 2026-09-29) 47117 bytes
2026-09-22 09:34:09,984 [INFO] [OK] Brazil/GFS_ENSEMBLE_Corn_Winter_PRCP_DEP/cumulative dia 06 (2026-09-22 → 2026-09-28) 46735 bytes
2026-09-22 09:34:11,469 [INFO] [OK] Brazil/GFS_ENSEMBLE_Corn_Winter_PRCP_DEP/cumulative dia 09 (2026-09-22 → 2026-10-01) 48094 bytes
2026-09-22 09:34:11,975 [INFO] [OK] Brazil/GFS_ENSEMBLE_Corn_Winter_PRCP_DEP/cumulative dia 10 (2026-09-22 → 2026-10-02) 48307 bytes
2026-09-22 09:34:12,304 [INFO] [OK] Brazil/GFS_ENSEMBLE_Corn_Winter_PRCP_DEP/cumulative dia 12 (2026-09-22 → 2026-10-04) 48622 bytes
2026-09-22 09:34:12,691 [INFO] [OK] Brazil/GFS_ENSEMBLE_Corn_Winter_PRCP_DEP/cumulative dia 11 (2026-09-22 → 2026-10-03) 48204 bytes
2026-09-22 09:34:13,316 [INFO] [OK] Brazil/GFS_ENSEMBLE_Corn_Winter_PRCP/daily dia 00 (2026-09-22 → 2026-09-22) 29474 bytes
2026-09-22 09:34:14,061 [INFO] [OK] Brazil/GFS_ENSEMBLE_Corn_Winter_PRCP_DEP/cumulative dia 13 (2026-09-22 → 2026-10-05) 48787 bytes
2026-09-22 09:34:14,133 [INFO] [OK] Brazil/GFS_ENSEMBLE_Corn_Winter_PRCP/daily dia 02 (2026-09-24 → 2026-09-24) 29002 bytes
2026-09-22 09:34:14,275 [INFO] [OK] Brazil/GFS_ENSEMBLE_Corn_Winter_PRCP/daily dia 01 (2026-09-23 → 2026-09-23) 29399 bytes
2026-09-22 09:34:14,636 [INFO] [OK] Brazil/GFS_ENSEMBLE_Corn_Winter_PRCP/daily dia 03 (2026-09-25 → 2026-09-25) 27714 bytes
2026-09-22 09:34:14,841 [INFO] [OK] Brazil/GFS_ENSEMBLE_Corn_Winter_PRCP_DEP/cumulative dia 14 (2026-09-22 → 2026-10-06) 48962 bytes
2026-09-22 09:34:15,092 [INFO] [OK] Brazil/GFS_ENSEMBLE_Corn_Winter_PRCP/daily dia 04 (2026-09-26 → 2026-09-26) 28394 bytes
2026-09-22 09:34:15,892 [INFO] [OK] Brazil/GFS_ENSEMBLE_Corn_Winter_PRCP/daily dia 05 (2026-09-27 → 2026-09-27) 29659 bytes
2026-09-22 09:34:16,098 [INFO] [OK] Brazil/GFS_ENSEMBLE_Corn_Winter_PRCP/daily dia 06 (2026-09-28 → 2026-09-28) 30231 bytes
2026-09-22 09:34:16,577 [INFO] [OK] Brazil/GFS_ENSEMBLE_Corn_Winter_PRCP/daily dia 07 (2026-09-29 → 2026-09-29) 31367 bytes
2026-09-22 09:34:16,730 [INFO] [OK] Brazil/GFS_ENSEMBLE_Corn_Winter_PRCP/daily dia 10 (2026-10-02 → 2026-10-02) 29666 bytes
2026-09-22 09:34:17,261 [INFO] [OK] Brazil/GFS_ENSEMBLE_Corn_Winter_PRCP/daily dia 08 (2026-09-30 → 2026-09-30) 31152 bytes
2026-09-22 09:34:17,606 [INFO] [OK] Brazil/GFS_ENSEMBLE_Corn_Winter_PRCP/daily dia 11 (2026-10-03 → 2026-10-03) 29990 bytes
2026-09-22 09:34:17,849 [INFO] [OK] Brazil/GFS_ENSEMBLE_Corn_Winter_PRCP/daily dia 09 (2026-10-01 → 2026-10-01) 30441 bytes
2026-09-22 09:34:18,407 [INFO] [OK] Brazil/GFS_ENSEMBLE_Corn_Winter_PRCP/daily dia 14 (2026-10-06 → 2026-10-06) 30725 bytes
2026-09-22 09:34:18,683 [INFO] [OK] Brazil/GFS_ENSEMBLE_Corn_Winter_PRCP/daily dia 12 (2026-10-04 → 2026-10-04) 32006 bytes
2026-09-22 09:34:18,700 [INFO] [OK] Brazil/GFS_ENSEMBLE_Corn_Winter_PRCP/daily dia 13 (2026-10-05 → 2026-10-05) 31192 bytes
2026-09-22 09:34:19,334 [INFO] [OK] Brazil/GFS_ENSEMBLE_Corn_Winter_PRCP/cumulative dia 00 (2026-09-22 → 2026-09-22) 29474 bytes
2026-09-22 09:34:19,362 [INFO] [OK] Brazil/GFS_ENSEMBLE_Corn_Winter_PRCP/cumulative dia 01 (2026-09-22 → 2026-09-23) 31191 bytes
2026-09-22 09:34:20,400 [INFO] [OK] Brazil/GFS_ENSEMBLE_Corn_Winter_PRCP/cumulative dia 03 (2026-09-22 → 2026-09-25) 33295 bytes
2026-09-22 09:34:20,944 [INFO] [OK] Brazil/GFS_ENSEMBLE_Corn_Winter_PRCP/cumulative dia 04 (2026-09-22 → 2026-09-26) 34636 bytes
2026-09-22 09:34:21,007 [INFO] [OK] Brazil/GFS_ENSEMBLE_Corn_Winter_PRCP/cumulative dia 02 (2026-09-22 → 2026-09-24) 32647 bytes
2026-09-22 09:34:21,251 [INFO] [OK] Brazil/GFS_ENSEMBLE_Corn_Winter_PRCP/cumulative dia 05 (2026-09-22 → 2026-09-27) 36042 bytes
2026-09-22 09:34:21,646 [INFO] [OK] Brazil/GFS_ENSEMBLE_Corn_Winter_PRCP/cumulative dia 07 (2026-09-22 → 2026-09-29) 39185 bytes
2026-09-22 09:34:22,115 [INFO] [OK] Brazil/GFS_ENSEMBLE_Corn_Winter_PRCP/cumulative dia 06 (2026-09-22 → 2026-09-28) 38162 bytes
2026-09-22 09:34:23,011 [INFO] [OK] Brazil/GFS_ENSEMBLE_Corn_Winter_PRCP/cumulative dia 08 (2026-09-22 → 2026-09-30) 39882 bytes
2026-09-22 09:34:23,569 [INFO] [OK] Brazil/GFS_ENSEMBLE_Corn_Winter_PRCP/cumulative dia 09 (2026-09-22 → 2026-10-01) 40680 bytes
2026-09-22 09:34:23,863 [INFO] [OK] Brazil/GFS_ENSEMBLE_Corn_Winter_PRCP/cumulative dia 10 (2026-09-22 → 2026-10-02) 41022 bytes
2026-09-22 09:34:24,329 [INFO] [OK] Brazil/GFS_ENSEMBLE_Corn_Winter_PRCP/cumulative dia 12 (2026-09-22 → 2026-10-04) 41988 bytes
2026-09-22 09:34:24,934 [INFO] [OK] Brazil/GFS_ENSEMBLE_Corn_Winter_PRCP/cumulative dia 11 (2026-09-22 → 2026-10-03) 41362 bytes
2026-09-22 09:34:25,426 [INFO] [OK] Brazil/ECM_ENSEMBLE_Soy_PRCP_DEP/daily dia 00 (2026-09-22 → 2026-09-22) 46107 bytes
2026-09-22 09:34:25,742 [INFO] [OK] Brazil/ECM_ENSEMBLE_Soy_PRCP_DEP/daily dia 01 (2026-09-23 → 2026-09-23) 44365 bytes
2026-09-22 09:34:26,072 [INFO] [OK] Brazil/GFS_ENSEMBLE_Corn_Winter_PRCP/cumulative dia 13 (2026-09-22 → 2026-10-05) 42682 bytes
2026-09-22 09:34:26,309 [INFO] [OK] Brazil/ECM_ENSEMBLE_Soy_PRCP_DEP/daily dia 02 (2026-09-24 → 2026-09-24) 46019 bytes
2026-09-22 09:34:26,358 [INFO] [OK] Brazil/GFS_ENSEMBLE_Corn_Winter_PRCP/cumulative dia 14 (2026-09-22 → 2026-10-06) 42901 bytes
2026-09-22 09:34:27,652 [INFO] [OK] Brazil/ECM_ENSEMBLE_Soy_PRCP_DEP/daily dia 05 (2026-09-27 → 2026-09-27) 48450 bytes
2026-09-22 09:34:27,828 [INFO] [OK] Brazil/ECM_ENSEMBLE_Soy_PRCP_DEP/daily dia 04 (2026-09-26 → 2026-09-26) 48421 bytes
2026-09-22 09:34:28,142 [INFO] [OK] Brazil/ECM_ENSEMBLE_Soy_PRCP_DEP/daily dia 03 (2026-09-25 → 2026-09-25) 47142 bytes
2026-09-22 09:34:28,169 [INFO] [OK] Brazil/ECM_ENSEMBLE_Soy_PRCP_DEP/daily dia 07 (2026-09-29 → 2026-09-29) 51528 bytes
2026-09-22 09:34:28,457 [INFO] [OK] Brazil/ECM_ENSEMBLE_Soy_PRCP_DEP/daily dia 06 (2026-09-28 → 2026-09-28) 48304 bytes
2026-09-22 09:34:28,995 [INFO] [OK] Brazil/ECM_ENSEMBLE_Soy_PRCP_DEP/daily dia 08 (2026-09-30 → 2026-09-30) 52534 bytes
2026-09-22 09:34:30,242 [INFO] [OK] Brazil/ECM_ENSEMBLE_Soy_PRCP_DEP/daily dia 09 (2026-10-01 → 2026-10-01) 51023 bytes
2026-09-22 09:34:30,397 [INFO] [OK] Brazil/ECM_ENSEMBLE_Soy_PRCP_DEP/daily dia 12 (2026-10-04 → 2026-10-04) 49247 bytes
2026-09-22 09:34:30,669 [INFO] [OK] Brazil/ECM_ENSEMBLE_Soy_PRCP_DEP/daily dia 10 (2026-10-02 → 2026-10-02) 52976 bytes
2026-09-22 09:34:30,853 [INFO] [OK] Brazil/ECM_ENSEMBLE_Soy_PRCP_DEP/daily dia 13 (2026-10-05 → 2026-10-05) 51189 bytes
2026-09-22 09:34:31,051 [INFO] [OK] Brazil/ECM_ENSEMBLE_Soy_PRCP_DEP/daily dia 11 (2026-10-03 → 2026-10-03) 51347 bytes
2026-09-22 09:34:31,374 [INFO] [OK] Brazil/ECM_ENSEMBLE_Soy_PRCP_DEP/daily dia 14 (2026-10-06 → 2026-10-06) 53840 bytes
2026-09-22 09:34:32,258 [INFO] [OK] Brazil/ECM_ENSEMBLE_Soy_PRCP_DEP/cumulative dia 00 (2026-09-22 → 2026-09-22) 46107 bytes
2026-09-22 09:34:32,367 [INFO] [OK] Brazil/ECM_ENSEMBLE_Soy_PRCP_DEP/cumulative dia 01 (2026-09-22 → 2026-09-23) 47239 bytes
2026-09-22 09:34:33,091 [INFO] [OK] Brazil/ECM_ENSEMBLE_Soy_PRCP_DEP/cumulative dia 02 (2026-09-22 → 2026-09-24) 48794 bytes
2026-09-22 09:34:33,137 [INFO] [OK] Brazil/ECM_ENSEMBLE_Soy_PRCP_DEP/cumulative dia 03 (2026-09-22 → 2026-09-25) 50345 bytes
2026-09-22 09:34:33,697 [INFO] [OK] Brazil/ECM_ENSEMBLE_Soy_PRCP_DEP/cumulative dia 04 (2026-09-22 → 2026-09-26) 51918 bytes
2026-09-22 09:34:33,887 [INFO] [OK] Brazil/ECM_ENSEMBLE_Soy_PRCP_DEP/cumulative dia 05 (2026-09-22 → 2026-09-27) 53407 bytes
2026-09-22 09:34:34,644 [INFO] [OK] Brazil/ECM_ENSEMBLE_Soy_PRCP_DEP/cumulative dia 06 (2026-09-22 → 2026-09-28) 54244 bytes
2026-09-22 09:34:34,935 [INFO] [OK] Brazil/ECM_ENSEMBLE_Soy_PRCP_DEP/cumulative dia 07 (2026-09-22 → 2026-09-29) 54437 bytes
2026-09-22 09:34:35,890 [INFO] [OK] Brazil/ECM_ENSEMBLE_Soy_PRCP_DEP/cumulative dia 08 (2026-09-22 → 2026-09-30) 53752 bytes
2026-09-22 09:34:35,932 [INFO] [OK] Brazil/ECM_ENSEMBLE_Soy_PRCP_DEP/cumulative dia 09 (2026-09-22 → 2026-10-01) 53637 bytes
2026-09-22 09:34:36,536 [INFO] [OK] Brazil/ECM_ENSEMBLE_Soy_PRCP_DEP/cumulative dia 10 (2026-09-22 → 2026-10-02) 53485 bytes
2026-09-22 09:34:36,700 [INFO] [OK] Brazil/ECM_ENSEMBLE_Soy_PRCP_DEP/cumulative dia 11 (2026-09-22 → 2026-10-03) 52354 bytes
2026-09-22 09:34:37,380 [INFO] [OK] Brazil/ECM_ENSEMBLE_Soy_PRCP_DEP/cumulative dia 12 (2026-09-22 → 2026-10-04) 52068 bytes
2026-09-22 09:34:37,736 [INFO] [OK] Brazil/ECM_ENSEMBLE_Soy_PRCP/daily dia 00 (2026-09-22 → 2026-09-22) 33485 bytes
2026-09-22 09:34:38,178 [INFO] [OK] Brazil/ECM_ENSEMBLE_Soy_PRCP/daily dia 01 (2026-09-23 → 2026-09-23) 32062 bytes
2026-09-22 09:34:38,362 [INFO] [OK] Brazil/ECM_ENSEMBLE_Soy_PRCP/daily dia 02 (2026-09-24 → 2026-09-24) 31341 bytes
2026-09-22 09:34:38,664 [INFO] [OK] Brazil/ECM_ENSEMBLE_Soy_PRCP_DEP/cumulative dia 13 (2026-09-22 → 2026-10-05) 51598 bytes
2026-09-22 09:34:38,772 [INFO] [OK] Brazil/ECM_ENSEMBLE_Soy_PRCP_DEP/cumulative dia 14 (2026-09-22 → 2026-10-06) 51810 bytes
2026-09-22 09:34:38,921 [INFO] [OK] Brazil/ECM_ENSEMBLE_Soy_PRCP/daily dia 03 (2026-09-25 → 2026-09-25) 30623 bytes
2026-09-22 09:34:39,584 [INFO] [OK] Brazil/ECM_ENSEMBLE_Soy_PRCP/daily dia 04 (2026-09-26 → 2026-09-26) 30764 bytes
2026-09-22 09:34:39,855 [INFO] [OK] Brazil/ECM_ENSEMBLE_Soy_PRCP/daily dia 05 (2026-09-27 → 2026-09-27) 31754 bytes
2026-09-22 09:34:40,163 [INFO] [OK] Brazil/ECM_ENSEMBLE_Soy_PRCP/daily dia 06 (2026-09-28 → 2026-09-28) 34147 bytes
2026-09-22 09:34:40,405 [INFO] [OK] Brazil/ECM_ENSEMBLE_Soy_PRCP/daily dia 09 (2026-10-01 → 2026-10-01) 32674 bytes
2026-09-22 09:34:40,435 [INFO] [OK] Brazil/ECM_ENSEMBLE_Soy_PRCP/daily dia 08 (2026-09-30 → 2026-09-30) 33911 bytes
2026-09-22 09:34:40,596 [INFO] [OK] Brazil/ECM_ENSEMBLE_Soy_PRCP/daily dia 07 (2026-09-29 → 2026-09-29) 34853 bytes
2026-09-22 09:34:41,370 [INFO] [OK] Brazil/ECM_ENSEMBLE_Soy_PRCP/daily dia 10 (2026-10-02 → 2026-10-02) 32186 bytes
2026-09-22 09:34:42,234 [INFO] [OK] Brazil/ECM_ENSEMBLE_Soy_PRCP/daily dia 11 (2026-10-03 → 2026-10-03) 33782 bytes
2026-09-22 09:34:42,580 [INFO] [OK] Brazil/ECM_ENSEMBLE_Soy_PRCP/daily dia 13 (2026-10-05 → 2026-10-05) 33511 bytes
2026-09-22 09:34:42,648 [INFO] [OK] Brazil/ECM_ENSEMBLE_Soy_PRCP/daily dia 12 (2026-10-04 → 2026-10-04) 34258 bytes
2026-09-22 09:34:42,741 [INFO] [OK] Brazil/ECM_ENSEMBLE_Soy_PRCP/cumulative dia 00 (2026-09-22 → 2026-09-22) 33485 bytes
2026-09-22 09:34:43,147 [INFO] [OK] Brazil/ECM_ENSEMBLE_Soy_PRCP/daily dia 14 (2026-10-06 → 2026-10-06) 32157 bytes
2026-09-22 09:34:43,230 [INFO] [OK] Brazil/ECM_ENSEMBLE_Soy_PRCP/cumulative dia 01 (2026-09-22 → 2026-09-23) 35200 bytes
2026-09-22 09:34:44,348 [INFO] [OK] Brazil/ECM_ENSEMBLE_Soy_PRCP/cumulative dia 02 (2026-09-22 → 2026-09-24) 36287 bytes
2026-09-22 09:34:44,757 [INFO] [OK] Brazil/ECM_ENSEMBLE_Soy_PRCP/cumulative dia 03 (2026-09-22 → 2026-09-25) 37493 bytes
2026-09-22 09:34:45,054 [INFO] [OK] Brazil/ECM_ENSEMBLE_Soy_PRCP/cumulative dia 04 (2026-09-22 → 2026-09-26) 39129 bytes
2026-09-22 09:34:45,579 [INFO] [OK] Brazil/ECM_ENSEMBLE_Soy_PRCP/cumulative dia 05 (2026-09-22 → 2026-09-27) 40753 bytes
2026-09-22 09:34:45,951 [INFO] [OK] Brazil/ECM_ENSEMBLE_Soy_PRCP/cumulative dia 06 (2026-09-22 → 2026-09-28) 42614 bytes
2026-09-22 09:34:46,028 [INFO] [OK] Brazil/ECM_ENSEMBLE_Soy_PRCP/cumulative dia 07 (2026-09-22 → 2026-09-29) 44024 bytes
2026-09-22 09:34:46,764 [INFO] [OK] Brazil/ECM_ENSEMBLE_Soy_PRCP/cumulative dia 08 (2026-09-22 → 2026-09-30) 44578 bytes
2026-09-22 09:34:47,428 [INFO] [OK] Brazil/ECM_ENSEMBLE_Soy_PRCP/cumulative dia 09 (2026-09-22 → 2026-10-01) 45033 bytes
2026-09-22 09:34:47,967 [INFO] [OK] Brazil/ECM_ENSEMBLE_Soy_PRCP/cumulative dia 10 (2026-09-22 → 2026-10-02) 45084 bytes
2026-09-22 09:34:49,130 [INFO] [OK] Brazil/ECM_ENSEMBLE_Soy_PRCP/cumulative dia 12 (2026-09-22 → 2026-10-04) 45830 bytes
2026-09-22 09:34:49,277 [INFO] [OK] Brazil/ECM_ENSEMBLE_Soy_PRCP/cumulative dia 11 (2026-09-22 → 2026-10-03) 45577 bytes
2026-09-22 09:34:49,492 [INFO] [OK] Brazil/ECM_ENSEMBLE_Soy_PRCP/cumulative dia 13 (2026-09-22 → 2026-10-05) 46251 bytes
2026-09-22 09:34:49,611 [INFO] [OK] Brazil/ECM_ENSEMBLE_Corn_Winter_PRCP_DEP/daily dia 00 (2026-09-22 → 2026-09-22) 44433 bytes
2026-09-22 09:34:50,157 [INFO] [OK] Brazil/ECM_ENSEMBLE_Soy_PRCP/cumulative dia 14 (2026-09-22 → 2026-10-06) 46204 bytes
2026-09-22 09:34:50,233 [INFO] [OK] Brazil/ECM_ENSEMBLE_Corn_Winter_PRCP_DEP/daily dia 01 (2026-09-23 → 2026-09-23) 42889 bytes
2026-09-22 09:34:51,546 [INFO] [OK] Brazil/ECM_ENSEMBLE_Corn_Winter_PRCP_DEP/daily dia 02 (2026-09-24 → 2026-09-24) 44548 bytes
2026-09-22 09:34:51,712 [INFO] [OK] Brazil/ECM_ENSEMBLE_Corn_Winter_PRCP_DEP/daily dia 04 (2026-09-26 → 2026-09-26) 46760 bytes
2026-09-22 09:34:51,957 [INFO] [OK] Brazil/ECM_ENSEMBLE_Corn_Winter_PRCP_DEP/daily dia 05 (2026-09-27 → 2026-09-27) 46840 bytes
2026-09-22 09:34:52,137 [INFO] [OK] Brazil/ECM_ENSEMBLE_Corn_Winter_PRCP_DEP/daily dia 03 (2026-09-25 → 2026-09-25) 45573 bytes
2026-09-22 09:34:52,592 [INFO] [OK] Brazil/ECM_ENSEMBLE_Corn_Winter_PRCP_DEP/daily dia 07 (2026-09-29 → 2026-09-29) 50152 bytes
2026-09-22 09:34:52,745 [INFO] [OK] Brazil/ECM_ENSEMBLE_Corn_Winter_PRCP_DEP/daily dia 06 (2026-09-28 → 2026-09-28) 46952 bytes
2026-09-22 09:34:53,582 [INFO] [OK] Brazil/ECM_ENSEMBLE_Corn_Winter_PRCP_DEP/daily dia 09 (2026-10-01 → 2026-10-01) 49841 bytes
2026-09-22 09:34:53,729 [INFO] [OK] Brazil/ECM_ENSEMBLE_Corn_Winter_PRCP_DEP/daily dia 08 (2026-09-30 → 2026-09-30) 50350 bytes
2026-09-22 09:34:53,933 [INFO] [OK] Brazil/ECM_ENSEMBLE_Corn_Winter_PRCP_DEP/daily dia 10 (2026-10-02 → 2026-10-02) 51761 bytes
2026-09-22 09:34:54,623 [INFO] [OK] Brazil/ECM_ENSEMBLE_Corn_Winter_PRCP_DEP/daily dia 11 (2026-10-03 → 2026-10-03) 50193 bytes
2026-09-22 09:34:55,335 [INFO] [OK] Brazil/ECM_ENSEMBLE_Corn_Winter_PRCP_DEP/daily dia 13 (2026-10-05 → 2026-10-05) 49895 bytes
2026-09-22 09:34:55,339 [INFO] [OK] Brazil/ECM_ENSEMBLE_Corn_Winter_PRCP_DEP/daily dia 14 (2026-10-06 → 2026-10-06) 52242 bytes
2026-09-22 09:34:55,395 [INFO] [OK] Brazil/ECM_ENSEMBLE_Corn_Winter_PRCP_DEP/daily dia 12 (2026-10-04 → 2026-10-04) 48139 bytes
2026-09-22 09:34:55,685 [INFO] [OK] Brazil/ECM_ENSEMBLE_Corn_Winter_PRCP_DEP/cumulative dia 00 (2026-09-22 → 2026-09-22) 44433 bytes
2026-09-22 09:34:56,334 [INFO] [OK] Brazil/ECM_ENSEMBLE_Corn_Winter_PRCP_DEP/cumulative dia 01 (2026-09-22 → 2026-09-23) 45686 bytes
2026-09-22 09:34:57,012 [INFO] [OK] Brazil/ECM_ENSEMBLE_Corn_Winter_PRCP_DEP/cumulative dia 02 (2026-09-22 → 2026-09-24) 47304 bytes
2026-09-22 09:34:57,578 [INFO] [OK] Brazil/ECM_ENSEMBLE_Corn_Winter_PRCP_DEP/cumulative dia 04 (2026-09-22 → 2026-09-26) 50391 bytes
2026-09-22 09:34:57,847 [INFO] [OK] Brazil/ECM_ENSEMBLE_Corn_Winter_PRCP_DEP/cumulative dia 03 (2026-09-22 → 2026-09-25) 48727 bytes
2026-09-22 09:34:58,104 [INFO] [OK] Brazil/ECM_ENSEMBLE_Corn_Winter_PRCP_DEP/cumulative dia 05 (2026-09-22 → 2026-09-27) 51918 bytes
2026-09-22 09:34:58,196 [INFO] [OK] Brazil/ECM_ENSEMBLE_Corn_Winter_PRCP_DEP/cumulative dia 06 (2026-09-22 → 2026-09-28) 52763 bytes
2026-09-22 09:34:59,430 [INFO] [OK] Brazil/ECM_ENSEMBLE_Corn_Winter_PRCP_DEP/cumulative dia 07 (2026-09-22 → 2026-09-29) 52975 bytes
2026-09-22 09:34:59,735 [INFO] [OK] Brazil/ECM_ENSEMBLE_Corn_Winter_PRCP_DEP/cumulative dia 08 (2026-09-22 → 2026-09-30) 52461 bytes
2026-09-22 09:35:00,097 [INFO] [OK] Brazil/ECM_ENSEMBLE_Corn_Winter_PRCP_DEP/cumulative dia 09 (2026-09-22 → 2026-10-01) 52200 bytes
2026-09-22 09:35:00,767 [INFO] [OK] Brazil/ECM_ENSEMBLE_Corn_Winter_PRCP_DEP/cumulative dia 10 (2026-09-22 → 2026-10-02) 52077 bytes
2026-09-22 09:35:01,258 [INFO] [OK] Brazil/ECM_ENSEMBLE_Corn_Winter_PRCP_DEP/cumulative dia 12 (2026-09-22 → 2026-10-04) 50840 bytes
2026-09-22 09:35:01,295 [INFO] [OK] Brazil/ECM_ENSEMBLE_Corn_Winter_PRCP_DEP/cumulative dia 11 (2026-09-22 → 2026-10-03) 51227 bytes
2026-09-22 09:35:01,821 [INFO] [OK] Brazil/ECM_ENSEMBLE_Corn_Winter_PRCP/daily dia 00 (2026-09-22 → 2026-09-22) 31897 bytes
2026-09-22 09:35:02,480 [INFO] [OK] Brazil/ECM_ENSEMBLE_Corn_Winter_PRCP/daily dia 01 (2026-09-23 → 2026-09-23) 30473 bytes
2026-09-22 09:35:02,567 [INFO] [OK] Brazil/ECM_ENSEMBLE_Corn_Winter_PRCP_DEP/cumulative dia 13 (2026-09-22 → 2026-10-05) 50445 bytes
2026-09-22 09:35:02,766 [INFO] [OK] Brazil/ECM_ENSEMBLE_Corn_Winter_PRCP_DEP/cumulative dia 14 (2026-09-22 → 2026-10-06) 50533 bytes
2026-09-22 09:35:02,999 [INFO] [OK] Brazil/ECM_ENSEMBLE_Corn_Winter_PRCP/daily dia 03 (2026-09-25 → 2026-09-25) 28975 bytes
2026-09-22 09:35:03,619 [INFO] [OK] Brazil/ECM_ENSEMBLE_Corn_Winter_PRCP/daily dia 02 (2026-09-24 → 2026-09-24) 29798 bytes
2026-09-22 09:35:03,661 [INFO] [OK] Brazil/ECM_ENSEMBLE_Corn_Winter_PRCP/daily dia 04 (2026-09-26 → 2026-09-26) 29226 bytes
2026-09-22 09:35:04,234 [INFO] [OK] Brazil/ECM_ENSEMBLE_Corn_Winter_PRCP/daily dia 05 (2026-09-27 → 2026-09-27) 29987 bytes
2026-09-22 09:35:04,318 [INFO] [OK] Brazil/ECM_ENSEMBLE_Corn_Winter_PRCP/daily dia 07 (2026-09-29 → 2026-09-29) 33342 bytes
2026-09-22 09:35:04,387 [INFO] [OK] Brazil/ECM_ENSEMBLE_Corn_Winter_PRCP/daily dia 06 (2026-09-28 → 2026-09-28) 32301 bytes
2026-09-22 09:35:04,576 [INFO] [OK] Brazil/ECM_ENSEMBLE_Corn_Winter_PRCP/daily dia 08 (2026-09-30 → 2026-09-30) 32320 bytes
2026-09-22 09:35:05,338 [INFO] [OK] Brazil/ECM_ENSEMBLE_Corn_Winter_PRCP/daily dia 10 (2026-10-02 → 2026-10-02) 30606 bytes
2026-09-22 09:35:05,477 [INFO] [OK] Brazil/ECM_ENSEMBLE_Corn_Winter_PRCP/daily dia 09 (2026-10-01 → 2026-10-01) 31039 bytes
2026-09-22 09:35:05,927 [INFO] [OK] Brazil/ECM_ENSEMBLE_Corn_Winter_PRCP/daily dia 12 (2026-10-04 → 2026-10-04) 32620 bytes
2026-09-22 09:35:06,339 [INFO] [OK] Brazil/ECM_ENSEMBLE_Corn_Winter_PRCP/daily dia 13 (2026-10-05 → 2026-10-05) 31856 bytes
2026-09-22 09:35:06,339 [INFO] [OK] Brazil/ECM_ENSEMBLE_Corn_Winter_PRCP/daily dia 14 (2026-10-06 → 2026-10-06) 30780 bytes
2026-09-22 09:35:06,343 [INFO] [OK] Brazil/ECM_ENSEMBLE_Corn_Winter_PRCP/daily dia 11 (2026-10-03 → 2026-10-03) 32224 bytes
2026-09-22 09:35:07,069 [INFO] [OK] Brazil/ECM_ENSEMBLE_Corn_Winter_PRCP/cumulative dia 00 (2026-09-22 → 2026-09-22) 31897 bytes
2026-09-22 09:35:07,884 [INFO] [OK] Brazil/ECM_ENSEMBLE_Corn_Winter_PRCP/cumulative dia 02 (2026-09-22 → 2026-09-24) 34728 bytes
2026-09-22 09:35:08,600 [INFO] [OK] Brazil/ECM_ENSEMBLE_Corn_Winter_PRCP/cumulative dia 01 (2026-09-22 → 2026-09-23) 33683 bytes
2026-09-22 09:35:08,633 [INFO] [OK] Brazil/ECM_ENSEMBLE_Corn_Winter_PRCP/cumulative dia 04 (2026-09-22 → 2026-09-26) 37572 bytes
2026-09-22 09:35:08,977 [INFO] [OK] Brazil/ECM_ENSEMBLE_Corn_Winter_PRCP/cumulative dia 05 (2026-09-22 → 2026-09-27) 38986 bytes
2026-09-22 09:35:09,094 [INFO] [OK] Brazil/ECM_ENSEMBLE_Corn_Winter_PRCP/cumulative dia 03 (2026-09-22 → 2026-09-25) 35888 bytes
2026-09-22 09:35:09,377 [INFO] [OK] Brazil/ECM_ENSEMBLE_Corn_Winter_PRCP/cumulative dia 06 (2026-09-22 → 2026-09-28) 40639 bytes
2026-09-22 09:35:11,135 [INFO] [OK] Brazil/ECM_ENSEMBLE_Corn_Winter_PRCP/cumulative dia 07 (2026-09-22 → 2026-09-29) 42174 bytes
2026-09-22 09:35:11,287 [INFO] [OK] Brazil/ECM_ENSEMBLE_Corn_Winter_PRCP/cumulative dia 09 (2026-09-22 → 2026-10-01) 43237 bytes
2026-09-22 09:35:11,411 [INFO] [OK] Brazil/ECM_ENSEMBLE_Corn_Winter_PRCP/cumulative dia 08 (2026-09-22 → 2026-09-30) 42735 bytes
2026-09-22 09:35:12,013 [INFO] [OK] Brazil/ECM_ENSEMBLE_Corn_Winter_PRCP/cumulative dia 10 (2026-09-22 → 2026-10-02) 43478 bytes
2026-09-22 09:35:12,223 [INFO] [OK] Brazil/ECM_ENSEMBLE_Corn_Winter_PRCP/cumulative dia 11 (2026-09-22 → 2026-10-03) 43736 bytes
2026-09-22 09:35:12,454 [INFO] [OK] Brazil/ECM_ENSEMBLE_Corn_Winter_PRCP/cumulative dia 12 (2026-09-22 → 2026-10-04) 44075 bytes
2026-09-22 09:35:13,020 [INFO] [OK] Argentina/GFS_ENSEMBLE_Soy_PRCP_DEP/daily dia 00 (2026-09-22 → 2026-09-22) 34344 bytes
2026-09-22 09:35:13,470 [INFO] [OK] Argentina/GFS_ENSEMBLE_Soy_PRCP_DEP/daily dia 01 (2026-09-23 → 2026-09-23) 32809 bytes
2026-09-22 09:35:13,652 [INFO] [OK] Argentina/GFS_ENSEMBLE_Soy_PRCP_DEP/daily dia 02 (2026-09-24 → 2026-09-24) 32675 bytes
2026-09-22 09:35:13,911 [INFO] [OK] Argentina/GFS_ENSEMBLE_Soy_PRCP_DEP/daily dia 03 (2026-09-25 → 2026-09-25) 32688 bytes
2026-09-22 09:35:13,965 [INFO] [OK] Brazil/ECM_ENSEMBLE_Corn_Winter_PRCP/cumulative dia 14 (2026-09-22 → 2026-10-06) 44319 bytes
2026-09-22 09:35:14,592 [INFO] [OK] Brazil/ECM_ENSEMBLE_Corn_Winter_PRCP/cumulative dia 13 (2026-09-22 → 2026-10-05) 44318 bytes
2026-09-22 09:35:14,594 [INFO] [OK] Argentina/GFS_ENSEMBLE_Soy_PRCP_DEP/daily dia 04 (2026-09-26 → 2026-09-26) 34726 bytes
2026-09-22 09:35:14,913 [INFO] [OK] Argentina/GFS_ENSEMBLE_Soy_PRCP_DEP/daily dia 05 (2026-09-27 → 2026-09-27) 38777 bytes
2026-09-22 09:35:15,313 [INFO] [OK] Argentina/GFS_ENSEMBLE_Soy_PRCP_DEP/daily dia 08 (2026-09-30 → 2026-09-30) 40949 bytes
2026-09-22 09:35:15,439 [INFO] [OK] Argentina/GFS_ENSEMBLE_Soy_PRCP_DEP/daily dia 06 (2026-09-28 → 2026-09-28) 40543 bytes
2026-09-22 09:35:15,472 [INFO] [OK] Argentina/GFS_ENSEMBLE_Soy_PRCP_DEP/daily dia 07 (2026-09-29 → 2026-09-29) 40231 bytes
2026-09-22 09:35:16,400 [INFO] [OK] Argentina/GFS_ENSEMBLE_Soy_PRCP_DEP/daily dia 10 (2026-10-02 → 2026-10-02) 41115 bytes
2026-09-22 09:35:16,438 [INFO] [OK] Argentina/GFS_ENSEMBLE_Soy_PRCP_DEP/daily dia 11 (2026-10-03 → 2026-10-03) 44367 bytes
2026-09-22 09:35:16,727 [INFO] [OK] Argentina/GFS_ENSEMBLE_Soy_PRCP_DEP/daily dia 12 (2026-10-04 → 2026-10-04) 44741 bytes
2026-09-22 09:35:16,777 [INFO] [OK] Argentina/GFS_ENSEMBLE_Soy_PRCP_DEP/daily dia 09 (2026-10-01 → 2026-10-01) 40416 bytes
2026-09-22 09:35:17,023 [INFO] [OK] Argentina/GFS_ENSEMBLE_Soy_PRCP_DEP/daily dia 13 (2026-10-05 → 2026-10-05) 43262 bytes
2026-09-22 09:35:17,394 [INFO] [OK] Argentina/GFS_ENSEMBLE_Soy_PRCP_DEP/daily dia 14 (2026-10-06 → 2026-10-06) 43317 bytes
2026-09-22 09:35:17,741 [INFO] [OK] Argentina/GFS_ENSEMBLE_Soy_PRCP_DEP/cumulative dia 01 (2026-09-22 → 2026-09-23) 34528 bytes
2026-09-22 09:35:17,766 [INFO] [OK] Argentina/GFS_ENSEMBLE_Soy_PRCP_DEP/cumulative dia 00 (2026-09-22 → 2026-09-22) 34344 bytes
2026-09-22 09:35:18,037 [INFO] [OK] Argentina/GFS_ENSEMBLE_Soy_PRCP_DEP/cumulative dia 02 (2026-09-22 → 2026-09-24) 35261 bytes
2026-09-22 09:35:18,487 [INFO] [OK] Argentina/GFS_ENSEMBLE_Soy_PRCP_DEP/cumulative dia 03 (2026-09-22 → 2026-09-25) 35809 bytes
2026-09-22 09:35:18,569 [INFO] [OK] Argentina/GFS_ENSEMBLE_Soy_PRCP_DEP/cumulative dia 04 (2026-09-22 → 2026-09-26) 37283 bytes
2026-09-22 09:35:19,020 [INFO] [OK] Argentina/GFS_ENSEMBLE_Soy_PRCP_DEP/cumulative dia 05 (2026-09-22 → 2026-09-27) 40228 bytes
2026-09-22 09:35:19,479 [INFO] [OK] Argentina/GFS_ENSEMBLE_Soy_PRCP_DEP/cumulative dia 07 (2026-09-22 → 2026-09-29) 42665 bytes
2026-09-22 09:35:19,548 [INFO] [OK] Argentina/GFS_ENSEMBLE_Soy_PRCP_DEP/cumulative dia 06 (2026-09-22 → 2026-09-28) 41997 bytes
2026-09-22 09:35:19,621 [INFO] [OK] Argentina/GFS_ENSEMBLE_Soy_PRCP_DEP/cumulative dia 08 (2026-09-22 → 2026-09-30) 43050 bytes
2026-09-22 09:35:20,568 [INFO] [OK] Argentina/GFS_ENSEMBLE_Soy_PRCP_DEP/cumulative dia 09 (2026-09-22 → 2026-10-01) 43449 bytes
2026-09-22 09:35:20,922 [INFO] [OK] Argentina/GFS_ENSEMBLE_Soy_PRCP_DEP/cumulative dia 10 (2026-09-22 → 2026-10-02) 43300 bytes
2026-09-22 09:35:21,147 [INFO] [OK] Argentina/GFS_ENSEMBLE_Soy_PRCP_DEP/cumulative dia 11 (2026-09-22 → 2026-10-03) 43481 bytes
2026-09-22 09:35:21,907 [INFO] [OK] Argentina/GFS_ENSEMBLE_Soy_PRCP_DEP/cumulative dia 14 (2026-09-22 → 2026-10-06) 43435 bytes
2026-09-22 09:35:22,105 [INFO] [OK] Argentina/GFS_ENSEMBLE_Soy_PRCP_DEP/cumulative dia 12 (2026-09-22 → 2026-10-04) 43309 bytes
2026-09-22 09:35:22,129 [INFO] [OK] Argentina/GFS_ENSEMBLE_Soy_PRCP/daily dia 00 (2026-09-22 → 2026-09-22) 29040 bytes
2026-09-22 09:35:22,190 [INFO] [OK] Argentina/GFS_ENSEMBLE_Soy_PRCP/daily dia 01 (2026-09-23 → 2026-09-23) 29010 bytes
2026-09-22 09:35:22,297 [INFO] [OK] Argentina/GFS_ENSEMBLE_Soy_PRCP_DEP/cumulative dia 13 (2026-09-22 → 2026-10-05) 43492 bytes
2026-09-22 09:35:22,727 [INFO] [OK] Argentina/GFS_ENSEMBLE_Soy_PRCP/daily dia 02 (2026-09-24 → 2026-09-24) 28761 bytes
2026-09-22 09:35:23,132 [INFO] [OK] Argentina/GFS_ENSEMBLE_Soy_PRCP/daily dia 03 (2026-09-25 → 2026-09-25) 26812 bytes
2026-09-22 09:35:23,395 [INFO] [OK] Argentina/GFS_ENSEMBLE_Soy_PRCP/daily dia 04 (2026-09-26 → 2026-09-26) 27539 bytes
2026-09-22 09:35:23,598 [INFO] [OK] Argentina/GFS_ENSEMBLE_Soy_PRCP/daily dia 07 (2026-09-29 → 2026-09-29) 30745 bytes
2026-09-22 09:35:23,601 [INFO] [OK] Argentina/GFS_ENSEMBLE_Soy_PRCP/daily dia 06 (2026-09-28 → 2026-09-28) 29834 bytes
2026-09-22 09:35:23,675 [INFO] [OK] Argentina/GFS_ENSEMBLE_Soy_PRCP/daily dia 05 (2026-09-27 → 2026-09-27) 28904 bytes
2026-09-22 09:35:24,182 [INFO] [OK] Argentina/GFS_ENSEMBLE_Soy_PRCP/daily dia 08 (2026-09-30 → 2026-09-30) 30375 bytes
2026-09-22 09:35:24,394 [INFO] [OK] Argentina/GFS_ENSEMBLE_Soy_PRCP/daily dia 09 (2026-10-01 → 2026-10-01) 29441 bytes
2026-09-22 09:35:24,635 [INFO] [OK] Argentina/GFS_ENSEMBLE_Soy_PRCP/daily dia 10 (2026-10-02 → 2026-10-02) 28638 bytes
2026-09-22 09:35:24,925 [INFO] [OK] Argentina/GFS_ENSEMBLE_Soy_PRCP/daily dia 12 (2026-10-04 → 2026-10-04) 30370 bytes
2026-09-22 09:35:25,303 [INFO] [OK] Argentina/GFS_ENSEMBLE_Soy_PRCP/daily dia 11 (2026-10-03 → 2026-10-03) 29431 bytes
2026-09-22 09:35:25,408 [INFO] [OK] Argentina/GFS_ENSEMBLE_Soy_PRCP/daily dia 13 (2026-10-05 → 2026-10-05) 29905 bytes
2026-09-22 09:35:25,678 [INFO] [OK] Argentina/GFS_ENSEMBLE_Soy_PRCP/daily dia 14 (2026-10-06 → 2026-10-06) 29187 bytes
2026-09-22 09:35:25,685 [INFO] [OK] Argentina/GFS_ENSEMBLE_Soy_PRCP/cumulative dia 00 (2026-09-22 → 2026-09-22) 29040 bytes
2026-09-22 09:35:26,020 [INFO] [OK] Argentina/GFS_ENSEMBLE_Soy_PRCP/cumulative dia 01 (2026-09-22 → 2026-09-23) 30618 bytes
2026-09-22 09:35:26,407 [INFO] [OK] Argentina/GFS_ENSEMBLE_Soy_PRCP/cumulative dia 02 (2026-09-22 → 2026-09-24) 31917 bytes
2026-09-22 09:35:27,168 [INFO] [OK] Argentina/GFS_ENSEMBLE_Soy_PRCP/cumulative dia 04 (2026-09-22 → 2026-09-26) 33399 bytes
2026-09-22 09:35:27,213 [INFO] [OK] Argentina/GFS_ENSEMBLE_Soy_PRCP/cumulative dia 05 (2026-09-22 → 2026-09-27) 34651 bytes
2026-09-22 09:35:27,546 [INFO] [OK] Argentina/GFS_ENSEMBLE_Soy_PRCP/cumulative dia 03 (2026-09-22 → 2026-09-25) 32198 bytes
2026-09-22 09:35:27,771 [INFO] [OK] Argentina/GFS_ENSEMBLE_Soy_PRCP/cumulative dia 06 (2026-09-22 → 2026-09-28) 36825 bytes
2026-09-22 09:35:27,867 [INFO] [OK] Argentina/GFS_ENSEMBLE_Soy_PRCP/cumulative dia 07 (2026-09-22 → 2026-09-29) 37762 bytes
2026-09-22 09:35:28,439 [INFO] [OK] Argentina/GFS_ENSEMBLE_Soy_PRCP/cumulative dia 08 (2026-09-22 → 2026-09-30) 37988 bytes
2026-09-22 09:35:29,091 [INFO] [OK] Argentina/GFS_ENSEMBLE_Soy_PRCP/cumulative dia 10 (2026-09-22 → 2026-10-02) 38876 bytes
2026-09-22 09:35:29,111 [INFO] [OK] Argentina/GFS_ENSEMBLE_Soy_PRCP/cumulative dia 09 (2026-09-22 → 2026-10-01) 38437 bytes
2026-09-22 09:35:30,072 [INFO] [OK] Argentina/GFS_ENSEMBLE_Soy_PRCP/cumulative dia 11 (2026-09-22 → 2026-10-03) 38791 bytes
2026-09-22 09:35:30,237 [INFO] [OK] Argentina/GFS_ENSEMBLE_Soy_PRCP/cumulative dia 13 (2026-09-22 → 2026-10-05) 39602 bytes
2026-09-22 09:35:30,291 [INFO] [OK] Argentina/GFS_ENSEMBLE_Corn_Winter_PRCP_DEP/daily dia 00 (2026-09-22 → 2026-09-22) 32640 bytes
2026-09-22 09:35:30,650 [INFO] [OK] Argentina/GFS_ENSEMBLE_Soy_PRCP/cumulative dia 12 (2026-09-22 → 2026-10-04) 39035 bytes
2026-09-22 09:35:30,771 [INFO] [OK] Argentina/GFS_ENSEMBLE_Soy_PRCP/cumulative dia 14 (2026-09-22 → 2026-10-06) 39742 bytes
2026-09-22 09:35:30,790 [INFO] [OK] Argentina/GFS_ENSEMBLE_Corn_Winter_PRCP_DEP/daily dia 01 (2026-09-23 → 2026-09-23) 31314 bytes
2026-09-22 09:35:31,708 [INFO] [OK] Argentina/GFS_ENSEMBLE_Corn_Winter_PRCP_DEP/daily dia 02 (2026-09-24 → 2026-09-24) 30981 bytes
2026-09-22 09:35:31,769 [INFO] [OK] Argentina/GFS_ENSEMBLE_Corn_Winter_PRCP_DEP/daily dia 04 (2026-09-26 → 2026-09-26) 32921 bytes
2026-09-22 09:35:31,831 [INFO] [OK] Argentina/GFS_ENSEMBLE_Corn_Winter_PRCP_DEP/daily dia 03 (2026-09-25 → 2026-09-25) 30954 bytes
2026-09-22 09:35:32,520 [INFO] [OK] Argentina/GFS_ENSEMBLE_Corn_Winter_PRCP_DEP/daily dia 07 (2026-09-29 → 2026-09-29) 38582 bytes
2026-09-22 09:35:32,524 [INFO] [OK] Argentina/GFS_ENSEMBLE_Corn_Winter_PRCP_DEP/daily dia 06 (2026-09-28 → 2026-09-28) 39253 bytes
2026-09-22 09:35:32,525 [INFO] [OK] Argentina/GFS_ENSEMBLE_Corn_Winter_PRCP_DEP/daily dia 05 (2026-09-27 → 2026-09-27) 37052 bytes
2026-09-22 09:35:33,347 [INFO] [OK] Argentina/GFS_ENSEMBLE_Corn_Winter_PRCP_DEP/daily dia 09 (2026-10-01 → 2026-10-01) 38647 bytes
2026-09-22 09:35:33,413 [INFO] [OK] Argentina/GFS_ENSEMBLE_Corn_Winter_PRCP_DEP/daily dia 10 (2026-10-02 → 2026-10-02) 39560 bytes
2026-09-22 09:35:33,990 [INFO] [OK] Argentina/GFS_ENSEMBLE_Corn_Winter_PRCP_DEP/daily dia 13 (2026-10-05 → 2026-10-05) 41615 bytes
2026-09-22 09:35:34,215 [INFO] [OK] Argentina/GFS_ENSEMBLE_Corn_Winter_PRCP_DEP/daily dia 11 (2026-10-03 → 2026-10-03) 42514 bytes
2026-09-22 09:35:34,217 [INFO] [OK] Argentina/GFS_ENSEMBLE_Corn_Winter_PRCP_DEP/daily dia 08 (2026-09-30 → 2026-09-30) 39124 bytes
2026-09-22 09:35:34,355 [INFO] [OK] Argentina/GFS_ENSEMBLE_Corn_Winter_PRCP_DEP/daily dia 12 (2026-10-04 → 2026-10-04) 43247 bytes
2026-09-22 09:35:34,917 [INFO] [OK] Argentina/GFS_ENSEMBLE_Corn_Winter_PRCP_DEP/daily dia 14 (2026-10-06 → 2026-10-06) 41835 bytes
2026-09-22 09:35:35,062 [INFO] [OK] Argentina/GFS_ENSEMBLE_Corn_Winter_PRCP_DEP/cumulative dia 00 (2026-09-22 → 2026-09-22) 32640 bytes
2026-09-22 09:35:35,338 [INFO] [OK] Argentina/GFS_ENSEMBLE_Corn_Winter_PRCP_DEP/cumulative dia 01 (2026-09-22 → 2026-09-23) 33015 bytes
2026-09-22 09:35:35,757 [INFO] [OK] Argentina/GFS_ENSEMBLE_Corn_Winter_PRCP_DEP/cumulative dia 03 (2026-09-22 → 2026-09-25) 34236 bytes
2026-09-22 09:35:36,468 [INFO] [OK] Argentina/GFS_ENSEMBLE_Corn_Winter_PRCP_DEP/cumulative dia 04 (2026-09-22 → 2026-09-26) 35814 bytes
2026-09-22 09:35:36,589 [INFO] [OK] Argentina/GFS_ENSEMBLE_Corn_Winter_PRCP_DEP/cumulative dia 02 (2026-09-22 → 2026-09-24) 33653 bytes
2026-09-22 09:35:36,867 [INFO] [OK] Argentina/GFS_ENSEMBLE_Corn_Winter_PRCP_DEP/cumulative dia 05 (2026-09-22 → 2026-09-27) 38520 bytes
2026-09-22 09:35:37,100 [INFO] [OK] Argentina/GFS_ENSEMBLE_Corn_Winter_PRCP_DEP/cumulative dia 06 (2026-09-22 → 2026-09-28) 40309 bytes
2026-09-22 09:35:37,144 [INFO] [OK] Argentina/GFS_ENSEMBLE_Corn_Winter_PRCP_DEP/cumulative dia 07 (2026-09-22 → 2026-09-29) 40984 bytes
2026-09-22 09:35:37,746 [INFO] [OK] Argentina/GFS_ENSEMBLE_Corn_Winter_PRCP_DEP/cumulative dia 08 (2026-09-22 → 2026-09-30) 41369 bytes
2026-09-22 09:35:38,874 [INFO] [OK] Argentina/GFS_ENSEMBLE_Corn_Winter_PRCP_DEP/cumulative dia 09 (2026-09-22 → 2026-10-01) 41706 bytes
2026-09-22 09:35:39,027 [INFO] [OK] Argentina/GFS_ENSEMBLE_Corn_Winter_PRCP_DEP/cumulative dia 11 (2026-09-22 → 2026-10-03) 41548 bytes
2026-09-22 09:35:39,342 [INFO] [OK] Argentina/GFS_ENSEMBLE_Corn_Winter_PRCP_DEP/cumulative dia 13 (2026-09-22 → 2026-10-05) 41696 bytes
2026-09-22 09:35:39,558 [INFO] [OK] Argentina/GFS_ENSEMBLE_Corn_Winter_PRCP_DEP/cumulative dia 12 (2026-09-22 → 2026-10-04) 41478 bytes
2026-09-22 09:35:40,192 [INFO] [OK] Argentina/GFS_ENSEMBLE_Corn_Winter_PRCP_DEP/cumulative dia 14 (2026-09-22 → 2026-10-06) 41672 bytes
2026-09-22 09:35:40,447 [INFO] [OK] Argentina/GFS_ENSEMBLE_Corn_Winter_PRCP_DEP/cumulative dia 10 (2026-09-22 → 2026-10-02) 41346 bytes
2026-09-22 09:35:40,550 [INFO] [OK] Argentina/GFS_ENSEMBLE_Corn_Winter_PRCP/daily dia 00 (2026-09-22 → 2026-09-22) 27145 bytes
2026-09-22 09:35:40,658 [INFO] [OK] Argentina/GFS_ENSEMBLE_Corn_Winter_PRCP/daily dia 02 (2026-09-24 → 2026-09-24) 26846 bytes
2026-09-22 09:35:40,729 [INFO] [OK] Argentina/GFS_ENSEMBLE_Corn_Winter_PRCP/daily dia 01 (2026-09-23 → 2026-09-23) 27157 bytes
2026-09-22 09:35:41,720 [INFO] [OK] Argentina/GFS_ENSEMBLE_Corn_Winter_PRCP/daily dia 04 (2026-09-26 → 2026-09-26) 25565 bytes
2026-09-22 09:35:41,841 [INFO] [OK] Argentina/GFS_ENSEMBLE_Corn_Winter_PRCP/daily dia 03 (2026-09-25 → 2026-09-25) 24914 bytes
2026-09-22 09:35:42,067 [INFO] [OK] Argentina/GFS_ENSEMBLE_Corn_Winter_PRCP/daily dia 07 (2026-09-29 → 2026-09-29) 28593 bytes
2026-09-22 09:35:42,193 [INFO] [OK] Argentina/GFS_ENSEMBLE_Corn_Winter_PRCP/daily dia 06 (2026-09-28 → 2026-09-28) 27965 bytes
2026-09-22 09:35:42,270 [INFO] [OK] Argentina/GFS_ENSEMBLE_Corn_Winter_PRCP/daily dia 05 (2026-09-27 → 2026-09-27) 27009 bytes
2026-09-22 09:35:42,364 [INFO] [OK] Argentina/GFS_ENSEMBLE_Corn_Winter_PRCP/daily dia 08 (2026-09-30 → 2026-09-30) 28495 bytes
2026-09-22 09:35:43,274 [INFO] [OK] Argentina/GFS_ENSEMBLE_Corn_Winter_PRCP/daily dia 10 (2026-10-02 → 2026-10-02) 26791 bytes
2026-09-22 09:35:43,412 [INFO] [OK] Argentina/GFS_ENSEMBLE_Corn_Winter_PRCP/daily dia 11 (2026-10-03 → 2026-10-03) 27663 bytes
2026-09-22 09:35:44,013 [INFO] [OK] Argentina/GFS_ENSEMBLE_Corn_Winter_PRCP/daily dia 12 (2026-10-04 → 2026-10-04) 28641 bytes
2026-09-22 09:35:44,014 [INFO] [OK] Argentina/GFS_ENSEMBLE_Corn_Winter_PRCP/daily dia 13 (2026-10-05 → 2026-10-05) 28180 bytes
2026-09-22 09:35:44,047 [INFO] [OK] Argentina/GFS_ENSEMBLE_Corn_Winter_PRCP/daily dia 09 (2026-10-01 → 2026-10-01) 27584 bytes
2026-09-22 09:35:44,207 [INFO] [OK] Argentina/GFS_ENSEMBLE_Corn_Winter_PRCP/daily dia 14 (2026-10-06 → 2026-10-06) 27599 bytes
2026-09-22 09:35:45,704 [INFO] [OK] Argentina/GFS_ENSEMBLE_Corn_Winter_PRCP/cumulative dia 03 (2026-09-22 → 2026-09-25) 30376 bytes
2026-09-22 09:35:45,768 [INFO] [OK] Argentina/GFS_ENSEMBLE_Corn_Winter_PRCP/cumulative dia 04 (2026-09-22 → 2026-09-26) 31586 bytes
2026-09-22 09:35:45,773 [INFO] [OK] Argentina/GFS_ENSEMBLE_Corn_Winter_PRCP/cumulative dia 01 (2026-09-22 → 2026-09-23) 28813 bytes
2026-09-22 09:35:45,931 [INFO] [OK] Argentina/GFS_ENSEMBLE_Corn_Winter_PRCP/cumulative dia 02 (2026-09-22 → 2026-09-24) 30134 bytes
2026-09-22 09:35:46,007 [INFO] [OK] Argentina/GFS_ENSEMBLE_Corn_Winter_PRCP/cumulative dia 00 (2026-09-22 → 2026-09-22) 27145 bytes
2026-09-22 09:35:46,335 [INFO] [OK] Argentina/GFS_ENSEMBLE_Corn_Winter_PRCP/cumulative dia 05 (2026-09-22 → 2026-09-27) 32946 bytes
2026-09-22 09:35:47,465 [INFO] [OK] Argentina/GFS_ENSEMBLE_Corn_Winter_PRCP/cumulative dia 06 (2026-09-22 → 2026-09-28) 35100 bytes
2026-09-22 09:35:47,868 [INFO] [OK] Argentina/GFS_ENSEMBLE_Corn_Winter_PRCP/cumulative dia 08 (2026-09-22 → 2026-09-30) 36109 bytes
2026-09-22 09:35:48,219 [INFO] [OK] Argentina/GFS_ENSEMBLE_Corn_Winter_PRCP/cumulative dia 09 (2026-09-22 → 2026-10-01) 36473 bytes
2026-09-22 09:35:48,345 [INFO] [OK] Argentina/GFS_ENSEMBLE_Corn_Winter_PRCP/cumulative dia 07 (2026-09-22 → 2026-09-29) 35971 bytes
2026-09-22 09:35:48,880 [INFO] [OK] Argentina/GFS_ENSEMBLE_Corn_Winter_PRCP/cumulative dia 10 (2026-09-22 → 2026-10-02) 37085 bytes
2026-09-22 09:35:49,009 [INFO] [OK] Argentina/GFS_ENSEMBLE_Corn_Winter_PRCP/cumulative dia 11 (2026-09-22 → 2026-10-03) 36864 bytes
2026-09-22 09:35:49,892 [INFO] [OK] Argentina/GFS_ENSEMBLE_Corn_Winter_PRCP/cumulative dia 12 (2026-09-22 → 2026-10-04) 37394 bytes
2026-09-22 09:35:50,274 [INFO] [OK] Argentina/GFS_ENSEMBLE_Corn_Winter_PRCP/cumulative dia 13 (2026-09-22 → 2026-10-05) 37885 bytes
2026-09-22 09:35:50,545 [INFO] [OK] Argentina/ECM_ENSEMBLE_Soy_PRCP_DEP/daily dia 00 (2026-09-22 → 2026-09-22) 38311 bytes
2026-09-22 09:35:50,591 [INFO] [OK] Argentina/ECM_ENSEMBLE_Soy_PRCP_DEP/daily dia 01 (2026-09-23 → 2026-09-23) 33987 bytes
2026-09-22 09:35:50,621 [INFO] [OK] Argentina/ECM_ENSEMBLE_Soy_PRCP_DEP/daily dia 02 (2026-09-24 → 2026-09-24) 33976 bytes
2026-09-22 09:35:50,822 [INFO] [OK] Argentina/GFS_ENSEMBLE_Corn_Winter_PRCP/cumulative dia 14 (2026-09-22 → 2026-10-06) 37986 bytes
2026-09-22 09:35:51,761 [INFO] [OK] Argentina/ECM_ENSEMBLE_Soy_PRCP_DEP/daily dia 04 (2026-09-26 → 2026-09-26) 36654 bytes
2026-09-22 09:35:52,095 [INFO] [OK] Argentina/ECM_ENSEMBLE_Soy_PRCP_DEP/daily dia 03 (2026-09-25 → 2026-09-25) 34650 bytes
2026-09-22 09:35:52,421 [INFO] [OK] Argentina/ECM_ENSEMBLE_Soy_PRCP_DEP/daily dia 05 (2026-09-27 → 2026-09-27) 37003 bytes
2026-09-22 09:35:52,757 [INFO] [OK] Argentina/ECM_ENSEMBLE_Soy_PRCP_DEP/daily dia 07 (2026-09-29 → 2026-09-29) 40318 bytes
2026-09-22 09:35:52,906 [INFO] [OK] Argentina/ECM_ENSEMBLE_Soy_PRCP_DEP/daily dia 08 (2026-09-30 → 2026-09-30) 41663 bytes
2026-09-22 09:35:53,417 [INFO] [OK] Argentina/ECM_ENSEMBLE_Soy_PRCP_DEP/daily dia 06 (2026-09-28 → 2026-09-28) 37064 bytes
2026-09-22 09:35:53,477 [INFO] [OK] Argentina/ECM_ENSEMBLE_Soy_PRCP_DEP/daily dia 09 (2026-10-01 → 2026-10-01) 41046 bytes
2026-09-22 09:35:54,177 [INFO] [OK] Argentina/ECM_ENSEMBLE_Soy_PRCP_DEP/daily dia 11 (2026-10-03 → 2026-10-03) 42330 bytes
2026-09-22 09:35:54,542 [INFO] [OK] Argentina/ECM_ENSEMBLE_Soy_PRCP_DEP/daily dia 10 (2026-10-02 → 2026-10-02) 44441 bytes
2026-09-22 09:35:54,808 [INFO] [OK] Argentina/ECM_ENSEMBLE_Soy_PRCP_DEP/daily dia 13 (2026-10-05 → 2026-10-05) 40833 bytes
2026-09-22 09:35:55,186 [INFO] [OK] Argentina/ECM_ENSEMBLE_Soy_PRCP_DEP/cumulative dia 00 (2026-09-22 → 2026-09-22) 38311 bytes
2026-09-22 09:35:55,249 [INFO] [OK] Argentina/ECM_ENSEMBLE_Soy_PRCP_DEP/daily dia 14 (2026-10-06 → 2026-10-06) 43483 bytes
2026-09-22 09:35:55,674 [INFO] [OK] Argentina/ECM_ENSEMBLE_Soy_PRCP_DEP/daily dia 12 (2026-10-04 → 2026-10-04) 40295 bytes
2026-09-22 09:35:56,099 [INFO] [OK] Argentina/ECM_ENSEMBLE_Soy_PRCP_DEP/cumulative dia 01 (2026-09-22 → 2026-09-23) 38598 bytes
2026-09-22 09:35:56,415 [INFO] [OK] Argentina/ECM_ENSEMBLE_Soy_PRCP_DEP/cumulative dia 03 (2026-09-22 → 2026-09-25) 38253 bytes
2026-09-22 09:35:56,579 [INFO] [OK] Argentina/ECM_ENSEMBLE_Soy_PRCP_DEP/cumulative dia 02 (2026-09-22 → 2026-09-24) 38349 bytes
2026-09-22 09:35:57,085 [INFO] [OK] Argentina/ECM_ENSEMBLE_Soy_PRCP_DEP/cumulative dia 05 (2026-09-22 → 2026-09-27) 42238 bytes
2026-09-22 09:35:57,338 [INFO] [OK] Argentina/ECM_ENSEMBLE_Soy_PRCP_DEP/cumulative dia 04 (2026-09-22 → 2026-09-26) 39784 bytes
2026-09-22 09:35:57,777 [INFO] [OK] Argentina/ECM_ENSEMBLE_Soy_PRCP_DEP/cumulative dia 06 (2026-09-22 → 2026-09-28) 43635 bytes
2026-09-22 09:35:58,497 [INFO] [OK] Argentina/ECM_ENSEMBLE_Soy_PRCP_DEP/cumulative dia 08 (2026-09-22 → 2026-09-30) 43482 bytes
2026-09-22 09:35:58,507 [INFO] [OK] Argentina/ECM_ENSEMBLE_Soy_PRCP_DEP/cumulative dia 07 (2026-09-22 → 2026-09-29) 43962 bytes
2026-09-22 09:35:58,655 [INFO] [OK] Argentina/ECM_ENSEMBLE_Soy_PRCP_DEP/cumulative dia 09 (2026-09-22 → 2026-10-01) 43355 bytes
2026-09-22 09:35:59,159 [INFO] [OK] Argentina/ECM_ENSEMBLE_Soy_PRCP_DEP/cumulative dia 10 (2026-09-22 → 2026-10-02) 43490 bytes
2026-09-22 09:35:59,927 [INFO] [OK] Argentina/ECM_ENSEMBLE_Soy_PRCP_DEP/cumulative dia 12 (2026-09-22 → 2026-10-04) 42086 bytes
2026-09-22 09:36:00,041 [INFO] [OK] Argentina/ECM_ENSEMBLE_Soy_PRCP/daily dia 00 (2026-09-22 → 2026-09-22) 30755 bytes
2026-09-22 09:36:00,287 [INFO] [OK] Argentina/ECM_ENSEMBLE_Soy_PRCP_DEP/cumulative dia 11 (2026-09-22 → 2026-10-03) 42524 bytes
2026-09-22 09:36:00,477 [INFO] [OK] Argentina/ECM_ENSEMBLE_Soy_PRCP/daily dia 01 (2026-09-23 → 2026-09-23) 29691 bytes
2026-09-22 09:36:01,088 [INFO] [OK] Argentina/ECM_ENSEMBLE_Soy_PRCP_DEP/cumulative dia 13 (2026-09-22 → 2026-10-05) 41809 bytes
2026-09-22 09:36:01,247 [INFO] [OK] Argentina/ECM_ENSEMBLE_Soy_PRCP_DEP/cumulative dia 14 (2026-09-22 → 2026-10-06) 41961 bytes
2026-09-22 09:36:01,253 [INFO] [OK] Argentina/ECM_ENSEMBLE_Soy_PRCP/daily dia 02 (2026-09-24 → 2026-09-24) 28763 bytes
2026-09-22 09:36:01,379 [INFO] [OK] Argentina/ECM_ENSEMBLE_Soy_PRCP/daily dia 03 (2026-09-25 → 2026-09-25) 26935 bytes
2026-09-22 09:36:01,784 [INFO] [OK] Argentina/ECM_ENSEMBLE_Soy_PRCP/daily dia 05 (2026-09-27 → 2026-09-27) 28743 bytes
2026-09-22 09:36:02,566 [INFO] [OK] Argentina/ECM_ENSEMBLE_Soy_PRCP/daily dia 06 (2026-09-28 → 2026-09-28) 30626 bytes
2026-09-22 09:36:02,569 [INFO] [OK] Argentina/ECM_ENSEMBLE_Soy_PRCP/daily dia 04 (2026-09-26 → 2026-09-26) 27571 bytes
2026-09-22 09:36:02,610 [INFO] [OK] Argentina/ECM_ENSEMBLE_Soy_PRCP/daily dia 07 (2026-09-29 → 2026-09-29) 32582 bytes
2026-09-22 09:36:03,370 [INFO] [OK] Argentina/ECM_ENSEMBLE_Soy_PRCP/daily dia 09 (2026-10-01 → 2026-10-01) 29805 bytes
2026-09-22 09:36:03,453 [INFO] [OK] Argentina/ECM_ENSEMBLE_Soy_PRCP/daily dia 10 (2026-10-02 → 2026-10-02) 29297 bytes
2026-09-22 09:36:03,669 [INFO] [OK] Argentina/ECM_ENSEMBLE_Soy_PRCP/daily dia 08 (2026-09-30 → 2026-09-30) 31116 bytes
2026-09-22 09:36:03,932 [INFO] [OK] Argentina/ECM_ENSEMBLE_Soy_PRCP/daily dia 11 (2026-10-03 → 2026-10-03) 30705 bytes
2026-09-22 09:36:03,932 [INFO] [OK] Argentina/ECM_ENSEMBLE_Soy_PRCP/daily dia 12 (2026-10-04 → 2026-10-04) 30781 bytes
2026-09-22 09:36:04,516 [INFO] [OK] Argentina/ECM_ENSEMBLE_Soy_PRCP/daily dia 13 (2026-10-05 → 2026-10-05) 30606 bytes
2026-09-22 09:36:04,829 [INFO] [OK] Argentina/ECM_ENSEMBLE_Soy_PRCP/daily dia 14 (2026-10-06 → 2026-10-06) 29819 bytes
2026-09-22 09:36:04,962 [INFO] [OK] Argentina/ECM_ENSEMBLE_Soy_PRCP/cumulative dia 00 (2026-09-22 → 2026-09-22) 30755 bytes
2026-09-22 09:36:05,381 [INFO] [OK] Argentina/ECM_ENSEMBLE_Soy_PRCP/cumulative dia 01 (2026-09-22 → 2026-09-23) 32497 bytes
2026-09-22 09:36:05,415 [INFO] [OK] Argentina/ECM_ENSEMBLE_Soy_PRCP/cumulative dia 02 (2026-09-22 → 2026-09-24) 33075 bytes
2026-09-22 09:36:05,515 [INFO] [OK] Argentina/ECM_ENSEMBLE_Soy_PRCP/cumulative dia 03 (2026-09-22 → 2026-09-25) 33298 bytes
2026-09-22 09:36:06,532 [INFO] [OK] Argentina/ECM_ENSEMBLE_Soy_PRCP/cumulative dia 04 (2026-09-22 → 2026-09-26) 34537 bytes
2026-09-22 09:36:06,554 [INFO] [OK] Argentina/ECM_ENSEMBLE_Soy_PRCP/cumulative dia 05 (2026-09-22 → 2026-09-27) 35850 bytes
2026-09-22 09:36:06,807 [INFO] [OK] Argentina/ECM_ENSEMBLE_Soy_PRCP/cumulative dia 06 (2026-09-22 → 2026-09-28) 37971 bytes
2026-09-22 09:36:07,204 [INFO] [OK] Argentina/ECM_ENSEMBLE_Soy_PRCP/cumulative dia 08 (2026-09-22 → 2026-09-30) 39575 bytes
2026-09-22 09:36:07,621 [INFO] [OK] Argentina/ECM_ENSEMBLE_Soy_PRCP/cumulative dia 07 (2026-09-22 → 2026-09-29) 38800 bytes
2026-09-22 09:36:07,626 [INFO] [OK] Argentina/ECM_ENSEMBLE_Soy_PRCP/cumulative dia 09 (2026-09-22 → 2026-10-01) 39756 bytes
2026-09-22 09:36:08,573 [INFO] [OK] Argentina/ECM_ENSEMBLE_Soy_PRCP/cumulative dia 11 (2026-09-22 → 2026-10-03) 39448 bytes
2026-09-22 09:36:09,036 [INFO] [OK] Argentina/ECM_ENSEMBLE_Soy_PRCP/cumulative dia 12 (2026-09-22 → 2026-10-04) 39957 bytes
2026-09-22 09:36:09,064 [INFO] [OK] Argentina/ECM_ENSEMBLE_Soy_PRCP/cumulative dia 10 (2026-09-22 → 2026-10-02) 39336 bytes
2026-09-22 09:36:09,337 [INFO] [OK] Argentina/ECM_ENSEMBLE_Corn_Winter_PRCP_DEP/daily dia 00 (2026-09-22 → 2026-09-22) 36682 bytes
2026-09-22 09:36:09,458 [INFO] [OK] Argentina/ECM_ENSEMBLE_Soy_PRCP/cumulative dia 13 (2026-09-22 → 2026-10-05) 40070 bytes
2026-09-22 09:36:09,670 [INFO] [OK] Argentina/ECM_ENSEMBLE_Soy_PRCP/cumulative dia 14 (2026-09-22 → 2026-10-06) 40025 bytes
2026-09-22 09:36:09,971 [INFO] [OK] Argentina/ECM_ENSEMBLE_Corn_Winter_PRCP_DEP/daily dia 01 (2026-09-23 → 2026-09-23) 32492 bytes
2026-09-22 09:36:10,533 [INFO] [OK] Argentina/ECM_ENSEMBLE_Corn_Winter_PRCP_DEP/daily dia 02 (2026-09-24 → 2026-09-24) 32358 bytes
2026-09-22 09:36:10,596 [INFO] [OK] Argentina/ECM_ENSEMBLE_Corn_Winter_PRCP_DEP/daily dia 03 (2026-09-25 → 2026-09-25) 33008 bytes
2026-09-22 09:36:11,009 [INFO] [OK] Argentina/ECM_ENSEMBLE_Corn_Winter_PRCP_DEP/daily dia 06 (2026-09-28 → 2026-09-28) 35346 bytes
2026-09-22 09:36:11,014 [INFO] [OK] Argentina/ECM_ENSEMBLE_Corn_Winter_PRCP_DEP/daily dia 04 (2026-09-26 → 2026-09-26) 34964 bytes
2026-09-22 09:36:11,528 [INFO] [OK] Argentina/ECM_ENSEMBLE_Corn_Winter_PRCP_DEP/daily dia 07 (2026-09-29 → 2026-09-29) 38713 bytes
2026-09-22 09:36:12,167 [INFO] [OK] Argentina/ECM_ENSEMBLE_Corn_Winter_PRCP_DEP/daily dia 05 (2026-09-27 → 2026-09-27) 35115 bytes
2026-09-22 09:36:12,316 [INFO] [OK] Argentina/ECM_ENSEMBLE_Corn_Winter_PRCP_DEP/daily dia 08 (2026-09-30 → 2026-09-30) 39596 bytes
2026-09-22 09:36:12,328 [INFO] [OK] Argentina/ECM_ENSEMBLE_Corn_Winter_PRCP_DEP/daily dia 09 (2026-10-01 → 2026-10-01) 39550 bytes
2026-09-22 09:36:12,357 [INFO] [OK] Argentina/ECM_ENSEMBLE_Corn_Winter_PRCP_DEP/daily dia 11 (2026-10-03 → 2026-10-03) 40668 bytes
2026-09-22 09:36:13,003 [INFO] [OK] Argentina/ECM_ENSEMBLE_Corn_Winter_PRCP_DEP/daily dia 12 (2026-10-04 → 2026-10-04) 38666 bytes
2026-09-22 09:36:13,847 [INFO] [OK] Argentina/ECM_ENSEMBLE_Corn_Winter_PRCP_DEP/cumulative dia 01 (2026-09-22 → 2026-09-23) 37093 bytes
2026-09-22 09:36:13,855 [INFO] [OK] Argentina/ECM_ENSEMBLE_Corn_Winter_PRCP_DEP/daily dia 10 (2026-10-02 → 2026-10-02) 42780 bytes
2026-09-22 09:36:14,207 [INFO] [OK] Argentina/ECM_ENSEMBLE_Corn_Winter_PRCP_DEP/daily dia 13 (2026-10-05 → 2026-10-05) 39423 bytes
2026-09-22 09:36:14,323 [INFO] [OK] Argentina/ECM_ENSEMBLE_Corn_Winter_PRCP_DEP/daily dia 14 (2026-10-06 → 2026-10-06) 41656 bytes
2026-09-22 09:36:14,331 [INFO] [OK] Argentina/ECM_ENSEMBLE_Corn_Winter_PRCP_DEP/cumulative dia 00 (2026-09-22 → 2026-09-22) 36682 bytes
2026-09-22 09:36:14,811 [INFO] [OK] Argentina/ECM_ENSEMBLE_Corn_Winter_PRCP_DEP/cumulative dia 02 (2026-09-22 → 2026-09-24) 36901 bytes
2026-09-22 09:36:15,325 [INFO] [OK] Argentina/ECM_ENSEMBLE_Corn_Winter_PRCP_DEP/cumulative dia 03 (2026-09-22 → 2026-09-25) 36613 bytes
2026-09-22 09:36:15,927 [INFO] [OK] Argentina/ECM_ENSEMBLE_Corn_Winter_PRCP_DEP/cumulative dia 04 (2026-09-22 → 2026-09-26) 38218 bytes
2026-09-22 09:36:16,372 [INFO] [OK] Argentina/ECM_ENSEMBLE_Corn_Winter_PRCP_DEP/cumulative dia 07 (2026-09-22 → 2026-09-29) 42487 bytes
2026-09-22 09:36:16,373 [INFO] [OK] Argentina/ECM_ENSEMBLE_Corn_Winter_PRCP_DEP/cumulative dia 05 (2026-09-22 → 2026-09-27) 40615 bytes
2026-09-22 09:36:16,713 [INFO] [OK] Argentina/ECM_ENSEMBLE_Corn_Winter_PRCP_DEP/cumulative dia 06 (2026-09-22 → 2026-09-28) 41975 bytes
2026-09-22 09:36:16,762 [INFO] [OK] Argentina/ECM_ENSEMBLE_Corn_Winter_PRCP_DEP/cumulative dia 08 (2026-09-22 → 2026-09-30) 42037 bytes
2026-09-22 09:36:16,893 [INFO] [OK] Argentina/ECM_ENSEMBLE_Corn_Winter_PRCP_DEP/cumulative dia 09 (2026-09-22 → 2026-10-01) 41680 bytes
2026-09-22 09:36:18,086 [INFO] [OK] Argentina/ECM_ENSEMBLE_Corn_Winter_PRCP/daily dia 00 (2026-09-22 → 2026-09-22) 28902 bytes
2026-09-22 09:36:18,538 [INFO] [OK] Argentina/ECM_ENSEMBLE_Corn_Winter_PRCP_DEP/cumulative dia 10 (2026-09-22 → 2026-10-02) 41976 bytes
2026-09-22 09:36:18,606 [INFO] [OK] Argentina/ECM_ENSEMBLE_Corn_Winter_PRCP_DEP/cumulative dia 11 (2026-09-22 → 2026-10-03) 41043 bytes
2026-09-22 09:36:18,752 [INFO] [OK] Argentina/ECM_ENSEMBLE_Corn_Winter_PRCP_DEP/cumulative dia 12 (2026-09-22 → 2026-10-04) 40646 bytes
2026-09-22 09:36:19,225 [INFO] [OK] Argentina/ECM_ENSEMBLE_Corn_Winter_PRCP_DEP/cumulative dia 14 (2026-09-22 → 2026-10-06) 40437 bytes
2026-09-22 09:36:19,228 [INFO] [OK] Argentina/ECM_ENSEMBLE_Corn_Winter_PRCP_DEP/cumulative dia 13 (2026-09-22 → 2026-10-05) 40484 bytes
2026-09-22 09:36:19,237 [INFO] [OK] Argentina/ECM_ENSEMBLE_Corn_Winter_PRCP/daily dia 01 (2026-09-23 → 2026-09-23) 27896 bytes
2026-09-22 09:36:19,944 [INFO] [OK] Argentina/ECM_ENSEMBLE_Corn_Winter_PRCP/daily dia 03 (2026-09-25 → 2026-09-25) 25029 bytes
2026-09-22 09:36:19,999 [INFO] [OK] Argentina/ECM_ENSEMBLE_Corn_Winter_PRCP/daily dia 02 (2026-09-24 → 2026-09-24) 26956 bytes
2026-09-22 09:36:20,202 [INFO] [OK] Argentina/ECM_ENSEMBLE_Corn_Winter_PRCP/daily dia 04 (2026-09-26 → 2026-09-26) 25646 bytes
2026-09-22 09:36:20,560 [INFO] [OK] Argentina/ECM_ENSEMBLE_Corn_Winter_PRCP/daily dia 07 (2026-09-29 → 2026-09-29) 30800 bytes
2026-09-22 09:36:20,791 [INFO] [OK] Argentina/ECM_ENSEMBLE_Corn_Winter_PRCP/daily dia 05 (2026-09-27 → 2026-09-27) 26783 bytes
2026-09-22 09:36:20,987 [INFO] [OK] Argentina/ECM_ENSEMBLE_Corn_Winter_PRCP/daily dia 06 (2026-09-28 → 2026-09-28) 28515 bytes
2026-09-22 09:36:21,416 [INFO] [OK] Argentina/ECM_ENSEMBLE_Corn_Winter_PRCP/daily dia 09 (2026-10-01 → 2026-10-01) 27954 bytes
2026-09-22 09:36:21,446 [INFO] [OK] Argentina/ECM_ENSEMBLE_Corn_Winter_PRCP/daily dia 08 (2026-09-30 → 2026-09-30) 29181 bytes
2026-09-22 09:36:21,778 [INFO] [OK] Argentina/ECM_ENSEMBLE_Corn_Winter_PRCP/daily dia 10 (2026-10-02 → 2026-10-02) 27345 bytes
2026-09-22 09:36:21,860 [INFO] [OK] Argentina/ECM_ENSEMBLE_Corn_Winter_PRCP/daily dia 11 (2026-10-03 → 2026-10-03) 29120 bytes
2026-09-22 09:36:22,455 [INFO] [OK] Argentina/ECM_ENSEMBLE_Corn_Winter_PRCP/daily dia 13 (2026-10-05 → 2026-10-05) 28583 bytes
2026-09-22 09:36:22,757 [INFO] [OK] Argentina/ECM_ENSEMBLE_Corn_Winter_PRCP/daily dia 12 (2026-10-04 → 2026-10-04) 29059 bytes
2026-09-22 09:36:22,894 [INFO] [OK] Argentina/ECM_ENSEMBLE_Corn_Winter_PRCP/daily dia 14 (2026-10-06 → 2026-10-06) 28186 bytes
2026-09-22 09:36:22,894 [INFO] [OK] Argentina/ECM_ENSEMBLE_Corn_Winter_PRCP/cumulative dia 00 (2026-09-22 → 2026-09-22) 28902 bytes
2026-09-22 09:36:23,348 [INFO] [OK] Argentina/ECM_ENSEMBLE_Corn_Winter_PRCP/cumulative dia 01 (2026-09-22 → 2026-09-23) 30690 bytes
