2026-07-14 09:33:22,659 [INFO] === Execução 2026-07-14 | modo=both | dias=15 | parâmetro=['PRCP_DEP', 'PRCP'] ===
2026-07-14 09:33:22,663 [INFO] Baixando 960 mapas com 6 threads...
2026-07-14 09:33:27,558 [INFO] [OK] Brazil/GFS_ENSEMBLE_Soy_PRCP_DEP/daily dia 04 (2026-07-18 → 2026-07-18) 45829 bytes
2026-07-14 09:33:27,599 [INFO] [OK] Brazil/GFS_ENSEMBLE_Soy_PRCP_DEP/daily dia 02 (2026-07-16 → 2026-07-16) 44269 bytes
2026-07-14 09:33:27,604 [INFO] [OK] Brazil/GFS_ENSEMBLE_Soy_PRCP_DEP/daily dia 01 (2026-07-15 → 2026-07-15) 40031 bytes
2026-07-14 09:33:27,608 [INFO] [OK] Brazil/GFS_ENSEMBLE_Soy_PRCP_DEP/daily dia 00 (2026-07-14 → 2026-07-14) 40154 bytes
2026-07-14 09:33:27,615 [INFO] [OK] Brazil/GFS_ENSEMBLE_Soy_PRCP_DEP/daily dia 05 (2026-07-19 → 2026-07-19) 46292 bytes
2026-07-14 09:33:27,628 [INFO] [OK] Brazil/GFS_ENSEMBLE_Soy_PRCP_DEP/daily dia 03 (2026-07-17 → 2026-07-17) 43656 bytes
2026-07-14 09:33:29,249 [INFO] [OK] Brazil/GFS_ENSEMBLE_Soy_PRCP_DEP/daily dia 07 (2026-07-21 → 2026-07-21) 48676 bytes
2026-07-14 09:33:29,455 [INFO] [OK] Brazil/GFS_ENSEMBLE_Soy_PRCP_DEP/daily dia 06 (2026-07-20 → 2026-07-20) 47731 bytes
2026-07-14 09:33:29,490 [INFO] [OK] Brazil/GFS_ENSEMBLE_Soy_PRCP_DEP/daily dia 10 (2026-07-24 → 2026-07-24) 48321 bytes
2026-07-14 09:33:29,527 [INFO] [OK] Brazil/GFS_ENSEMBLE_Soy_PRCP_DEP/daily dia 08 (2026-07-22 → 2026-07-22) 47460 bytes
2026-07-14 09:33:29,533 [INFO] [OK] Brazil/GFS_ENSEMBLE_Soy_PRCP_DEP/daily dia 11 (2026-07-25 → 2026-07-25) 51743 bytes
2026-07-14 09:33:29,693 [INFO] [OK] Brazil/GFS_ENSEMBLE_Soy_PRCP_DEP/daily dia 09 (2026-07-23 → 2026-07-23) 46869 bytes
2026-07-14 09:33:30,622 [INFO] [OK] Brazil/GFS_ENSEMBLE_Soy_PRCP_DEP/daily dia 12 (2026-07-26 → 2026-07-26) 53290 bytes
2026-07-14 09:33:30,988 [INFO] [OK] Brazil/GFS_ENSEMBLE_Soy_PRCP_DEP/daily dia 13 (2026-07-27 → 2026-07-27) 52505 bytes
2026-07-14 09:33:31,033 [INFO] [OK] Brazil/GFS_ENSEMBLE_Soy_PRCP_DEP/cumulative dia 00 (2026-07-14 → 2026-07-14) 40154 bytes
2026-07-14 09:33:31,237 [INFO] [OK] Brazil/GFS_ENSEMBLE_Soy_PRCP_DEP/cumulative dia 01 (2026-07-14 → 2026-07-15) 40806 bytes
2026-07-14 09:33:31,286 [INFO] [OK] Brazil/GFS_ENSEMBLE_Soy_PRCP_DEP/daily dia 14 (2026-07-28 → 2026-07-28) 52841 bytes
2026-07-14 09:33:31,354 [INFO] [OK] Brazil/GFS_ENSEMBLE_Soy_PRCP_DEP/cumulative dia 02 (2026-07-14 → 2026-07-16) 44752 bytes
2026-07-14 09:33:32,215 [INFO] [OK] Brazil/GFS_ENSEMBLE_Soy_PRCP_DEP/cumulative dia 03 (2026-07-14 → 2026-07-17) 45977 bytes
2026-07-14 09:33:32,907 [INFO] [OK] Brazil/GFS_ENSEMBLE_Soy_PRCP_DEP/cumulative dia 04 (2026-07-14 → 2026-07-18) 46466 bytes
2026-07-14 09:33:33,007 [INFO] [OK] Brazil/GFS_ENSEMBLE_Soy_PRCP_DEP/cumulative dia 05 (2026-07-14 → 2026-07-19) 47469 bytes
2026-07-14 09:33:33,230 [INFO] [OK] Brazil/GFS_ENSEMBLE_Soy_PRCP_DEP/cumulative dia 06 (2026-07-14 → 2026-07-20) 47716 bytes
2026-07-14 09:33:33,880 [INFO] [OK] Brazil/GFS_ENSEMBLE_Soy_PRCP_DEP/cumulative dia 07 (2026-07-14 → 2026-07-21) 48602 bytes
2026-07-14 09:33:33,896 [INFO] [OK] Brazil/GFS_ENSEMBLE_Soy_PRCP_DEP/cumulative dia 08 (2026-07-14 → 2026-07-22) 48296 bytes
2026-07-14 09:33:34,211 [INFO] [OK] Brazil/GFS_ENSEMBLE_Soy_PRCP_DEP/cumulative dia 09 (2026-07-14 → 2026-07-23) 48810 bytes
2026-07-14 09:33:35,392 [INFO] [OK] Brazil/GFS_ENSEMBLE_Soy_PRCP_DEP/cumulative dia 10 (2026-07-14 → 2026-07-24) 49393 bytes
2026-07-14 09:33:35,696 [INFO] [OK] Brazil/GFS_ENSEMBLE_Soy_PRCP_DEP/cumulative dia 11 (2026-07-14 → 2026-07-25) 49532 bytes
2026-07-14 09:33:35,707 [INFO] [OK] Brazil/GFS_ENSEMBLE_Soy_PRCP/daily dia 00 (2026-07-14 → 2026-07-14) 30858 bytes
2026-07-14 09:33:36,111 [INFO] [OK] Brazil/GFS_ENSEMBLE_Soy_PRCP_DEP/cumulative dia 12 (2026-07-14 → 2026-07-26) 50969 bytes
2026-07-14 09:33:36,518 [INFO] [OK] Brazil/GFS_ENSEMBLE_Soy_PRCP_DEP/cumulative dia 13 (2026-07-14 → 2026-07-27) 52318 bytes
2026-07-14 09:33:36,690 [INFO] [OK] Brazil/GFS_ENSEMBLE_Soy_PRCP/daily dia 01 (2026-07-15 → 2026-07-15) 30739 bytes
2026-07-14 09:33:36,756 [INFO] [OK] Brazil/GFS_ENSEMBLE_Soy_PRCP_DEP/cumulative dia 14 (2026-07-14 → 2026-07-28) 52505 bytes
2026-07-14 09:33:37,122 [INFO] [OK] Brazil/GFS_ENSEMBLE_Soy_PRCP/daily dia 03 (2026-07-17 → 2026-07-17) 32292 bytes
2026-07-14 09:33:37,176 [INFO] [OK] Brazil/GFS_ENSEMBLE_Soy_PRCP/daily dia 02 (2026-07-16 → 2026-07-16) 32179 bytes
2026-07-14 09:33:37,343 [INFO] [OK] Brazil/GFS_ENSEMBLE_Soy_PRCP/daily dia 04 (2026-07-18 → 2026-07-18) 32534 bytes
2026-07-14 09:33:37,915 [INFO] [OK] Brazil/GFS_ENSEMBLE_Soy_PRCP/daily dia 05 (2026-07-19 → 2026-07-19) 32355 bytes
2026-07-14 09:33:38,028 [INFO] [OK] Brazil/GFS_ENSEMBLE_Soy_PRCP/daily dia 07 (2026-07-21 → 2026-07-21) 30839 bytes
2026-07-14 09:33:38,036 [INFO] [OK] Brazil/GFS_ENSEMBLE_Soy_PRCP/daily dia 06 (2026-07-20 → 2026-07-20) 31646 bytes
2026-07-14 09:33:38,388 [INFO] [OK] Brazil/GFS_ENSEMBLE_Soy_PRCP/daily dia 09 (2026-07-23 → 2026-07-23) 30774 bytes
2026-07-14 09:33:38,496 [INFO] [OK] Brazil/GFS_ENSEMBLE_Soy_PRCP/daily dia 08 (2026-07-22 → 2026-07-22) 31051 bytes
2026-07-14 09:33:38,593 [INFO] [OK] Brazil/GFS_ENSEMBLE_Soy_PRCP/daily dia 10 (2026-07-24 → 2026-07-24) 31175 bytes
2026-07-14 09:33:39,270 [INFO] [OK] Brazil/GFS_ENSEMBLE_Soy_PRCP/daily dia 11 (2026-07-25 → 2026-07-25) 31122 bytes
2026-07-14 09:33:39,486 [INFO] [OK] Brazil/GFS_ENSEMBLE_Soy_PRCP/daily dia 13 (2026-07-27 → 2026-07-27) 31126 bytes
2026-07-14 09:33:39,628 [INFO] [OK] Brazil/GFS_ENSEMBLE_Soy_PRCP/daily dia 14 (2026-07-28 → 2026-07-28) 31158 bytes
2026-07-14 09:33:39,679 [INFO] [OK] Brazil/GFS_ENSEMBLE_Soy_PRCP/daily dia 12 (2026-07-26 → 2026-07-26) 30834 bytes
2026-07-14 09:33:39,827 [INFO] [OK] Brazil/GFS_ENSEMBLE_Soy_PRCP/cumulative dia 00 (2026-07-14 → 2026-07-14) 30858 bytes
2026-07-14 09:33:39,933 [INFO] [OK] Brazil/GFS_ENSEMBLE_Soy_PRCP/cumulative dia 01 (2026-07-14 → 2026-07-15) 32575 bytes
2026-07-14 09:33:40,799 [INFO] [OK] Brazil/GFS_ENSEMBLE_Soy_PRCP/cumulative dia 02 (2026-07-14 → 2026-07-16) 35080 bytes
2026-07-14 09:33:41,158 [INFO] [OK] Brazil/GFS_ENSEMBLE_Soy_PRCP/cumulative dia 03 (2026-07-14 → 2026-07-17) 36275 bytes
2026-07-14 09:33:41,469 [INFO] [OK] Brazil/GFS_ENSEMBLE_Soy_PRCP/cumulative dia 05 (2026-07-14 → 2026-07-19) 39178 bytes
2026-07-14 09:33:41,476 [INFO] [OK] Brazil/GFS_ENSEMBLE_Soy_PRCP/cumulative dia 04 (2026-07-14 → 2026-07-18) 37739 bytes
2026-07-14 09:33:41,660 [INFO] [OK] Brazil/GFS_ENSEMBLE_Soy_PRCP/cumulative dia 06 (2026-07-14 → 2026-07-20) 40064 bytes
2026-07-14 09:33:41,774 [INFO] [OK] Brazil/GFS_ENSEMBLE_Soy_PRCP/cumulative dia 07 (2026-07-14 → 2026-07-21) 40712 bytes
2026-07-14 09:33:42,685 [INFO] [OK] Brazil/GFS_ENSEMBLE_Soy_PRCP/cumulative dia 08 (2026-07-14 → 2026-07-22) 40948 bytes
2026-07-14 09:33:43,347 [INFO] [OK] Brazil/GFS_ENSEMBLE_Soy_PRCP/cumulative dia 09 (2026-07-14 → 2026-07-23) 41271 bytes
2026-07-14 09:33:43,757 [INFO] [OK] Brazil/GFS_ENSEMBLE_Soy_PRCP/cumulative dia 10 (2026-07-14 → 2026-07-24) 42118 bytes
2026-07-14 09:33:43,871 [INFO] [OK] Brazil/GFS_ENSEMBLE_Soy_PRCP/cumulative dia 11 (2026-07-14 → 2026-07-25) 41972 bytes
2026-07-14 09:33:44,121 [INFO] [OK] Brazil/GFS_ENSEMBLE_Soy_PRCP/cumulative dia 12 (2026-07-14 → 2026-07-26) 42621 bytes
2026-07-14 09:33:44,268 [INFO] [OK] Brazil/GFS_ENSEMBLE_Soy_PRCP/cumulative dia 13 (2026-07-14 → 2026-07-27) 42760 bytes
2026-07-14 09:33:44,778 [INFO] [OK] Brazil/GFS_ENSEMBLE_Corn_Winter_PRCP_DEP/daily dia 00 (2026-07-14 → 2026-07-14) 38575 bytes
2026-07-14 09:33:45,427 [INFO] [OK] Brazil/GFS_ENSEMBLE_Corn_Winter_PRCP_DEP/daily dia 03 (2026-07-17 → 2026-07-17) 42175 bytes
2026-07-14 09:33:45,792 [INFO] [OK] Brazil/GFS_ENSEMBLE_Corn_Winter_PRCP_DEP/daily dia 02 (2026-07-16 → 2026-07-16) 42787 bytes
2026-07-14 09:33:45,891 [INFO] [OK] Brazil/GFS_ENSEMBLE_Soy_PRCP/cumulative dia 14 (2026-07-14 → 2026-07-28) 42741 bytes
2026-07-14 09:33:45,898 [INFO] [OK] Brazil/GFS_ENSEMBLE_Corn_Winter_PRCP_DEP/daily dia 04 (2026-07-18 → 2026-07-18) 44460 bytes
2026-07-14 09:33:45,996 [INFO] [OK] Brazil/GFS_ENSEMBLE_Corn_Winter_PRCP_DEP/daily dia 01 (2026-07-15 → 2026-07-15) 38529 bytes
2026-07-14 09:33:46,059 [INFO] [OK] Brazil/GFS_ENSEMBLE_Corn_Winter_PRCP_DEP/daily dia 05 (2026-07-19 → 2026-07-19) 44939 bytes
2026-07-14 09:33:46,717 [INFO] [OK] Brazil/GFS_ENSEMBLE_Corn_Winter_PRCP_DEP/daily dia 06 (2026-07-20 → 2026-07-20) 46211 bytes
2026-07-14 09:33:47,137 [INFO] [OK] Brazil/GFS_ENSEMBLE_Corn_Winter_PRCP_DEP/daily dia 07 (2026-07-21 → 2026-07-21) 47118 bytes
2026-07-14 09:33:47,294 [INFO] [OK] Brazil/GFS_ENSEMBLE_Corn_Winter_PRCP_DEP/daily dia 08 (2026-07-22 → 2026-07-22) 45898 bytes
2026-07-14 09:33:47,336 [INFO] [OK] Brazil/GFS_ENSEMBLE_Corn_Winter_PRCP_DEP/daily dia 09 (2026-07-23 → 2026-07-23) 45319 bytes
2026-07-14 09:33:47,377 [INFO] [OK] Brazil/GFS_ENSEMBLE_Corn_Winter_PRCP_DEP/daily dia 10 (2026-07-24 → 2026-07-24) 46575 bytes
2026-07-14 09:33:47,638 [INFO] [OK] Brazil/GFS_ENSEMBLE_Corn_Winter_PRCP_DEP/daily dia 11 (2026-07-25 → 2026-07-25) 50086 bytes
2026-07-14 09:33:48,168 [INFO] [OK] Brazil/GFS_ENSEMBLE_Corn_Winter_PRCP_DEP/daily dia 12 (2026-07-26 → 2026-07-26) 51893 bytes
2026-07-14 09:33:48,674 [INFO] [OK] Brazil/GFS_ENSEMBLE_Corn_Winter_PRCP_DEP/daily dia 13 (2026-07-27 → 2026-07-27) 50942 bytes
2026-07-14 09:33:48,696 [INFO] [OK] Brazil/GFS_ENSEMBLE_Corn_Winter_PRCP_DEP/cumulative dia 00 (2026-07-14 → 2026-07-14) 38575 bytes
2026-07-14 09:33:48,844 [INFO] [OK] Brazil/GFS_ENSEMBLE_Corn_Winter_PRCP_DEP/daily dia 14 (2026-07-28 → 2026-07-28) 51171 bytes
2026-07-14 09:33:48,849 [INFO] [OK] Brazil/GFS_ENSEMBLE_Corn_Winter_PRCP_DEP/cumulative dia 01 (2026-07-14 → 2026-07-15) 39289 bytes
2026-07-14 09:33:49,074 [INFO] [OK] Brazil/GFS_ENSEMBLE_Corn_Winter_PRCP_DEP/cumulative dia 02 (2026-07-14 → 2026-07-16) 43312 bytes
2026-07-14 09:33:49,633 [INFO] [OK] Brazil/GFS_ENSEMBLE_Corn_Winter_PRCP_DEP/cumulative dia 03 (2026-07-14 → 2026-07-17) 44464 bytes
2026-07-14 09:33:50,407 [INFO] [OK] Brazil/GFS_ENSEMBLE_Corn_Winter_PRCP_DEP/cumulative dia 04 (2026-07-14 → 2026-07-18) 44925 bytes
2026-07-14 09:33:50,453 [INFO] [OK] Brazil/GFS_ENSEMBLE_Corn_Winter_PRCP_DEP/cumulative dia 05 (2026-07-14 → 2026-07-19) 46135 bytes
2026-07-14 09:33:50,653 [INFO] [OK] Brazil/GFS_ENSEMBLE_Corn_Winter_PRCP_DEP/cumulative dia 06 (2026-07-14 → 2026-07-20) 46352 bytes
2026-07-14 09:33:50,749 [INFO] [OK] Brazil/GFS_ENSEMBLE_Corn_Winter_PRCP_DEP/cumulative dia 07 (2026-07-14 → 2026-07-21) 47187 bytes
2026-07-14 09:33:50,990 [INFO] [OK] Brazil/GFS_ENSEMBLE_Corn_Winter_PRCP_DEP/cumulative dia 08 (2026-07-14 → 2026-07-22) 46886 bytes
2026-07-14 09:33:51,591 [INFO] [OK] Brazil/GFS_ENSEMBLE_Corn_Winter_PRCP_DEP/cumulative dia 09 (2026-07-14 → 2026-07-23) 47313 bytes
2026-07-14 09:33:52,616 [INFO] [OK] Brazil/GFS_ENSEMBLE_Corn_Winter_PRCP_DEP/cumulative dia 10 (2026-07-14 → 2026-07-24) 47804 bytes
2026-07-14 09:33:52,907 [INFO] [OK] Brazil/GFS_ENSEMBLE_Corn_Winter_PRCP/daily dia 00 (2026-07-14 → 2026-07-14) 29355 bytes
2026-07-14 09:33:53,067 [INFO] [OK] Brazil/GFS_ENSEMBLE_Corn_Winter_PRCP_DEP/cumulative dia 11 (2026-07-14 → 2026-07-25) 48114 bytes
2026-07-14 09:33:53,188 [INFO] [OK] Brazil/GFS_ENSEMBLE_Corn_Winter_PRCP_DEP/cumulative dia 12 (2026-07-14 → 2026-07-26) 49552 bytes
2026-07-14 09:33:53,272 [INFO] [OK] Brazil/GFS_ENSEMBLE_Corn_Winter_PRCP_DEP/cumulative dia 13 (2026-07-14 → 2026-07-27) 50914 bytes
2026-07-14 09:33:53,433 [INFO] [OK] Brazil/GFS_ENSEMBLE_Corn_Winter_PRCP_DEP/cumulative dia 14 (2026-07-14 → 2026-07-28) 50977 bytes
2026-07-14 09:33:54,066 [INFO] [OK] Brazil/GFS_ENSEMBLE_Corn_Winter_PRCP/daily dia 01 (2026-07-15 → 2026-07-15) 29186 bytes
2026-07-14 09:33:54,181 [INFO] [OK] Brazil/GFS_ENSEMBLE_Corn_Winter_PRCP/daily dia 02 (2026-07-16 → 2026-07-16) 30493 bytes
2026-07-14 09:33:54,352 [INFO] [OK] Brazil/GFS_ENSEMBLE_Corn_Winter_PRCP/daily dia 03 (2026-07-17 → 2026-07-17) 30652 bytes
2026-07-14 09:33:55,003 [INFO] [OK] Brazil/GFS_ENSEMBLE_Corn_Winter_PRCP/daily dia 04 (2026-07-18 → 2026-07-18) 30872 bytes
2026-07-14 09:33:55,009 [INFO] [OK] Brazil/GFS_ENSEMBLE_Corn_Winter_PRCP/daily dia 06 (2026-07-20 → 2026-07-20) 30069 bytes
2026-07-14 09:33:55,018 [INFO] [OK] Brazil/GFS_ENSEMBLE_Corn_Winter_PRCP/daily dia 05 (2026-07-19 → 2026-07-19) 30673 bytes
2026-07-14 09:33:55,308 [INFO] [OK] Brazil/GFS_ENSEMBLE_Corn_Winter_PRCP/daily dia 07 (2026-07-21 → 2026-07-21) 29293 bytes
2026-07-14 09:33:56,022 [INFO] [OK] Brazil/GFS_ENSEMBLE_Corn_Winter_PRCP/daily dia 08 (2026-07-22 → 2026-07-22) 29516 bytes
2026-07-14 09:33:56,023 [INFO] [OK] Brazil/GFS_ENSEMBLE_Corn_Winter_PRCP/daily dia 09 (2026-07-23 → 2026-07-23) 29175 bytes
2026-07-14 09:33:56,370 [INFO] [OK] Brazil/GFS_ENSEMBLE_Corn_Winter_PRCP/daily dia 11 (2026-07-25 → 2026-07-25) 29622 bytes
2026-07-14 09:33:56,372 [INFO] [OK] Brazil/GFS_ENSEMBLE_Corn_Winter_PRCP/daily dia 12 (2026-07-26 → 2026-07-26) 29356 bytes
2026-07-14 09:33:56,664 [INFO] [OK] Brazil/GFS_ENSEMBLE_Corn_Winter_PRCP/daily dia 10 (2026-07-24 → 2026-07-24) 29591 bytes
2026-07-14 09:33:56,683 [INFO] [OK] Brazil/GFS_ENSEMBLE_Corn_Winter_PRCP/daily dia 13 (2026-07-27 → 2026-07-27) 29648 bytes
2026-07-14 09:33:57,516 [INFO] [OK] Brazil/GFS_ENSEMBLE_Corn_Winter_PRCP/daily dia 14 (2026-07-28 → 2026-07-28) 29659 bytes
2026-07-14 09:33:57,726 [INFO] [OK] Brazil/GFS_ENSEMBLE_Corn_Winter_PRCP/cumulative dia 00 (2026-07-14 → 2026-07-14) 29355 bytes
2026-07-14 09:33:57,762 [INFO] [OK] Brazil/GFS_ENSEMBLE_Corn_Winter_PRCP/cumulative dia 01 (2026-07-14 → 2026-07-15) 31062 bytes
2026-07-14 09:33:57,794 [INFO] [OK] Brazil/GFS_ENSEMBLE_Corn_Winter_PRCP/cumulative dia 02 (2026-07-14 → 2026-07-16) 33455 bytes
2026-07-14 09:33:58,624 [INFO] [OK] Brazil/GFS_ENSEMBLE_Corn_Winter_PRCP/cumulative dia 04 (2026-07-14 → 2026-07-18) 35976 bytes
2026-07-14 09:33:58,638 [INFO] [OK] Brazil/GFS_ENSEMBLE_Corn_Winter_PRCP/cumulative dia 03 (2026-07-14 → 2026-07-17) 34675 bytes
2026-07-14 09:33:59,950 [INFO] [OK] Brazil/GFS_ENSEMBLE_Corn_Winter_PRCP/cumulative dia 05 (2026-07-14 → 2026-07-19) 37450 bytes
2026-07-14 09:33:59,985 [INFO] [OK] Brazil/GFS_ENSEMBLE_Corn_Winter_PRCP/cumulative dia 07 (2026-07-14 → 2026-07-21) 39197 bytes
2026-07-14 09:34:00,126 [INFO] [OK] Brazil/GFS_ENSEMBLE_Corn_Winter_PRCP/cumulative dia 06 (2026-07-14 → 2026-07-20) 38398 bytes
2026-07-14 09:34:00,422 [INFO] [OK] Brazil/GFS_ENSEMBLE_Corn_Winter_PRCP/cumulative dia 08 (2026-07-14 → 2026-07-22) 39434 bytes
2026-07-14 09:34:01,045 [INFO] [OK] Brazil/GFS_ENSEMBLE_Corn_Winter_PRCP/cumulative dia 09 (2026-07-14 → 2026-07-23) 39722 bytes
2026-07-14 09:34:01,294 [INFO] [OK] Brazil/GFS_ENSEMBLE_Corn_Winter_PRCP/cumulative dia 10 (2026-07-14 → 2026-07-24) 40596 bytes
2026-07-14 09:34:02,421 [INFO] [OK] Brazil/GFS_ENSEMBLE_Corn_Winter_PRCP/cumulative dia 11 (2026-07-14 → 2026-07-25) 40393 bytes
2026-07-14 09:34:02,698 [INFO] [OK] Brazil/ECM_ENSEMBLE_Soy_PRCP_DEP/daily dia 00 (2026-07-14 → 2026-07-14) 42933 bytes
2026-07-14 09:34:02,702 [INFO] [OK] Brazil/GFS_ENSEMBLE_Corn_Winter_PRCP/cumulative dia 12 (2026-07-14 → 2026-07-26) 41145 bytes
2026-07-14 09:34:02,735 [INFO] [OK] Brazil/GFS_ENSEMBLE_Corn_Winter_PRCP/cumulative dia 13 (2026-07-14 → 2026-07-27) 41235 bytes
2026-07-14 09:34:02,741 [INFO] [OK] Brazil/ECM_ENSEMBLE_Soy_PRCP_DEP/daily dia 01 (2026-07-15 → 2026-07-15) 43761 bytes
2026-07-14 09:34:03,170 [INFO] [OK] Brazil/GFS_ENSEMBLE_Corn_Winter_PRCP/cumulative dia 14 (2026-07-14 → 2026-07-28) 41404 bytes
2026-07-14 09:34:03,891 [INFO] [OK] Brazil/ECM_ENSEMBLE_Soy_PRCP_DEP/daily dia 02 (2026-07-16 → 2026-07-16) 46559 bytes
2026-07-14 09:34:04,188 [INFO] [OK] Brazil/ECM_ENSEMBLE_Soy_PRCP_DEP/daily dia 06 (2026-07-20 → 2026-07-20) 48310 bytes
2026-07-14 09:34:04,198 [INFO] [OK] Brazil/ECM_ENSEMBLE_Soy_PRCP_DEP/daily dia 05 (2026-07-19 → 2026-07-19) 47031 bytes
2026-07-14 09:34:04,208 [INFO] [OK] Brazil/ECM_ENSEMBLE_Soy_PRCP_DEP/daily dia 04 (2026-07-18 → 2026-07-18) 45853 bytes
2026-07-14 09:34:04,421 [INFO] [OK] Brazil/ECM_ENSEMBLE_Soy_PRCP_DEP/daily dia 03 (2026-07-17 → 2026-07-17) 46588 bytes
2026-07-14 09:34:04,764 [INFO] [OK] Brazil/ECM_ENSEMBLE_Soy_PRCP_DEP/daily dia 07 (2026-07-21 → 2026-07-21) 48880 bytes
2026-07-14 09:34:05,472 [INFO] [OK] Brazil/ECM_ENSEMBLE_Soy_PRCP_DEP/daily dia 08 (2026-07-22 → 2026-07-22) 49459 bytes
2026-07-14 09:34:06,117 [INFO] [OK] Brazil/ECM_ENSEMBLE_Soy_PRCP_DEP/daily dia 13 (2026-07-27 → 2026-07-27) 52480 bytes
2026-07-14 09:34:06,468 [INFO] [OK] Brazil/ECM_ENSEMBLE_Soy_PRCP_DEP/daily dia 09 (2026-07-23 → 2026-07-23) 49650 bytes
2026-07-14 09:34:06,469 [INFO] [OK] Brazil/ECM_ENSEMBLE_Soy_PRCP_DEP/daily dia 11 (2026-07-25 → 2026-07-25) 51893 bytes
2026-07-14 09:34:06,472 [INFO] [OK] Brazil/ECM_ENSEMBLE_Soy_PRCP_DEP/daily dia 10 (2026-07-24 → 2026-07-24) 48906 bytes
2026-07-14 09:34:06,792 [INFO] [OK] Brazil/ECM_ENSEMBLE_Soy_PRCP_DEP/daily dia 12 (2026-07-26 → 2026-07-26) 51931 bytes
2026-07-14 09:34:07,798 [INFO] [OK] Brazil/ECM_ENSEMBLE_Soy_PRCP_DEP/daily dia 14 (2026-07-28 → 2026-07-28) 54802 bytes
2026-07-14 09:34:08,132 [INFO] [OK] Brazil/ECM_ENSEMBLE_Soy_PRCP_DEP/cumulative dia 01 (2026-07-14 → 2026-07-15) 44352 bytes
2026-07-14 09:34:08,134 [INFO] [OK] Brazil/ECM_ENSEMBLE_Soy_PRCP_DEP/cumulative dia 00 (2026-07-14 → 2026-07-14) 42933 bytes
2026-07-14 09:34:08,436 [INFO] [OK] Brazil/ECM_ENSEMBLE_Soy_PRCP_DEP/cumulative dia 03 (2026-07-14 → 2026-07-17) 47132 bytes
2026-07-14 09:34:08,452 [INFO] [OK] Brazil/ECM_ENSEMBLE_Soy_PRCP_DEP/cumulative dia 02 (2026-07-14 → 2026-07-16) 46848 bytes
2026-07-14 09:34:08,543 [INFO] [OK] Brazil/ECM_ENSEMBLE_Soy_PRCP_DEP/cumulative dia 04 (2026-07-14 → 2026-07-18) 47722 bytes
2026-07-14 09:34:10,035 [INFO] [OK] Brazil/ECM_ENSEMBLE_Soy_PRCP_DEP/cumulative dia 05 (2026-07-14 → 2026-07-19) 47528 bytes
2026-07-14 09:34:10,062 [INFO] [OK] Brazil/ECM_ENSEMBLE_Soy_PRCP_DEP/cumulative dia 06 (2026-07-14 → 2026-07-20) 48572 bytes
2026-07-14 09:34:10,110 [INFO] [OK] Brazil/ECM_ENSEMBLE_Soy_PRCP_DEP/cumulative dia 07 (2026-07-14 → 2026-07-21) 49001 bytes
2026-07-14 09:34:10,569 [INFO] [OK] Brazil/ECM_ENSEMBLE_Soy_PRCP_DEP/cumulative dia 08 (2026-07-14 → 2026-07-22) 49097 bytes
2026-07-14 09:34:10,609 [INFO] [OK] Brazil/ECM_ENSEMBLE_Soy_PRCP_DEP/cumulative dia 09 (2026-07-14 → 2026-07-23) 48948 bytes
2026-07-14 09:34:10,825 [INFO] [OK] Brazil/ECM_ENSEMBLE_Soy_PRCP_DEP/cumulative dia 10 (2026-07-14 → 2026-07-24) 49276 bytes
2026-07-14 09:34:12,041 [INFO] [OK] Brazil/ECM_ENSEMBLE_Soy_PRCP/daily dia 00 (2026-07-14 → 2026-07-14) 31135 bytes
2026-07-14 09:34:12,190 [INFO] [OK] Brazil/ECM_ENSEMBLE_Soy_PRCP/daily dia 01 (2026-07-15 → 2026-07-15) 31287 bytes
2026-07-14 09:34:12,481 [INFO] [OK] Brazil/ECM_ENSEMBLE_Soy_PRCP_DEP/cumulative dia 11 (2026-07-14 → 2026-07-25) 49750 bytes
2026-07-14 09:34:12,491 [INFO] [OK] Brazil/ECM_ENSEMBLE_Soy_PRCP_DEP/cumulative dia 12 (2026-07-14 → 2026-07-26) 50787 bytes
2026-07-14 09:34:12,627 [INFO] [OK] Brazil/ECM_ENSEMBLE_Soy_PRCP_DEP/cumulative dia 13 (2026-07-14 → 2026-07-27) 51211 bytes
2026-07-14 09:34:13,258 [INFO] [OK] Brazil/ECM_ENSEMBLE_Soy_PRCP_DEP/cumulative dia 14 (2026-07-14 → 2026-07-28) 51259 bytes
2026-07-14 09:34:13,361 [INFO] [OK] Brazil/ECM_ENSEMBLE_Soy_PRCP/daily dia 02 (2026-07-16 → 2026-07-16) 32435 bytes
2026-07-14 09:34:13,492 [INFO] [OK] Brazil/ECM_ENSEMBLE_Soy_PRCP/daily dia 03 (2026-07-17 → 2026-07-17) 32895 bytes
2026-07-14 09:34:13,755 [INFO] [OK] Brazil/ECM_ENSEMBLE_Soy_PRCP/daily dia 04 (2026-07-18 → 2026-07-18) 32887 bytes
2026-07-14 09:34:13,878 [INFO] [OK] Brazil/ECM_ENSEMBLE_Soy_PRCP/daily dia 05 (2026-07-19 → 2026-07-19) 33257 bytes
2026-07-14 09:34:13,978 [INFO] [OK] Brazil/ECM_ENSEMBLE_Soy_PRCP/daily dia 06 (2026-07-20 → 2026-07-20) 33047 bytes
2026-07-14 09:34:14,636 [INFO] [OK] Brazil/ECM_ENSEMBLE_Soy_PRCP/daily dia 07 (2026-07-21 → 2026-07-21) 33118 bytes
2026-07-14 09:34:14,737 [INFO] [OK] Brazil/ECM_ENSEMBLE_Soy_PRCP/daily dia 08 (2026-07-22 → 2026-07-22) 32334 bytes
2026-07-14 09:34:14,894 [INFO] [OK] Brazil/ECM_ENSEMBLE_Soy_PRCP/daily dia 09 (2026-07-23 → 2026-07-23) 32057 bytes
2026-07-14 09:34:15,122 [INFO] [OK] Brazil/ECM_ENSEMBLE_Soy_PRCP/daily dia 10 (2026-07-24 → 2026-07-24) 31362 bytes
2026-07-14 09:34:15,211 [INFO] [OK] Brazil/ECM_ENSEMBLE_Soy_PRCP/daily dia 11 (2026-07-25 → 2026-07-25) 31836 bytes
2026-07-14 09:34:15,274 [INFO] [OK] Brazil/ECM_ENSEMBLE_Soy_PRCP/daily dia 12 (2026-07-26 → 2026-07-26) 31403 bytes
2026-07-14 09:34:16,058 [INFO] [OK] Brazil/ECM_ENSEMBLE_Soy_PRCP/daily dia 14 (2026-07-28 → 2026-07-28) 30241 bytes
2026-07-14 09:34:16,100 [INFO] [OK] Brazil/ECM_ENSEMBLE_Soy_PRCP/daily dia 13 (2026-07-27 → 2026-07-27) 30847 bytes
2026-07-14 09:34:16,311 [INFO] [OK] Brazil/ECM_ENSEMBLE_Soy_PRCP/cumulative dia 00 (2026-07-14 → 2026-07-14) 31135 bytes
2026-07-14 09:34:17,132 [INFO] [OK] Brazil/ECM_ENSEMBLE_Soy_PRCP/cumulative dia 02 (2026-07-14 → 2026-07-16) 35547 bytes
2026-07-14 09:34:17,139 [INFO] [OK] Brazil/ECM_ENSEMBLE_Soy_PRCP/cumulative dia 03 (2026-07-14 → 2026-07-17) 37264 bytes
2026-07-14 09:34:17,145 [INFO] [OK] Brazil/ECM_ENSEMBLE_Soy_PRCP/cumulative dia 01 (2026-07-14 → 2026-07-15) 33008 bytes
2026-07-14 09:34:17,793 [INFO] [OK] Brazil/ECM_ENSEMBLE_Soy_PRCP/cumulative dia 04 (2026-07-14 → 2026-07-18) 38760 bytes
2026-07-14 09:34:17,914 [INFO] [OK] Brazil/ECM_ENSEMBLE_Soy_PRCP/cumulative dia 05 (2026-07-14 → 2026-07-19) 39284 bytes
2026-07-14 09:34:18,169 [INFO] [OK] Brazil/ECM_ENSEMBLE_Soy_PRCP/cumulative dia 06 (2026-07-14 → 2026-07-20) 41202 bytes
2026-07-14 09:34:19,435 [INFO] [OK] Brazil/ECM_ENSEMBLE_Soy_PRCP/cumulative dia 08 (2026-07-14 → 2026-07-22) 43119 bytes
2026-07-14 09:34:19,469 [INFO] [OK] Brazil/ECM_ENSEMBLE_Soy_PRCP/cumulative dia 07 (2026-07-14 → 2026-07-21) 42381 bytes
2026-07-14 09:34:19,589 [INFO] [OK] Brazil/ECM_ENSEMBLE_Soy_PRCP/cumulative dia 09 (2026-07-14 → 2026-07-23) 43662 bytes
2026-07-14 09:34:20,568 [INFO] [OK] Brazil/ECM_ENSEMBLE_Soy_PRCP/cumulative dia 10 (2026-07-14 → 2026-07-24) 44315 bytes
2026-07-14 09:34:21,005 [INFO] [OK] Brazil/ECM_ENSEMBLE_Soy_PRCP/cumulative dia 11 (2026-07-14 → 2026-07-25) 44261 bytes
2026-07-14 09:34:21,166 [INFO] [OK] Brazil/ECM_ENSEMBLE_Soy_PRCP/cumulative dia 12 (2026-07-14 → 2026-07-26) 44462 bytes
2026-07-14 09:34:21,207 [INFO] [OK] Brazil/ECM_ENSEMBLE_Corn_Winter_PRCP_DEP/daily dia 00 (2026-07-14 → 2026-07-14) 41457 bytes
2026-07-14 09:34:21,960 [INFO] [OK] Brazil/ECM_ENSEMBLE_Corn_Winter_PRCP_DEP/daily dia 01 (2026-07-15 → 2026-07-15) 42136 bytes
2026-07-14 09:34:22,514 [INFO] [OK] Brazil/ECM_ENSEMBLE_Soy_PRCP/cumulative dia 13 (2026-07-14 → 2026-07-27) 44585 bytes
2026-07-14 09:34:22,705 [INFO] [OK] Brazil/ECM_ENSEMBLE_Corn_Winter_PRCP_DEP/daily dia 03 (2026-07-17 → 2026-07-17) 45233 bytes
2026-07-14 09:34:22,754 [INFO] [OK] Brazil/ECM_ENSEMBLE_Soy_PRCP/cumulative dia 14 (2026-07-14 → 2026-07-28) 44708 bytes
2026-07-14 09:34:22,881 [INFO] [OK] Brazil/ECM_ENSEMBLE_Corn_Winter_PRCP_DEP/daily dia 04 (2026-07-18 → 2026-07-18) 44490 bytes
2026-07-14 09:34:22,928 [INFO] [OK] Brazil/ECM_ENSEMBLE_Corn_Winter_PRCP_DEP/daily dia 02 (2026-07-16 → 2026-07-16) 45176 bytes
2026-07-14 09:34:23,359 [INFO] [OK] Brazil/ECM_ENSEMBLE_Corn_Winter_PRCP_DEP/daily dia 05 (2026-07-19 → 2026-07-19) 45579 bytes
2026-07-14 09:34:23,835 [INFO] [OK] Brazil/ECM_ENSEMBLE_Corn_Winter_PRCP_DEP/daily dia 06 (2026-07-20 → 2026-07-20) 46733 bytes
2026-07-14 09:34:24,103 [INFO] [OK] Brazil/ECM_ENSEMBLE_Corn_Winter_PRCP_DEP/daily dia 07 (2026-07-21 → 2026-07-21) 47618 bytes
2026-07-14 09:34:24,267 [INFO] [OK] Brazil/ECM_ENSEMBLE_Corn_Winter_PRCP_DEP/daily dia 09 (2026-07-23 → 2026-07-23) 48339 bytes
2026-07-14 09:34:24,470 [INFO] [OK] Brazil/ECM_ENSEMBLE_Corn_Winter_PRCP_DEP/daily dia 08 (2026-07-22 → 2026-07-22) 48224 bytes
2026-07-14 09:34:24,474 [INFO] [OK] Brazil/ECM_ENSEMBLE_Corn_Winter_PRCP_DEP/daily dia 10 (2026-07-24 → 2026-07-24) 47786 bytes
2026-07-14 09:34:24,841 [INFO] [OK] Brazil/ECM_ENSEMBLE_Corn_Winter_PRCP_DEP/daily dia 11 (2026-07-25 → 2026-07-25) 50652 bytes
2026-07-14 09:34:25,220 [INFO] [OK] Brazil/ECM_ENSEMBLE_Corn_Winter_PRCP_DEP/daily dia 12 (2026-07-26 → 2026-07-26) 50661 bytes
2026-07-14 09:34:25,669 [INFO] [OK] Brazil/ECM_ENSEMBLE_Corn_Winter_PRCP_DEP/daily dia 14 (2026-07-28 → 2026-07-28) 53246 bytes
2026-07-14 09:34:25,859 [INFO] [OK] Brazil/ECM_ENSEMBLE_Corn_Winter_PRCP_DEP/daily dia 13 (2026-07-27 → 2026-07-27) 51060 bytes
2026-07-14 09:34:25,893 [INFO] [OK] Brazil/ECM_ENSEMBLE_Corn_Winter_PRCP_DEP/cumulative dia 00 (2026-07-14 → 2026-07-14) 41457 bytes
2026-07-14 09:34:25,907 [INFO] [OK] Brazil/ECM_ENSEMBLE_Corn_Winter_PRCP_DEP/cumulative dia 01 (2026-07-14 → 2026-07-15) 42794 bytes
2026-07-14 09:34:26,771 [INFO] [OK] Brazil/ECM_ENSEMBLE_Corn_Winter_PRCP_DEP/cumulative dia 02 (2026-07-14 → 2026-07-16) 45527 bytes
2026-07-14 09:34:27,045 [INFO] [OK] Brazil/ECM_ENSEMBLE_Corn_Winter_PRCP_DEP/cumulative dia 03 (2026-07-14 → 2026-07-17) 45858 bytes
2026-07-14 09:34:27,574 [INFO] [OK] Brazil/ECM_ENSEMBLE_Corn_Winter_PRCP_DEP/cumulative dia 04 (2026-07-14 → 2026-07-18) 46358 bytes
2026-07-14 09:34:28,177 [INFO] [OK] Brazil/ECM_ENSEMBLE_Corn_Winter_PRCP_DEP/cumulative dia 07 (2026-07-14 → 2026-07-21) 47703 bytes
2026-07-14 09:34:28,254 [INFO] [OK] Brazil/ECM_ENSEMBLE_Corn_Winter_PRCP_DEP/cumulative dia 06 (2026-07-14 → 2026-07-20) 47165 bytes
2026-07-14 09:34:28,265 [INFO] [OK] Brazil/ECM_ENSEMBLE_Corn_Winter_PRCP_DEP/cumulative dia 05 (2026-07-14 → 2026-07-19) 46082 bytes
2026-07-14 09:34:28,850 [INFO] [OK] Brazil/ECM_ENSEMBLE_Corn_Winter_PRCP_DEP/cumulative dia 08 (2026-07-14 → 2026-07-22) 47793 bytes
2026-07-14 09:34:29,411 [INFO] [OK] Brazil/ECM_ENSEMBLE_Corn_Winter_PRCP_DEP/cumulative dia 09 (2026-07-14 → 2026-07-23) 47566 bytes
2026-07-14 09:34:30,239 [INFO] [OK] Brazil/ECM_ENSEMBLE_Corn_Winter_PRCP_DEP/cumulative dia 10 (2026-07-14 → 2026-07-24) 47892 bytes
2026-07-14 09:34:31,225 [INFO] [OK] Brazil/ECM_ENSEMBLE_Corn_Winter_PRCP/daily dia 00 (2026-07-14 → 2026-07-14) 29617 bytes
2026-07-14 09:34:31,441 [INFO] [OK] Brazil/ECM_ENSEMBLE_Corn_Winter_PRCP_DEP/cumulative dia 11 (2026-07-14 → 2026-07-25) 48474 bytes
2026-07-14 09:34:32,180 [INFO] [OK] Brazil/ECM_ENSEMBLE_Corn_Winter_PRCP_DEP/cumulative dia 12 (2026-07-14 → 2026-07-26) 49433 bytes
2026-07-14 09:34:32,211 [INFO] [OK] Brazil/ECM_ENSEMBLE_Corn_Winter_PRCP_DEP/cumulative dia 13 (2026-07-14 → 2026-07-27) 49875 bytes
2026-07-14 09:34:32,226 [INFO] [OK] Brazil/ECM_ENSEMBLE_Corn_Winter_PRCP/daily dia 01 (2026-07-15 → 2026-07-15) 29642 bytes
2026-07-14 09:34:33,096 [INFO] [OK] Brazil/ECM_ENSEMBLE_Corn_Winter_PRCP/daily dia 02 (2026-07-16 → 2026-07-16) 30940 bytes
2026-07-14 09:34:33,595 [INFO] [OK] Brazil/ECM_ENSEMBLE_Corn_Winter_PRCP/daily dia 03 (2026-07-17 → 2026-07-17) 31263 bytes
2026-07-14 09:34:34,002 [INFO] [OK] Brazil/ECM_ENSEMBLE_Corn_Winter_PRCP_DEP/cumulative dia 14 (2026-07-14 → 2026-07-28) 49780 bytes
2026-07-14 09:34:34,088 [INFO] [OK] Brazil/ECM_ENSEMBLE_Corn_Winter_PRCP/daily dia 06 (2026-07-20 → 2026-07-20) 31523 bytes
2026-07-14 09:34:34,376 [INFO] [OK] Brazil/ECM_ENSEMBLE_Corn_Winter_PRCP/daily dia 04 (2026-07-18 → 2026-07-18) 31080 bytes
2026-07-14 09:34:34,391 [INFO] [OK] Brazil/ECM_ENSEMBLE_Corn_Winter_PRCP/daily dia 05 (2026-07-19 → 2026-07-19) 31380 bytes
2026-07-14 09:34:34,798 [INFO] [OK] Brazil/ECM_ENSEMBLE_Corn_Winter_PRCP/daily dia 07 (2026-07-21 → 2026-07-21) 31693 bytes
2026-07-14 09:34:35,107 [INFO] [OK] Brazil/ECM_ENSEMBLE_Corn_Winter_PRCP/daily dia 08 (2026-07-22 → 2026-07-22) 30933 bytes
2026-07-14 09:34:35,654 [INFO] [OK] Brazil/ECM_ENSEMBLE_Corn_Winter_PRCP/daily dia 09 (2026-07-23 → 2026-07-23) 30422 bytes
2026-07-14 09:34:35,749 [INFO] [OK] Brazil/ECM_ENSEMBLE_Corn_Winter_PRCP/daily dia 10 (2026-07-24 → 2026-07-24) 29768 bytes
2026-07-14 09:34:35,869 [WARNING] [RETRY] Brazil/ECM_ENSEMBLE_Corn_Winter_PRCP/cumulative dia 00 - tentativa 1/3: 500 Server Error: Internal Server Error for url: https://api.weatherdesk.xweather.com/28ffaaf6-c3a2-4009-bd9a-050272f32b8a/services/gwi/v1/getimage?type=station&grouping=D&metric=1&region=86&parameter=PRCP&model=4&crop=22&label=1&colorscale=1&start=2026-07-14&end=2026-07-14
2026-07-14 09:34:36,930 [INFO] [OK] Brazil/ECM_ENSEMBLE_Corn_Winter_PRCP/daily dia 14 (2026-07-28 → 2026-07-28) 28784 bytes
2026-07-14 09:34:36,948 [INFO] [OK] Brazil/ECM_ENSEMBLE_Corn_Winter_PRCP/daily dia 12 (2026-07-26 → 2026-07-26) 29882 bytes
2026-07-14 09:34:36,953 [INFO] [OK] Brazil/ECM_ENSEMBLE_Corn_Winter_PRCP/daily dia 11 (2026-07-25 → 2026-07-25) 30265 bytes
2026-07-14 09:34:36,956 [INFO] [OK] Brazil/ECM_ENSEMBLE_Corn_Winter_PRCP/daily dia 13 (2026-07-27 → 2026-07-27) 29404 bytes
2026-07-14 09:34:37,658 [INFO] [OK] Brazil/ECM_ENSEMBLE_Corn_Winter_PRCP/cumulative dia 01 (2026-07-14 → 2026-07-15) 31325 bytes
2026-07-14 09:34:39,945 [INFO] [OK] Brazil/ECM_ENSEMBLE_Corn_Winter_PRCP/cumulative dia 02 (2026-07-14 → 2026-07-16) 33963 bytes
2026-07-14 09:34:40,299 [INFO] [OK] Brazil/ECM_ENSEMBLE_Corn_Winter_PRCP/cumulative dia 04 (2026-07-14 → 2026-07-18) 36952 bytes
2026-07-14 09:34:40,355 [INFO] [OK] Brazil/ECM_ENSEMBLE_Corn_Winter_PRCP/cumulative dia 03 (2026-07-14 → 2026-07-17) 35531 bytes
2026-07-14 09:34:40,744 [INFO] [OK] Brazil/ECM_ENSEMBLE_Corn_Winter_PRCP/cumulative dia 05 (2026-07-14 → 2026-07-19) 37538 bytes
2026-07-14 09:34:41,601 [INFO] [OK] Brazil/ECM_ENSEMBLE_Corn_Winter_PRCP/cumulative dia 06 (2026-07-14 → 2026-07-20) 39376 bytes
2026-07-14 09:34:44,230 [INFO] [OK] Brazil/ECM_ENSEMBLE_Corn_Winter_PRCP/cumulative dia 07 (2026-07-14 → 2026-07-21) 40622 bytes
2026-07-14 09:34:44,767 [INFO] [OK] Brazil/ECM_ENSEMBLE_Corn_Winter_PRCP/cumulative dia 08 (2026-07-14 → 2026-07-22) 41447 bytes
2026-07-14 09:34:44,952 [INFO] [OK] Brazil/ECM_ENSEMBLE_Corn_Winter_PRCP/cumulative dia 09 (2026-07-14 → 2026-07-23) 41984 bytes
2026-07-14 09:34:45,143 [INFO] [OK] Brazil/ECM_ENSEMBLE_Corn_Winter_PRCP/cumulative dia 10 (2026-07-14 → 2026-07-24) 42716 bytes
2026-07-14 09:34:45,583 [INFO] [OK] Brazil/ECM_ENSEMBLE_Corn_Winter_PRCP/cumulative dia 00 (2026-07-14 → 2026-07-14) 29617 bytes
2026-07-14 09:34:45,952 [INFO] [OK] Brazil/ECM_ENSEMBLE_Corn_Winter_PRCP/cumulative dia 11 (2026-07-14 → 2026-07-25) 42625 bytes
2026-07-14 09:34:46,684 [INFO] [OK] Argentina/GFS_ENSEMBLE_Soy_PRCP_DEP/daily dia 00 (2026-07-14 → 2026-07-14) 28512 bytes
2026-07-14 09:34:47,172 [INFO] [OK] Argentina/GFS_ENSEMBLE_Soy_PRCP_DEP/daily dia 01 (2026-07-15 → 2026-07-15) 28078 bytes
2026-07-14 09:34:47,549 [INFO] [OK] Argentina/GFS_ENSEMBLE_Soy_PRCP_DEP/daily dia 02 (2026-07-16 → 2026-07-16) 33903 bytes
2026-07-14 09:34:48,320 [INFO] [OK] Argentina/GFS_ENSEMBLE_Soy_PRCP_DEP/daily dia 03 (2026-07-17 → 2026-07-17) 34615 bytes
2026-07-14 09:34:48,789 [INFO] [OK] Argentina/GFS_ENSEMBLE_Soy_PRCP_DEP/daily dia 04 (2026-07-18 → 2026-07-18) 35775 bytes
2026-07-14 09:34:49,139 [INFO] [OK] Argentina/GFS_ENSEMBLE_Soy_PRCP_DEP/daily dia 05 (2026-07-19 → 2026-07-19) 36097 bytes
2026-07-14 09:34:49,625 [INFO] [OK] Brazil/ECM_ENSEMBLE_Corn_Winter_PRCP/cumulative dia 12 (2026-07-14 → 2026-07-26) 42849 bytes
2026-07-14 09:34:49,924 [INFO] [OK] Argentina/GFS_ENSEMBLE_Soy_PRCP_DEP/daily dia 06 (2026-07-20 → 2026-07-20) 38178 bytes
2026-07-14 09:34:50,169 [INFO] [OK] Argentina/GFS_ENSEMBLE_Soy_PRCP_DEP/daily dia 07 (2026-07-21 → 2026-07-21) 38676 bytes
2026-07-14 09:34:50,848 [INFO] [OK] Argentina/GFS_ENSEMBLE_Soy_PRCP_DEP/daily dia 08 (2026-07-22 → 2026-07-22) 37772 bytes
2026-07-14 09:34:51,402 [INFO] [OK] Brazil/ECM_ENSEMBLE_Corn_Winter_PRCP/cumulative dia 13 (2026-07-14 → 2026-07-27) 43058 bytes
2026-07-14 09:34:51,455 [INFO] [OK] Argentina/GFS_ENSEMBLE_Soy_PRCP_DEP/daily dia 09 (2026-07-23 → 2026-07-23) 38472 bytes
2026-07-14 09:34:51,846 [INFO] [OK] Argentina/GFS_ENSEMBLE_Soy_PRCP_DEP/daily dia 10 (2026-07-24 → 2026-07-24) 39899 bytes
2026-07-14 09:34:52,060 [INFO] [OK] Argentina/GFS_ENSEMBLE_Soy_PRCP_DEP/daily dia 11 (2026-07-25 → 2026-07-25) 42628 bytes
2026-07-14 09:34:52,204 [INFO] [OK] Brazil/ECM_ENSEMBLE_Corn_Winter_PRCP/cumulative dia 14 (2026-07-14 → 2026-07-28) 43292 bytes
2026-07-14 09:34:52,608 [INFO] [OK] Argentina/GFS_ENSEMBLE_Soy_PRCP_DEP/daily dia 12 (2026-07-26 → 2026-07-26) 44679 bytes
2026-07-14 09:34:53,200 [INFO] [OK] Argentina/GFS_ENSEMBLE_Soy_PRCP_DEP/daily dia 13 (2026-07-27 → 2026-07-27) 44028 bytes
2026-07-14 09:34:53,262 [INFO] [OK] Argentina/GFS_ENSEMBLE_Soy_PRCP_DEP/daily dia 14 (2026-07-28 → 2026-07-28) 44568 bytes
2026-07-14 09:34:53,770 [INFO] [OK] Argentina/GFS_ENSEMBLE_Soy_PRCP_DEP/cumulative dia 00 (2026-07-14 → 2026-07-14) 28512 bytes
2026-07-14 09:34:54,055 [INFO] [OK] Argentina/GFS_ENSEMBLE_Soy_PRCP_DEP/cumulative dia 01 (2026-07-14 → 2026-07-15) 28691 bytes
2026-07-14 09:34:54,237 [INFO] [OK] Argentina/GFS_ENSEMBLE_Soy_PRCP_DEP/cumulative dia 02 (2026-07-14 → 2026-07-16) 33673 bytes
2026-07-14 09:34:54,698 [INFO] [OK] Argentina/GFS_ENSEMBLE_Soy_PRCP_DEP/cumulative dia 03 (2026-07-14 → 2026-07-17) 35655 bytes
2026-07-14 09:34:55,655 [INFO] [OK] Argentina/GFS_ENSEMBLE_Soy_PRCP_DEP/cumulative dia 04 (2026-07-14 → 2026-07-18) 36325 bytes
2026-07-14 09:34:56,041 [INFO] [OK] Argentina/GFS_ENSEMBLE_Soy_PRCP_DEP/cumulative dia 05 (2026-07-14 → 2026-07-19) 37306 bytes
2026-07-14 09:34:56,974 [INFO] [OK] Argentina/GFS_ENSEMBLE_Soy_PRCP_DEP/cumulative dia 06 (2026-07-14 → 2026-07-20) 37562 bytes
2026-07-14 09:34:57,560 [INFO] [OK] Argentina/GFS_ENSEMBLE_Soy_PRCP_DEP/cumulative dia 07 (2026-07-14 → 2026-07-21) 38391 bytes
2026-07-14 09:34:57,617 [INFO] [OK] Argentina/GFS_ENSEMBLE_Soy_PRCP_DEP/cumulative dia 08 (2026-07-14 → 2026-07-22) 37963 bytes
2026-07-14 09:34:58,499 [INFO] [OK] Argentina/GFS_ENSEMBLE_Soy_PRCP_DEP/cumulative dia 09 (2026-07-14 → 2026-07-23) 38212 bytes
2026-07-14 09:34:59,664 [INFO] [OK] Argentina/GFS_ENSEMBLE_Soy_PRCP_DEP/cumulative dia 10 (2026-07-14 → 2026-07-24) 38916 bytes
2026-07-14 09:35:00,068 [INFO] [OK] Argentina/GFS_ENSEMBLE_Soy_PRCP_DEP/cumulative dia 11 (2026-07-14 → 2026-07-25) 39060 bytes
2026-07-14 09:35:00,156 [INFO] [OK] Argentina/GFS_ENSEMBLE_Soy_PRCP/daily dia 00 (2026-07-14 → 2026-07-14) 26567 bytes
2026-07-14 09:35:01,387 [INFO] [OK] Argentina/GFS_ENSEMBLE_Soy_PRCP/daily dia 01 (2026-07-15 → 2026-07-15) 26656 bytes
2026-07-14 09:35:01,443 [INFO] [OK] Argentina/GFS_ENSEMBLE_Soy_PRCP_DEP/cumulative dia 12 (2026-07-14 → 2026-07-26) 40686 bytes
2026-07-14 09:35:01,719 [INFO] [OK] Argentina/GFS_ENSEMBLE_Soy_PRCP/daily dia 02 (2026-07-16 → 2026-07-16) 28834 bytes
2026-07-14 09:35:01,842 [INFO] [OK] Argentina/GFS_ENSEMBLE_Soy_PRCP/daily dia 03 (2026-07-17 → 2026-07-17) 29250 bytes
2026-07-14 09:35:01,931 [INFO] [OK] Argentina/GFS_ENSEMBLE_Soy_PRCP_DEP/cumulative dia 13 (2026-07-14 → 2026-07-27) 41790 bytes
2026-07-14 09:35:02,483 [INFO] [OK] Argentina/GFS_ENSEMBLE_Soy_PRCP_DEP/cumulative dia 14 (2026-07-14 → 2026-07-28) 42834 bytes
2026-07-14 09:35:03,144 [INFO] [OK] Argentina/GFS_ENSEMBLE_Soy_PRCP/daily dia 05 (2026-07-19 → 2026-07-19) 29707 bytes
2026-07-14 09:35:03,310 [INFO] [OK] Argentina/GFS_ENSEMBLE_Soy_PRCP/daily dia 04 (2026-07-18 → 2026-07-18) 29503 bytes
2026-07-14 09:35:03,502 [INFO] [OK] Argentina/GFS_ENSEMBLE_Soy_PRCP/daily dia 06 (2026-07-20 → 2026-07-20) 28848 bytes
2026-07-14 09:35:03,621 [INFO] [OK] Argentina/GFS_ENSEMBLE_Soy_PRCP/daily dia 07 (2026-07-21 → 2026-07-21) 27582 bytes
2026-07-14 09:35:04,050 [INFO] [OK] Argentina/GFS_ENSEMBLE_Soy_PRCP/daily dia 08 (2026-07-22 → 2026-07-22) 27646 bytes
2026-07-14 09:35:04,620 [INFO] [OK] Argentina/GFS_ENSEMBLE_Soy_PRCP/daily dia 09 (2026-07-23 → 2026-07-23) 27408 bytes
2026-07-14 09:35:04,754 [INFO] [OK] Argentina/GFS_ENSEMBLE_Soy_PRCP/daily dia 10 (2026-07-24 → 2026-07-24) 28017 bytes
2026-07-14 09:35:05,123 [INFO] [OK] Argentina/GFS_ENSEMBLE_Soy_PRCP/daily dia 12 (2026-07-26 → 2026-07-26) 28026 bytes
2026-07-14 09:35:05,126 [INFO] [OK] Argentina/GFS_ENSEMBLE_Soy_PRCP/daily dia 11 (2026-07-25 → 2026-07-25) 28145 bytes
2026-07-14 09:35:05,541 [INFO] [OK] Argentina/GFS_ENSEMBLE_Soy_PRCP/daily dia 13 (2026-07-27 → 2026-07-27) 28332 bytes
2026-07-14 09:35:05,648 [INFO] [OK] Argentina/GFS_ENSEMBLE_Soy_PRCP/daily dia 14 (2026-07-28 → 2026-07-28) 28052 bytes
2026-07-14 09:35:06,560 [INFO] [OK] Argentina/GFS_ENSEMBLE_Soy_PRCP/cumulative dia 00 (2026-07-14 → 2026-07-14) 26567 bytes
2026-07-14 09:35:06,776 [INFO] [OK] Argentina/GFS_ENSEMBLE_Soy_PRCP/cumulative dia 01 (2026-07-14 → 2026-07-15) 26945 bytes
2026-07-14 09:35:07,732 [INFO] [OK] Argentina/GFS_ENSEMBLE_Soy_PRCP/cumulative dia 02 (2026-07-14 → 2026-07-16) 29478 bytes
2026-07-14 09:35:07,960 [INFO] [OK] Argentina/GFS_ENSEMBLE_Soy_PRCP/cumulative dia 03 (2026-07-14 → 2026-07-17) 30581 bytes
2026-07-14 09:35:08,502 [INFO] [OK] Argentina/GFS_ENSEMBLE_Soy_PRCP/cumulative dia 04 (2026-07-14 → 2026-07-18) 32095 bytes
2026-07-14 09:35:09,061 [INFO] [OK] Argentina/GFS_ENSEMBLE_Soy_PRCP/cumulative dia 05 (2026-07-14 → 2026-07-19) 33355 bytes
2026-07-14 09:35:09,841 [INFO] [OK] Argentina/GFS_ENSEMBLE_Soy_PRCP/cumulative dia 06 (2026-07-14 → 2026-07-20) 34353 bytes
2026-07-14 09:35:10,075 [INFO] [OK] Argentina/GFS_ENSEMBLE_Soy_PRCP/cumulative dia 07 (2026-07-14 → 2026-07-21) 34755 bytes
2026-07-14 09:35:11,184 [INFO] [OK] Argentina/GFS_ENSEMBLE_Soy_PRCP/cumulative dia 08 (2026-07-14 → 2026-07-22) 34939 bytes
2026-07-14 09:35:12,085 [INFO] [OK] Argentina/GFS_ENSEMBLE_Soy_PRCP/cumulative dia 09 (2026-07-14 → 2026-07-23) 35015 bytes
2026-07-14 09:35:12,491 [INFO] [OK] Argentina/GFS_ENSEMBLE_Soy_PRCP/cumulative dia 10 (2026-07-14 → 2026-07-24) 35341 bytes
2026-07-14 09:35:13,586 [INFO] [OK] Argentina/GFS_ENSEMBLE_Soy_PRCP/cumulative dia 11 (2026-07-14 → 2026-07-25) 35401 bytes
2026-07-14 09:35:13,841 [INFO] [OK] Argentina/GFS_ENSEMBLE_Corn_Winter_PRCP_DEP/daily dia 00 (2026-07-14 → 2026-07-14) 26918 bytes
2026-07-14 09:35:14,348 [INFO] [OK] Argentina/GFS_ENSEMBLE_Soy_PRCP/cumulative dia 12 (2026-07-14 → 2026-07-26) 36069 bytes
2026-07-14 09:35:14,358 [INFO] [OK] Argentina/GFS_ENSEMBLE_Corn_Winter_PRCP_DEP/daily dia 01 (2026-07-15 → 2026-07-15) 26473 bytes
2026-07-14 09:35:15,136 [INFO] [OK] Argentina/GFS_ENSEMBLE_Soy_PRCP/cumulative dia 13 (2026-07-14 → 2026-07-27) 36231 bytes
2026-07-14 09:35:15,468 [INFO] [OK] Argentina/GFS_ENSEMBLE_Corn_Winter_PRCP_DEP/daily dia 02 (2026-07-16 → 2026-07-16) 32273 bytes
2026-07-14 09:35:15,708 [INFO] [OK] Argentina/GFS_ENSEMBLE_Corn_Winter_PRCP_DEP/daily dia 03 (2026-07-17 → 2026-07-17) 32864 bytes
2026-07-14 09:35:16,096 [INFO] [OK] Argentina/GFS_ENSEMBLE_Corn_Winter_PRCP_DEP/daily dia 05 (2026-07-19 → 2026-07-19) 34449 bytes
2026-07-14 09:35:16,186 [INFO] [OK] Argentina/GFS_ENSEMBLE_Soy_PRCP/cumulative dia 14 (2026-07-14 → 2026-07-28) 36321 bytes
2026-07-14 09:35:16,216 [INFO] [OK] Argentina/GFS_ENSEMBLE_Corn_Winter_PRCP_DEP/daily dia 04 (2026-07-18 → 2026-07-18) 34104 bytes
2026-07-14 09:35:16,963 [INFO] [OK] Argentina/GFS_ENSEMBLE_Corn_Winter_PRCP_DEP/daily dia 06 (2026-07-20 → 2026-07-20) 36350 bytes
2026-07-14 09:35:17,451 [INFO] [OK] Argentina/GFS_ENSEMBLE_Corn_Winter_PRCP_DEP/daily dia 07 (2026-07-21 → 2026-07-21) 36964 bytes
2026-07-14 09:35:17,482 [INFO] [OK] Argentina/GFS_ENSEMBLE_Corn_Winter_PRCP_DEP/daily dia 08 (2026-07-22 → 2026-07-22) 36076 bytes
2026-07-14 09:35:17,906 [INFO] [OK] Argentina/GFS_ENSEMBLE_Corn_Winter_PRCP_DEP/daily dia 09 (2026-07-23 → 2026-07-23) 36603 bytes
2026-07-14 09:35:18,252 [INFO] [OK] Argentina/GFS_ENSEMBLE_Corn_Winter_PRCP_DEP/daily dia 11 (2026-07-25 → 2026-07-25) 40819 bytes
2026-07-14 09:35:18,278 [INFO] [OK] Argentina/GFS_ENSEMBLE_Corn_Winter_PRCP_DEP/daily dia 10 (2026-07-24 → 2026-07-24) 38243 bytes
2026-07-14 09:35:19,171 [INFO] [OK] Argentina/GFS_ENSEMBLE_Corn_Winter_PRCP_DEP/daily dia 12 (2026-07-26 → 2026-07-26) 43149 bytes
2026-07-14 09:35:19,594 [INFO] [OK] Argentina/GFS_ENSEMBLE_Corn_Winter_PRCP_DEP/daily dia 13 (2026-07-27 → 2026-07-27) 42191 bytes
2026-07-14 09:35:19,644 [INFO] [OK] Argentina/GFS_ENSEMBLE_Corn_Winter_PRCP_DEP/daily dia 14 (2026-07-28 → 2026-07-28) 42806 bytes
2026-07-14 09:35:20,527 [INFO] [OK] Argentina/GFS_ENSEMBLE_Corn_Winter_PRCP_DEP/cumulative dia 01 (2026-07-14 → 2026-07-15) 27118 bytes
2026-07-14 09:35:20,532 [INFO] [OK] Argentina/GFS_ENSEMBLE_Corn_Winter_PRCP_DEP/cumulative dia 00 (2026-07-14 → 2026-07-14) 26918 bytes
2026-07-14 09:35:20,690 [INFO] [OK] Argentina/GFS_ENSEMBLE_Corn_Winter_PRCP_DEP/cumulative dia 02 (2026-07-14 → 2026-07-16) 32022 bytes
2026-07-14 09:35:21,564 [INFO] [OK] Argentina/GFS_ENSEMBLE_Corn_Winter_PRCP_DEP/cumulative dia 03 (2026-07-14 → 2026-07-17) 34123 bytes
2026-07-14 09:35:22,378 [INFO] [OK] Argentina/GFS_ENSEMBLE_Corn_Winter_PRCP_DEP/cumulative dia 04 (2026-07-14 → 2026-07-18) 34703 bytes
2026-07-14 09:35:22,723 [INFO] [OK] Argentina/GFS_ENSEMBLE_Corn_Winter_PRCP_DEP/cumulative dia 05 (2026-07-14 → 2026-07-19) 35680 bytes
2026-07-14 09:35:23,741 [INFO] [OK] Argentina/GFS_ENSEMBLE_Corn_Winter_PRCP_DEP/cumulative dia 06 (2026-07-14 → 2026-07-20) 35962 bytes
2026-07-14 09:35:23,944 [INFO] [OK] Argentina/GFS_ENSEMBLE_Corn_Winter_PRCP_DEP/cumulative dia 07 (2026-07-14 → 2026-07-21) 36680 bytes
2026-07-14 09:35:24,303 [INFO] [OK] Argentina/GFS_ENSEMBLE_Corn_Winter_PRCP_DEP/cumulative dia 08 (2026-07-14 → 2026-07-22) 36246 bytes
2026-07-14 09:35:25,413 [INFO] [OK] Argentina/GFS_ENSEMBLE_Corn_Winter_PRCP_DEP/cumulative dia 09 (2026-07-14 → 2026-07-23) 36505 bytes
2026-07-14 09:35:26,405 [INFO] [OK] Argentina/GFS_ENSEMBLE_Corn_Winter_PRCP_DEP/cumulative dia 10 (2026-07-14 → 2026-07-24) 37351 bytes
2026-07-14 09:35:27,016 [INFO] [OK] Argentina/GFS_ENSEMBLE_Corn_Winter_PRCP_DEP/cumulative dia 11 (2026-07-14 → 2026-07-25) 37555 bytes
2026-07-14 09:35:27,265 [INFO] [OK] Argentina/GFS_ENSEMBLE_Corn_Winter_PRCP/daily dia 00 (2026-07-14 → 2026-07-14) 24710 bytes
2026-07-14 09:35:27,863 [INFO] [OK] Argentina/GFS_ENSEMBLE_Corn_Winter_PRCP_DEP/cumulative dia 12 (2026-07-14 → 2026-07-26) 39169 bytes
2026-07-14 09:35:28,114 [INFO] [OK] Argentina/GFS_ENSEMBLE_Corn_Winter_PRCP/daily dia 01 (2026-07-15 → 2026-07-15) 24805 bytes
2026-07-14 09:35:28,522 [INFO] [OK] Argentina/GFS_ENSEMBLE_Corn_Winter_PRCP_DEP/cumulative dia 13 (2026-07-14 → 2026-07-27) 40308 bytes
2026-07-14 09:35:29,153 [INFO] [OK] Argentina/GFS_ENSEMBLE_Corn_Winter_PRCP_DEP/cumulative dia 14 (2026-07-14 → 2026-07-28) 41384 bytes
2026-07-14 09:35:29,243 [INFO] [OK] Argentina/GFS_ENSEMBLE_Corn_Winter_PRCP/daily dia 02 (2026-07-16 → 2026-07-16) 26801 bytes
2026-07-14 09:35:29,252 [INFO] [OK] Argentina/GFS_ENSEMBLE_Corn_Winter_PRCP/daily dia 03 (2026-07-17 → 2026-07-17) 27309 bytes
2026-07-14 09:35:29,767 [INFO] [OK] Argentina/GFS_ENSEMBLE_Corn_Winter_PRCP/daily dia 04 (2026-07-18 → 2026-07-18) 27538 bytes
2026-07-14 09:35:30,554 [INFO] [OK] Argentina/GFS_ENSEMBLE_Corn_Winter_PRCP/daily dia 05 (2026-07-19 → 2026-07-19) 27807 bytes
2026-07-14 09:35:30,560 [INFO] [OK] Argentina/GFS_ENSEMBLE_Corn_Winter_PRCP/daily dia 06 (2026-07-20 → 2026-07-20) 26987 bytes
2026-07-14 09:35:32,084 [INFO] [OK] Argentina/GFS_ENSEMBLE_Corn_Winter_PRCP/daily dia 08 (2026-07-22 → 2026-07-22) 25740 bytes
2026-07-14 09:35:32,085 [INFO] [OK] Argentina/GFS_ENSEMBLE_Corn_Winter_PRCP/daily dia 09 (2026-07-23 → 2026-07-23) 25497 bytes
2026-07-14 09:35:32,087 [INFO] [OK] Argentina/GFS_ENSEMBLE_Corn_Winter_PRCP/daily dia 07 (2026-07-21 → 2026-07-21) 25785 bytes
2026-07-14 09:35:32,871 [INFO] [OK] Argentina/GFS_ENSEMBLE_Corn_Winter_PRCP/daily dia 11 (2026-07-25 → 2026-07-25) 26267 bytes
2026-07-14 09:35:32,873 [INFO] [OK] Argentina/GFS_ENSEMBLE_Corn_Winter_PRCP/daily dia 10 (2026-07-24 → 2026-07-24) 26136 bytes
2026-07-14 09:35:32,908 [INFO] [OK] Argentina/GFS_ENSEMBLE_Corn_Winter_PRCP/daily dia 12 (2026-07-26 → 2026-07-26) 26197 bytes
2026-07-14 09:35:36,374 [INFO] [OK] Argentina/GFS_ENSEMBLE_Corn_Winter_PRCP/daily dia 13 (2026-07-27 → 2026-07-27) 26396 bytes
2026-07-14 09:35:36,383 [INFO] [OK] Argentina/GFS_ENSEMBLE_Corn_Winter_PRCP/daily dia 14 (2026-07-28 → 2026-07-28) 26072 bytes
2026-07-14 09:35:37,236 [INFO] [OK] Argentina/GFS_ENSEMBLE_Corn_Winter_PRCP/cumulative dia 00 (2026-07-14 → 2026-07-14) 24710 bytes
2026-07-14 09:35:37,576 [INFO] [OK] Argentina/GFS_ENSEMBLE_Corn_Winter_PRCP/cumulative dia 01 (2026-07-14 → 2026-07-15) 25164 bytes
2026-07-14 09:35:37,605 [INFO] [OK] Argentina/GFS_ENSEMBLE_Corn_Winter_PRCP/cumulative dia 02 (2026-07-14 → 2026-07-16) 27528 bytes
2026-07-14 09:35:37,626 [INFO] [OK] Argentina/GFS_ENSEMBLE_Corn_Winter_PRCP/cumulative dia 03 (2026-07-14 → 2026-07-17) 28616 bytes
2026-07-14 09:35:38,851 [INFO] [OK] Argentina/GFS_ENSEMBLE_Corn_Winter_PRCP/cumulative dia 04 (2026-07-14 → 2026-07-18) 30016 bytes
2026-07-14 09:35:39,348 [INFO] [OK] Argentina/GFS_ENSEMBLE_Corn_Winter_PRCP/cumulative dia 05 (2026-07-14 → 2026-07-19) 31335 bytes
2026-07-14 09:35:40,126 [INFO] [OK] Argentina/GFS_ENSEMBLE_Corn_Winter_PRCP/cumulative dia 06 (2026-07-14 → 2026-07-20) 32276 bytes
2026-07-14 09:35:41,005 [INFO] [OK] Argentina/GFS_ENSEMBLE_Corn_Winter_PRCP/cumulative dia 07 (2026-07-14 → 2026-07-21) 32843 bytes
2026-07-14 09:35:41,443 [INFO] [OK] Argentina/GFS_ENSEMBLE_Corn_Winter_PRCP/cumulative dia 08 (2026-07-14 → 2026-07-22) 33069 bytes
2026-07-14 09:35:41,574 [INFO] [OK] Argentina/GFS_ENSEMBLE_Corn_Winter_PRCP/cumulative dia 09 (2026-07-14 → 2026-07-23) 33131 bytes
2026-07-14 09:35:43,436 [INFO] [OK] Argentina/GFS_ENSEMBLE_Corn_Winter_PRCP/cumulative dia 10 (2026-07-14 → 2026-07-24) 33484 bytes
2026-07-14 09:35:43,673 [INFO] [OK] Argentina/ECM_ENSEMBLE_Soy_PRCP_DEP/daily dia 00 (2026-07-14 → 2026-07-14) 29875 bytes
2026-07-14 09:35:43,927 [INFO] [OK] Argentina/GFS_ENSEMBLE_Corn_Winter_PRCP/cumulative dia 11 (2026-07-14 → 2026-07-25) 33608 bytes
2026-07-14 09:35:44,731 [INFO] [OK] Argentina/GFS_ENSEMBLE_Corn_Winter_PRCP/cumulative dia 12 (2026-07-14 → 2026-07-26) 34299 bytes
2026-07-14 09:35:45,478 [INFO] [OK] Argentina/ECM_ENSEMBLE_Soy_PRCP_DEP/daily dia 02 (2026-07-16 → 2026-07-16) 37937 bytes
2026-07-14 09:35:45,481 [INFO] [OK] Argentina/ECM_ENSEMBLE_Soy_PRCP_DEP/daily dia 01 (2026-07-15 → 2026-07-15) 32725 bytes
2026-07-14 09:35:45,767 [INFO] [OK] Argentina/ECM_ENSEMBLE_Soy_PRCP_DEP/daily dia 03 (2026-07-17 → 2026-07-17) 37592 bytes
2026-07-14 09:35:45,852 [INFO] [OK] Argentina/GFS_ENSEMBLE_Corn_Winter_PRCP/cumulative dia 13 (2026-07-14 → 2026-07-27) 34467 bytes
2026-07-14 09:35:46,502 [INFO] [OK] Argentina/GFS_ENSEMBLE_Corn_Winter_PRCP/cumulative dia 14 (2026-07-14 → 2026-07-28) 34477 bytes
2026-07-14 09:35:46,703 [INFO] [OK] Argentina/ECM_ENSEMBLE_Soy_PRCP_DEP/daily dia 04 (2026-07-18 → 2026-07-18) 35763 bytes
2026-07-14 09:35:47,354 [INFO] [OK] Argentina/ECM_ENSEMBLE_Soy_PRCP_DEP/daily dia 06 (2026-07-20 → 2026-07-20) 37196 bytes
2026-07-14 09:35:47,367 [INFO] [OK] Argentina/ECM_ENSEMBLE_Soy_PRCP_DEP/daily dia 05 (2026-07-19 → 2026-07-19) 36926 bytes
2026-07-14 09:35:47,573 [INFO] [OK] Argentina/ECM_ENSEMBLE_Soy_PRCP_DEP/daily dia 08 (2026-07-22 → 2026-07-22) 39755 bytes
2026-07-14 09:35:47,690 [INFO] [OK] Argentina/ECM_ENSEMBLE_Soy_PRCP_DEP/daily dia 07 (2026-07-21 → 2026-07-21) 37967 bytes
2026-07-14 09:35:48,314 [INFO] [OK] Argentina/ECM_ENSEMBLE_Soy_PRCP_DEP/daily dia 09 (2026-07-23 → 2026-07-23) 39427 bytes
2026-07-14 09:35:48,559 [INFO] [OK] Argentina/ECM_ENSEMBLE_Soy_PRCP_DEP/daily dia 10 (2026-07-24 → 2026-07-24) 39346 bytes
2026-07-14 09:35:49,379 [INFO] [OK] Argentina/ECM_ENSEMBLE_Soy_PRCP_DEP/daily dia 13 (2026-07-27 → 2026-07-27) 44266 bytes
2026-07-14 09:35:49,382 [INFO] [OK] Argentina/ECM_ENSEMBLE_Soy_PRCP_DEP/daily dia 12 (2026-07-26 → 2026-07-26) 43909 bytes
2026-07-14 09:35:49,973 [INFO] [OK] Argentina/ECM_ENSEMBLE_Soy_PRCP_DEP/daily dia 14 (2026-07-28 → 2026-07-28) 46385 bytes
2026-07-14 09:35:49,981 [INFO] [OK] Argentina/ECM_ENSEMBLE_Soy_PRCP_DEP/daily dia 11 (2026-07-25 → 2026-07-25) 44101 bytes
2026-07-14 09:35:50,183 [INFO] [OK] Argentina/ECM_ENSEMBLE_Soy_PRCP_DEP/cumulative dia 00 (2026-07-14 → 2026-07-14) 29875 bytes
2026-07-14 09:35:50,480 [INFO] [OK] Argentina/ECM_ENSEMBLE_Soy_PRCP_DEP/cumulative dia 01 (2026-07-14 → 2026-07-15) 32190 bytes
2026-07-14 09:35:52,037 [INFO] [OK] Argentina/ECM_ENSEMBLE_Soy_PRCP_DEP/cumulative dia 03 (2026-07-14 → 2026-07-17) 37180 bytes
2026-07-14 09:35:52,065 [INFO] [OK] Argentina/ECM_ENSEMBLE_Soy_PRCP_DEP/cumulative dia 02 (2026-07-14 → 2026-07-16) 36414 bytes
2026-07-14 09:35:52,667 [INFO] [OK] Argentina/ECM_ENSEMBLE_Soy_PRCP_DEP/cumulative dia 04 (2026-07-14 → 2026-07-18) 37459 bytes
2026-07-14 09:35:52,673 [INFO] [OK] Argentina/ECM_ENSEMBLE_Soy_PRCP_DEP/cumulative dia 05 (2026-07-14 → 2026-07-19) 36825 bytes
2026-07-14 09:35:53,155 [INFO] [OK] Argentina/ECM_ENSEMBLE_Soy_PRCP_DEP/cumulative dia 06 (2026-07-14 → 2026-07-20) 38239 bytes
2026-07-14 09:35:53,610 [INFO] [OK] Argentina/ECM_ENSEMBLE_Soy_PRCP_DEP/cumulative dia 07 (2026-07-14 → 2026-07-21) 38960 bytes
2026-07-14 09:35:55,024 [INFO] [OK] Argentina/ECM_ENSEMBLE_Soy_PRCP_DEP/cumulative dia 08 (2026-07-14 → 2026-07-22) 38963 bytes
2026-07-14 09:35:55,109 [INFO] [OK] Argentina/ECM_ENSEMBLE_Soy_PRCP_DEP/cumulative dia 09 (2026-07-14 → 2026-07-23) 39178 bytes
2026-07-14 09:35:55,758 [INFO] [OK] Argentina/ECM_ENSEMBLE_Soy_PRCP_DEP/cumulative dia 11 (2026-07-14 → 2026-07-25) 39744 bytes
2026-07-14 09:35:56,341 [INFO] [OK] Argentina/ECM_ENSEMBLE_Soy_PRCP_DEP/cumulative dia 10 (2026-07-14 → 2026-07-24) 39177 bytes
2026-07-14 09:35:56,527 [INFO] [OK] Argentina/ECM_ENSEMBLE_Soy_PRCP_DEP/cumulative dia 12 (2026-07-14 → 2026-07-26) 40902 bytes
2026-07-14 09:35:56,534 [INFO] [OK] Argentina/ECM_ENSEMBLE_Soy_PRCP/daily dia 00 (2026-07-14 → 2026-07-14) 26824 bytes
2026-07-14 09:35:56,856 [INFO] [OK] Argentina/ECM_ENSEMBLE_Soy_PRCP_DEP/cumulative dia 13 (2026-07-14 → 2026-07-27) 41304 bytes
2026-07-14 09:35:56,935 [INFO] [OK] Argentina/ECM_ENSEMBLE_Soy_PRCP/daily dia 01 (2026-07-15 → 2026-07-15) 26939 bytes
2026-07-14 09:35:57,669 [INFO] [OK] Argentina/ECM_ENSEMBLE_Soy_PRCP/daily dia 02 (2026-07-16 → 2026-07-16) 29534 bytes
2026-07-14 09:35:57,939 [INFO] [OK] Argentina/ECM_ENSEMBLE_Soy_PRCP/daily dia 03 (2026-07-17 → 2026-07-17) 29635 bytes
2026-07-14 09:35:57,950 [INFO] [OK] Argentina/ECM_ENSEMBLE_Soy_PRCP_DEP/cumulative dia 14 (2026-07-14 → 2026-07-28) 41675 bytes
2026-07-14 09:35:58,216 [INFO] [OK] Argentina/ECM_ENSEMBLE_Soy_PRCP/daily dia 04 (2026-07-18 → 2026-07-18) 30148 bytes
2026-07-14 09:35:58,245 [INFO] [OK] Argentina/ECM_ENSEMBLE_Soy_PRCP/daily dia 06 (2026-07-20 → 2026-07-20) 30495 bytes
2026-07-14 09:35:58,267 [INFO] [OK] Argentina/ECM_ENSEMBLE_Soy_PRCP/daily dia 05 (2026-07-19 → 2026-07-19) 30526 bytes
2026-07-14 09:35:58,786 [INFO] [OK] Argentina/ECM_ENSEMBLE_Soy_PRCP/daily dia 07 (2026-07-21 → 2026-07-21) 29889 bytes
2026-07-14 09:35:59,062 [INFO] [OK] Argentina/ECM_ENSEMBLE_Soy_PRCP/daily dia 08 (2026-07-22 → 2026-07-22) 29297 bytes
2026-07-14 09:35:59,253 [INFO] [OK] Argentina/ECM_ENSEMBLE_Soy_PRCP/daily dia 09 (2026-07-23 → 2026-07-23) 29187 bytes
2026-07-14 09:35:59,525 [INFO] [OK] Argentina/ECM_ENSEMBLE_Soy_PRCP/daily dia 10 (2026-07-24 → 2026-07-24) 28922 bytes
2026-07-14 09:35:59,649 [INFO] [OK] Argentina/ECM_ENSEMBLE_Soy_PRCP/daily dia 11 (2026-07-25 → 2026-07-25) 29043 bytes
2026-07-14 09:35:59,748 [INFO] [OK] Argentina/ECM_ENSEMBLE_Soy_PRCP/daily dia 12 (2026-07-26 → 2026-07-26) 28739 bytes
2026-07-14 09:36:00,011 [INFO] [OK] Argentina/ECM_ENSEMBLE_Soy_PRCP/daily dia 13 (2026-07-27 → 2026-07-27) 27973 bytes
2026-07-14 09:36:00,246 [INFO] [OK] Argentina/ECM_ENSEMBLE_Soy_PRCP/daily dia 14 (2026-07-28 → 2026-07-28) 27669 bytes
2026-07-14 09:36:00,392 [INFO] [OK] Argentina/ECM_ENSEMBLE_Soy_PRCP/cumulative dia 00 (2026-07-14 → 2026-07-14) 26824 bytes
2026-07-14 09:36:01,028 [INFO] [OK] Argentina/ECM_ENSEMBLE_Soy_PRCP/cumulative dia 01 (2026-07-14 → 2026-07-15) 27539 bytes
2026-07-14 09:36:01,210 [INFO] [OK] Argentina/ECM_ENSEMBLE_Soy_PRCP/cumulative dia 02 (2026-07-14 → 2026-07-16) 30565 bytes
2026-07-14 09:36:01,408 [INFO] [OK] Argentina/ECM_ENSEMBLE_Soy_PRCP/cumulative dia 03 (2026-07-14 → 2026-07-17) 32266 bytes
2026-07-14 09:36:02,162 [INFO] [OK] Argentina/ECM_ENSEMBLE_Soy_PRCP/cumulative dia 04 (2026-07-14 → 2026-07-18) 33613 bytes
2026-07-14 09:36:02,219 [INFO] [OK] Argentina/ECM_ENSEMBLE_Soy_PRCP/cumulative dia 05 (2026-07-14 → 2026-07-19) 34495 bytes
2026-07-14 09:36:02,319 [INFO] [OK] Argentina/ECM_ENSEMBLE_Soy_PRCP/cumulative dia 06 (2026-07-14 → 2026-07-20) 36071 bytes
2026-07-14 09:36:03,093 [INFO] [OK] Argentina/ECM_ENSEMBLE_Soy_PRCP/cumulative dia 07 (2026-07-14 → 2026-07-21) 36824 bytes
2026-07-14 09:36:03,457 [INFO] [OK] Argentina/ECM_ENSEMBLE_Soy_PRCP/cumulative dia 08 (2026-07-14 → 2026-07-22) 37233 bytes
2026-07-14 09:36:04,390 [INFO] [OK] Argentina/ECM_ENSEMBLE_Soy_PRCP/cumulative dia 09 (2026-07-14 → 2026-07-23) 37779 bytes
2026-07-14 09:36:05,188 [INFO] [OK] Argentina/ECM_ENSEMBLE_Soy_PRCP/cumulative dia 10 (2026-07-14 → 2026-07-24) 38232 bytes
2026-07-14 09:36:05,394 [INFO] [OK] Argentina/ECM_ENSEMBLE_Soy_PRCP/cumulative dia 12 (2026-07-14 → 2026-07-26) 38517 bytes
2026-07-14 09:36:05,401 [INFO] [OK] Argentina/ECM_ENSEMBLE_Soy_PRCP/cumulative dia 11 (2026-07-14 → 2026-07-25) 38469 bytes
2026-07-14 09:36:05,667 [INFO] [OK] Argentina/ECM_ENSEMBLE_Corn_Winter_PRCP_DEP/daily dia 00 (2026-07-14 → 2026-07-14) 28283 bytes
2026-07-14 09:36:06,127 [INFO] [OK] Argentina/ECM_ENSEMBLE_Soy_PRCP/cumulative dia 13 (2026-07-14 → 2026-07-27) 38491 bytes
2026-07-14 09:36:06,406 [INFO] [OK] Argentina/ECM_ENSEMBLE_Corn_Winter_PRCP_DEP/daily dia 01 (2026-07-15 → 2026-07-15) 31088 bytes
2026-07-14 09:36:06,422 [INFO] [OK] Argentina/ECM_ENSEMBLE_Soy_PRCP/cumulative dia 14 (2026-07-14 → 2026-07-28) 38640 bytes
2026-07-14 09:36:06,592 [INFO] [OK] Argentina/ECM_ENSEMBLE_Corn_Winter_PRCP_DEP/daily dia 02 (2026-07-16 → 2026-07-16) 36282 bytes
2026-07-14 09:36:06,694 [INFO] [OK] Argentina/ECM_ENSEMBLE_Corn_Winter_PRCP_DEP/daily dia 04 (2026-07-18 → 2026-07-18) 34032 bytes
2026-07-14 09:36:06,695 [INFO] [OK] Argentina/ECM_ENSEMBLE_Corn_Winter_PRCP_DEP/daily dia 03 (2026-07-17 → 2026-07-17) 35950 bytes
2026-07-14 09:36:07,349 [INFO] [OK] Argentina/ECM_ENSEMBLE_Corn_Winter_PRCP_DEP/daily dia 05 (2026-07-19 → 2026-07-19) 35124 bytes
2026-07-14 09:36:07,467 [INFO] [OK] Argentina/ECM_ENSEMBLE_Corn_Winter_PRCP_DEP/daily dia 07 (2026-07-21 → 2026-07-21) 36233 bytes
2026-07-14 09:36:07,471 [INFO] [OK] Argentina/ECM_ENSEMBLE_Corn_Winter_PRCP_DEP/daily dia 06 (2026-07-20 → 2026-07-20) 35304 bytes
2026-07-14 09:36:07,733 [INFO] [OK] Argentina/ECM_ENSEMBLE_Corn_Winter_PRCP_DEP/daily dia 08 (2026-07-22 → 2026-07-22) 38106 bytes
2026-07-14 09:36:07,745 [INFO] [OK] Argentina/ECM_ENSEMBLE_Corn_Winter_PRCP_DEP/daily dia 10 (2026-07-24 → 2026-07-24) 37665 bytes
2026-07-14 09:36:07,797 [INFO] [OK] Argentina/ECM_ENSEMBLE_Corn_Winter_PRCP_DEP/daily dia 09 (2026-07-23 → 2026-07-23) 37712 bytes
2026-07-14 09:36:08,403 [INFO] [OK] Argentina/ECM_ENSEMBLE_Corn_Winter_PRCP_DEP/daily dia 11 (2026-07-25 → 2026-07-25) 42600 bytes
2026-07-14 09:36:08,557 [INFO] [OK] Argentina/ECM_ENSEMBLE_Corn_Winter_PRCP_DEP/daily dia 12 (2026-07-26 → 2026-07-26) 42280 bytes
2026-07-14 09:36:08,560 [INFO] [OK] Argentina/ECM_ENSEMBLE_Corn_Winter_PRCP_DEP/daily dia 13 (2026-07-27 → 2026-07-27) 42565 bytes
2026-07-14 09:36:08,793 [INFO] [OK] Argentina/ECM_ENSEMBLE_Corn_Winter_PRCP_DEP/cumulative dia 00 (2026-07-14 → 2026-07-14) 28283 bytes
2026-07-14 09:36:08,838 [INFO] [OK] Argentina/ECM_ENSEMBLE_Corn_Winter_PRCP_DEP/daily dia 14 (2026-07-28 → 2026-07-28) 44484 bytes
2026-07-14 09:36:08,903 [INFO] [OK] Argentina/ECM_ENSEMBLE_Corn_Winter_PRCP_DEP/cumulative dia 01 (2026-07-14 → 2026-07-15) 30660 bytes
2026-07-14 09:36:09,502 [INFO] [OK] Argentina/ECM_ENSEMBLE_Corn_Winter_PRCP_DEP/cumulative dia 02 (2026-07-14 → 2026-07-16) 34918 bytes
2026-07-14 09:36:09,941 [INFO] [OK] Argentina/ECM_ENSEMBLE_Corn_Winter_PRCP_DEP/cumulative dia 03 (2026-07-14 → 2026-07-17) 35558 bytes
2026-07-14 09:36:09,945 [INFO] [OK] Argentina/ECM_ENSEMBLE_Corn_Winter_PRCP_DEP/cumulative dia 04 (2026-07-14 → 2026-07-18) 35891 bytes
2026-07-14 09:36:10,440 [INFO] [OK] Argentina/ECM_ENSEMBLE_Corn_Winter_PRCP_DEP/cumulative dia 05 (2026-07-14 → 2026-07-19) 35056 bytes
2026-07-14 09:36:10,448 [INFO] [OK] Argentina/ECM_ENSEMBLE_Corn_Winter_PRCP_DEP/cumulative dia 06 (2026-07-14 → 2026-07-20) 36484 bytes
2026-07-14 09:36:10,530 [INFO] [OK] Argentina/ECM_ENSEMBLE_Corn_Winter_PRCP_DEP/cumulative dia 07 (2026-07-14 → 2026-07-21) 37328 bytes
2026-07-14 09:36:11,113 [INFO] [OK] Argentina/ECM_ENSEMBLE_Corn_Winter_PRCP_DEP/cumulative dia 08 (2026-07-14 → 2026-07-22) 37397 bytes
2026-07-14 09:36:12,095 [INFO] [OK] Argentina/ECM_ENSEMBLE_Corn_Winter_PRCP_DEP/cumulative dia 10 (2026-07-14 → 2026-07-24) 37658 bytes
2026-07-14 09:36:12,149 [INFO] [OK] Argentina/ECM_ENSEMBLE_Corn_Winter_PRCP_DEP/cumulative dia 09 (2026-07-14 → 2026-07-23) 37563 bytes
2026-07-14 09:36:13,324 [INFO] [OK] Argentina/ECM_ENSEMBLE_Corn_Winter_PRCP_DEP/cumulative dia 12 (2026-07-14 → 2026-07-26) 39415 bytes
2026-07-14 09:36:13,325 [INFO] [OK] Argentina/ECM_ENSEMBLE_Corn_Winter_PRCP_DEP/cumulative dia 11 (2026-07-14 → 2026-07-25) 38272 bytes
2026-07-14 09:36:13,453 [INFO] [OK] Argentina/ECM_ENSEMBLE_Corn_Winter_PRCP/daily dia 01 (2026-07-15 → 2026-07-15) 25057 bytes
2026-07-14 09:36:13,606 [INFO] [OK] Argentina/ECM_ENSEMBLE_Corn_Winter_PRCP_DEP/cumulative dia 13 (2026-07-14 → 2026-07-27) 39842 bytes
2026-07-14 09:36:13,646 [INFO] [OK] Argentina/ECM_ENSEMBLE_Corn_Winter_PRCP/daily dia 00 (2026-07-14 → 2026-07-14) 24983 bytes
2026-07-14 09:36:14,116 [INFO] [OK] Argentina/ECM_ENSEMBLE_Corn_Winter_PRCP_DEP/cumulative dia 14 (2026-07-14 → 2026-07-28) 40117 bytes
2026-07-14 09:36:14,576 [INFO] [OK] Argentina/ECM_ENSEMBLE_Corn_Winter_PRCP/daily dia 03 (2026-07-17 → 2026-07-17) 27692 bytes
2026-07-14 09:36:14,605 [INFO] [OK] Argentina/ECM_ENSEMBLE_Corn_Winter_PRCP/daily dia 02 (2026-07-16 → 2026-07-16) 27541 bytes
2026-07-14 09:36:14,889 [INFO] [OK] Argentina/ECM_ENSEMBLE_Corn_Winter_PRCP/daily dia 04 (2026-07-18 → 2026-07-18) 28065 bytes
2026-07-14 09:36:14,933 [INFO] [OK] Argentina/ECM_ENSEMBLE_Corn_Winter_PRCP/daily dia 06 (2026-07-20 → 2026-07-20) 28699 bytes
2026-07-14 09:36:15,017 [INFO] [OK] Argentina/ECM_ENSEMBLE_Corn_Winter_PRCP/daily dia 05 (2026-07-19 → 2026-07-19) 28435 bytes
2026-07-14 09:36:15,162 [INFO] [OK] Argentina/ECM_ENSEMBLE_Corn_Winter_PRCP/daily dia 07 (2026-07-21 → 2026-07-21) 28194 bytes
2026-07-14 09:36:15,628 [INFO] [OK] Argentina/ECM_ENSEMBLE_Corn_Winter_PRCP/daily dia 09 (2026-07-23 → 2026-07-23) 27358 bytes
2026-07-14 09:36:15,646 [INFO] [OK] Argentina/ECM_ENSEMBLE_Corn_Winter_PRCP/daily dia 08 (2026-07-22 → 2026-07-22) 27508 bytes
2026-07-14 09:36:16,063 [INFO] [OK] Argentina/ECM_ENSEMBLE_Corn_Winter_PRCP/daily dia 10 (2026-07-24 → 2026-07-24) 27141 bytes
2026-07-14 09:36:16,191 [INFO] [OK] Argentina/ECM_ENSEMBLE_Corn_Winter_PRCP/daily dia 11 (2026-07-25 → 2026-07-25) 27207 bytes
2026-07-14 09:36:16,310 [INFO] [OK] Argentina/ECM_ENSEMBLE_Corn_Winter_PRCP/daily dia 13 (2026-07-27 → 2026-07-27) 26278 bytes
2026-07-14 09:36:16,318 [INFO] [OK] Argentina/ECM_ENSEMBLE_Corn_Winter_PRCP/daily dia 12 (2026-07-26 → 2026-07-26) 26970 bytes
2026-07-14 09:36:16,703 [INFO] [OK] Argentina/ECM_ENSEMBLE_Corn_Winter_PRCP/cumulative dia 00 (2026-07-14 → 2026-07-14) 24983 bytes
2026-07-14 09:36:16,770 [INFO] [OK] Argentina/ECM_ENSEMBLE_Corn_Winter_PRCP/daily dia 14 (2026-07-28 → 2026-07-28) 25796 bytes
2026-07-14 09:36:17,238 [INFO] [OK] Argentina/ECM_ENSEMBLE_Corn_Winter_PRCP/cumulative dia 01 (2026-07-14 → 2026-07-15) 25744 bytes
2026-07-14 09:36:17,622 [INFO] [OK] Argentina/ECM_ENSEMBLE_Corn_Winter_PRCP/cumulative dia 02 (2026-07-14 → 2026-07-16) 28677 bytes
2026-07-14 09:36:17,683 [INFO] [OK] Argentina/ECM_ENSEMBLE_Corn_Winter_PRCP/cumulative dia 04 (2026-07-14 → 2026-07-18) 31406 bytes
2026-07-14 09:36:18,052 [INFO] [OK] Argentina/ECM_ENSEMBLE_Corn_Winter_PRCP/cumulative dia 03 (2026-07-14 → 2026-07-17) 30133 bytes
2026-07-14 09:36:18,168 [INFO] [OK] Argentina/ECM_ENSEMBLE_Corn_Winter_PRCP/cumulative dia 05 (2026-07-14 → 2026-07-19) 32506 bytes
2026-07-14 09:36:18,359 [INFO] [OK] Argentina/ECM_ENSEMBLE_Corn_Winter_PRCP/cumulative dia 06 (2026-07-14 → 2026-07-20) 33991 bytes
2026-07-14 09:36:18,608 [INFO] [OK] Argentina/ECM_ENSEMBLE_Corn_Winter_PRCP/cumulative dia 07 (2026-07-14 → 2026-07-21) 34961 bytes
2026-07-14 09:36:19,004 [INFO] [OK] Argentina/ECM_ENSEMBLE_Corn_Winter_PRCP/cumulative dia 08 (2026-07-14 → 2026-07-22) 35428 bytes
2026-07-14 09:36:19,151 [INFO] [OK] Argentina/ECM_ENSEMBLE_Corn_Winter_PRCP/cumulative dia 09 (2026-07-14 → 2026-07-23) 35867 bytes
2026-07-14 09:36:19,614 [INFO] [OK] Argentina/ECM_ENSEMBLE_Corn_Winter_PRCP/cumulative dia 10 (2026-07-14 → 2026-07-24) 36237 bytes
2026-07-14 09:36:19,780 [INFO] [OK] Argentina/ECM_ENSEMBLE_Corn_Winter_PRCP/cumulative dia 11 (2026-07-14 → 2026-07-25) 36465 bytes
2026-07-14 09:36:20,184 [INFO] [OK] Argentina/ECM_ENSEMBLE_Corn_Winter_PRCP/cumulative dia 12 (2026-07-14 → 2026-07-26) 36617 bytes
2026-07-14 09:36:20,465 [INFO] [OK] Argentina/ECM_ENSEMBLE_Corn_Winter_PRCP/cumulative dia 13 (2026-07-14 → 2026-07-27) 36625 bytes
2026-07-14 09:36:20,844 [INFO] [OK] Argentina/ECM_ENSEMBLE_Corn_Winter_PRCP/cumulative dia 14 (2026-07-14 → 2026-07-28) 36786 bytes
2026-07-14 09:36:20,906 [INFO] [OK] USA/GFS_ENSEMBLE_Corn_PRCP_DEP/daily dia 00 (2026-07-14 → 2026-07-14) 49340 bytes
2026-07-14 09:36:21,372 [INFO] [OK] USA/GFS_ENSEMBLE_Corn_PRCP_DEP/daily dia 02 (2026-07-16 → 2026-07-16) 56437 bytes
2026-07-14 09:36:21,402 [INFO] [OK] USA/GFS_ENSEMBLE_Corn_PRCP_DEP/daily dia 01 (2026-07-15 → 2026-07-15) 51588 bytes
2026-07-14 09:36:22,163 [INFO] [OK] USA/GFS_ENSEMBLE_Corn_PRCP_DEP/daily dia 03 (2026-07-17 → 2026-07-17) 57196 bytes
2026-07-14 09:36:22,172 [INFO] [OK] USA/GFS_ENSEMBLE_Corn_PRCP_DEP/daily dia 04 (2026-07-18 → 2026-07-18) 57341 bytes
2026-07-14 09:36:22,545 [INFO] [OK] USA/GFS_ENSEMBLE_Corn_PRCP_DEP/daily dia 05 (2026-07-19 → 2026-07-19) 57664 bytes
2026-07-14 09:36:22,587 [INFO] [OK] USA/GFS_ENSEMBLE_Corn_PRCP_DEP/daily dia 06 (2026-07-20 → 2026-07-20) 58016 bytes
2026-07-14 09:36:22,968 [INFO] [OK] USA/GFS_ENSEMBLE_Corn_PRCP_DEP/daily dia 07 (2026-07-21 → 2026-07-21) 59788 bytes
2026-07-14 09:36:23,122 [INFO] [OK] USA/GFS_ENSEMBLE_Corn_PRCP_DEP/daily dia 08 (2026-07-22 → 2026-07-22) 60745 bytes
2026-07-14 09:36:23,804 [INFO] [OK] USA/GFS_ENSEMBLE_Corn_PRCP_DEP/daily dia 09 (2026-07-23 → 2026-07-23) 59398 bytes
2026-07-14 09:36:23,842 [INFO] [OK] USA/GFS_ENSEMBLE_Corn_PRCP_DEP/daily dia 10 (2026-07-24 → 2026-07-24) 61443 bytes
2026-07-14 09:36:24,131 [INFO] [OK] USA/GFS_ENSEMBLE_Corn_PRCP_DEP/daily dia 11 (2026-07-25 → 2026-07-25) 61690 bytes
2026-07-14 09:36:24,364 [INFO] [OK] USA/GFS_ENSEMBLE_Corn_PRCP_DEP/daily dia 12 (2026-07-26 → 2026-07-26) 61643 bytes
2026-07-14 09:36:24,584 [INFO] [OK] USA/GFS_ENSEMBLE_Corn_PRCP_DEP/daily dia 13 (2026-07-27 → 2026-07-27) 59947 bytes
2026-07-14 09:36:24,762 [INFO] [OK] USA/GFS_ENSEMBLE_Corn_PRCP_DEP/daily dia 14 (2026-07-28 → 2026-07-28) 59730 bytes
2026-07-14 09:36:25,487 [INFO] [OK] USA/GFS_ENSEMBLE_Corn_PRCP_DEP/cumulative dia 00 (2026-07-14 → 2026-07-14) 49340 bytes
2026-07-14 09:36:25,684 [INFO] [OK] USA/GFS_ENSEMBLE_Corn_PRCP_DEP/cumulative dia 01 (2026-07-14 → 2026-07-15) 52961 bytes
2026-07-14 09:36:26,113 [INFO] [OK] USA/GFS_ENSEMBLE_Corn_PRCP_DEP/cumulative dia 02 (2026-07-14 → 2026-07-16) 56199 bytes
2026-07-14 09:36:26,545 [INFO] [OK] USA/GFS_ENSEMBLE_Corn_PRCP_DEP/cumulative dia 03 (2026-07-14 → 2026-07-17) 58265 bytes
2026-07-14 09:36:26,829 [INFO] [OK] USA/GFS_ENSEMBLE_Corn_PRCP_DEP/cumulative dia 04 (2026-07-14 → 2026-07-18) 59886 bytes
2026-07-14 09:36:27,688 [INFO] [OK] USA/GFS_ENSEMBLE_Corn_PRCP_DEP/cumulative dia 05 (2026-07-14 → 2026-07-19) 60026 bytes
2026-07-14 09:36:28,008 [INFO] [OK] USA/GFS_ENSEMBLE_Corn_PRCP_DEP/cumulative dia 06 (2026-07-14 → 2026-07-20) 60093 bytes
2026-07-14 09:36:28,421 [INFO] [OK] USA/GFS_ENSEMBLE_Corn_PRCP_DEP/cumulative dia 07 (2026-07-14 → 2026-07-21) 60705 bytes
2026-07-14 09:36:29,028 [INFO] [OK] USA/GFS_ENSEMBLE_Corn_PRCP_DEP/cumulative dia 08 (2026-07-14 → 2026-07-22) 61068 bytes
2026-07-14 09:36:29,538 [INFO] [OK] USA/GFS_ENSEMBLE_Corn_PRCP_DEP/cumulative dia 09 (2026-07-14 → 2026-07-23) 60521 bytes
2026-07-14 09:36:29,842 [INFO] [OK] USA/GFS_ENSEMBLE_Corn_PRCP_DEP/cumulative dia 10 (2026-07-14 → 2026-07-24) 60521 bytes
2026-07-14 09:36:30,971 [INFO] [OK] USA/GFS_ENSEMBLE_Corn_PRCP_DEP/cumulative dia 11 (2026-07-14 → 2026-07-25) 60633 bytes
2026-07-14 09:36:31,326 [INFO] [OK] USA/GFS_ENSEMBLE_Corn_PRCP_DEP/cumulative dia 12 (2026-07-14 → 2026-07-26) 60652 bytes
2026-07-14 09:36:31,330 [INFO] [OK] USA/GFS_ENSEMBLE_Corn_PRCP/daily dia 00 (2026-07-14 → 2026-07-14) 37337 bytes
2026-07-14 09:36:31,622 [INFO] [OK] USA/GFS_ENSEMBLE_Corn_PRCP/daily dia 01 (2026-07-15 → 2026-07-15) 37106 bytes
2026-07-14 09:36:31,747 [INFO] [OK] USA/GFS_ENSEMBLE_Corn_PRCP_DEP/cumulative dia 13 (2026-07-14 → 2026-07-27) 60641 bytes
2026-07-14 09:36:32,430 [INFO] [OK] USA/GFS_ENSEMBLE_Corn_PRCP_DEP/cumulative dia 14 (2026-07-14 → 2026-07-28) 60570 bytes
2026-07-14 09:36:32,446 [INFO] [OK] USA/GFS_ENSEMBLE_Corn_PRCP/daily dia 02 (2026-07-16 → 2026-07-16) 38282 bytes
2026-07-14 09:36:33,102 [INFO] [OK] USA/GFS_ENSEMBLE_Corn_PRCP/daily dia 04 (2026-07-18 → 2026-07-18) 38365 bytes
2026-07-14 09:36:33,160 [INFO] [OK] USA/GFS_ENSEMBLE_Corn_PRCP/daily dia 03 (2026-07-17 → 2026-07-17) 38624 bytes
2026-07-14 09:36:33,280 [INFO] [OK] USA/GFS_ENSEMBLE_Corn_PRCP/daily dia 05 (2026-07-19 → 2026-07-19) 36881 bytes
2026-07-14 09:36:33,955 [INFO] [OK] USA/GFS_ENSEMBLE_Corn_PRCP/daily dia 06 (2026-07-20 → 2026-07-20) 37470 bytes
2026-07-14 09:36:33,972 [INFO] [OK] USA/GFS_ENSEMBLE_Corn_PRCP/daily dia 07 (2026-07-21 → 2026-07-21) 37449 bytes
2026-07-14 09:36:34,034 [INFO] [OK] USA/GFS_ENSEMBLE_Corn_PRCP/daily dia 08 (2026-07-22 → 2026-07-22) 37684 bytes
2026-07-14 09:36:34,675 [INFO] [OK] USA/GFS_ENSEMBLE_Corn_PRCP/daily dia 10 (2026-07-24 → 2026-07-24) 37371 bytes
2026-07-14 09:36:34,838 [INFO] [OK] USA/GFS_ENSEMBLE_Corn_PRCP/daily dia 11 (2026-07-25 → 2026-07-25) 36923 bytes
2026-07-14 09:36:34,863 [INFO] [OK] USA/GFS_ENSEMBLE_Corn_PRCP/daily dia 09 (2026-07-23 → 2026-07-23) 37534 bytes
2026-07-14 09:36:35,419 [INFO] [OK] USA/GFS_ENSEMBLE_Corn_PRCP/daily dia 12 (2026-07-26 → 2026-07-26) 36889 bytes
2026-07-14 09:36:35,646 [INFO] [OK] USA/GFS_ENSEMBLE_Corn_PRCP/daily dia 13 (2026-07-27 → 2026-07-27) 36379 bytes
2026-07-14 09:36:35,652 [INFO] [OK] USA/GFS_ENSEMBLE_Corn_PRCP/daily dia 14 (2026-07-28 → 2026-07-28) 36071 bytes
2026-07-14 09:36:36,202 [INFO] [OK] USA/GFS_ENSEMBLE_Corn_PRCP/cumulative dia 00 (2026-07-14 → 2026-07-14) 37337 bytes
2026-07-14 09:36:36,455 [INFO] [OK] USA/GFS_ENSEMBLE_Corn_PRCP/cumulative dia 01 (2026-07-14 → 2026-07-15) 40276 bytes
2026-07-14 09:36:36,562 [INFO] [OK] USA/GFS_ENSEMBLE_Corn_PRCP/cumulative dia 02 (2026-07-14 → 2026-07-16) 43077 bytes
2026-07-14 09:36:37,708 [INFO] [OK] USA/GFS_ENSEMBLE_Corn_PRCP/cumulative dia 03 (2026-07-14 → 2026-07-17) 45129 bytes
2026-07-14 09:36:38,226 [INFO] [OK] USA/GFS_ENSEMBLE_Corn_PRCP/cumulative dia 04 (2026-07-14 → 2026-07-18) 47018 bytes
2026-07-14 09:36:38,652 [INFO] [OK] USA/GFS_ENSEMBLE_Corn_PRCP/cumulative dia 05 (2026-07-14 → 2026-07-19) 48245 bytes
2026-07-14 09:36:39,506 [INFO] [OK] USA/GFS_ENSEMBLE_Corn_PRCP/cumulative dia 06 (2026-07-14 → 2026-07-20) 48740 bytes
2026-07-14 09:36:40,355 [INFO] [OK] USA/GFS_ENSEMBLE_Corn_PRCP/cumulative dia 08 (2026-07-14 → 2026-07-22) 50193 bytes
2026-07-14 09:36:40,457 [INFO] [OK] USA/GFS_ENSEMBLE_Corn_PRCP/cumulative dia 07 (2026-07-14 → 2026-07-21) 49246 bytes
2026-07-14 09:36:41,151 [INFO] [OK] USA/GFS_ENSEMBLE_Corn_PRCP/cumulative dia 09 (2026-07-14 → 2026-07-23) 49857 bytes
2026-07-14 09:36:41,654 [INFO] [OK] USA/GFS_ENSEMBLE_Corn_PRCP/cumulative dia 10 (2026-07-14 → 2026-07-24) 50607 bytes
2026-07-14 09:36:42,167 [INFO] [OK] USA/GFS_ENSEMBLE_Corn_PRCP/cumulative dia 11 (2026-07-14 → 2026-07-25) 51723 bytes
2026-07-14 09:36:42,774 [INFO] [OK] USA/GFS_ENSEMBLE_Corn_PRCP/cumulative dia 12 (2026-07-14 → 2026-07-26) 51570 bytes
2026-07-14 09:36:42,842 [INFO] [OK] USA/GFS_ENSEMBLE_Soy_PRCP_DEP/daily dia 00 (2026-07-14 → 2026-07-14) 48859 bytes
2026-07-14 09:36:43,249 [INFO] [OK] USA/GFS_ENSEMBLE_Soy_PRCP_DEP/daily dia 01 (2026-07-15 → 2026-07-15) 51280 bytes
2026-07-14 09:36:43,624 [INFO] [OK] USA/GFS_ENSEMBLE_Corn_PRCP/cumulative dia 13 (2026-07-14 → 2026-07-27) 51718 bytes
2026-07-14 09:36:43,794 [INFO] [OK] USA/GFS_ENSEMBLE_Soy_PRCP_DEP/daily dia 02 (2026-07-16 → 2026-07-16) 56219 bytes
2026-07-14 09:36:43,800 [INFO] [OK] USA/GFS_ENSEMBLE_Corn_PRCP/cumulative dia 14 (2026-07-14 → 2026-07-28) 51498 bytes
2026-07-14 09:36:45,799 [INFO] [OK] USA/GFS_ENSEMBLE_Soy_PRCP_DEP/daily dia 05 (2026-07-19 → 2026-07-19) 57200 bytes
2026-07-14 09:36:45,805 [INFO] [OK] USA/GFS_ENSEMBLE_Soy_PRCP_DEP/daily dia 07 (2026-07-21 → 2026-07-21) 59664 bytes
2026-07-14 09:36:45,812 [INFO] [OK] USA/GFS_ENSEMBLE_Soy_PRCP_DEP/daily dia 06 (2026-07-20 → 2026-07-20) 57765 bytes
2026-07-14 09:36:46,053 [INFO] [OK] USA/GFS_ENSEMBLE_Soy_PRCP_DEP/daily dia 04 (2026-07-18 → 2026-07-18) 56862 bytes
2026-07-14 09:36:46,298 [INFO] [OK] USA/GFS_ENSEMBLE_Soy_PRCP_DEP/daily dia 03 (2026-07-17 → 2026-07-17) 56865 bytes
2026-07-14 09:36:46,302 [INFO] [OK] USA/GFS_ENSEMBLE_Soy_PRCP_DEP/daily dia 08 (2026-07-22 → 2026-07-22) 60618 bytes
2026-07-14 09:36:47,938 [INFO] [OK] USA/GFS_ENSEMBLE_Soy_PRCP_DEP/daily dia 09 (2026-07-23 → 2026-07-23) 59249 bytes
2026-07-14 09:36:48,088 [INFO] [OK] USA/GFS_ENSEMBLE_Soy_PRCP_DEP/daily dia 11 (2026-07-25 → 2026-07-25) 61303 bytes
2026-07-14 09:36:48,348 [INFO] [OK] USA/GFS_ENSEMBLE_Soy_PRCP_DEP/daily dia 10 (2026-07-24 → 2026-07-24) 61259 bytes
2026-07-14 09:36:48,789 [INFO] [OK] USA/GFS_ENSEMBLE_Soy_PRCP_DEP/daily dia 12 (2026-07-26 → 2026-07-26) 61189 bytes
2026-07-14 09:36:48,798 [INFO] [OK] USA/GFS_ENSEMBLE_Soy_PRCP_DEP/daily dia 13 (2026-07-27 → 2026-07-27) 59631 bytes
2026-07-14 09:36:48,843 [INFO] [OK] USA/GFS_ENSEMBLE_Soy_PRCP_DEP/daily dia 14 (2026-07-28 → 2026-07-28) 59563 bytes
2026-07-14 09:36:49,543 [INFO] [OK] USA/GFS_ENSEMBLE_Soy_PRCP_DEP/cumulative dia 00 (2026-07-14 → 2026-07-14) 48859 bytes
2026-07-14 09:36:50,539 [INFO] [OK] USA/GFS_ENSEMBLE_Soy_PRCP_DEP/cumulative dia 01 (2026-07-14 → 2026-07-15) 52527 bytes
2026-07-14 09:36:51,585 [INFO] [OK] USA/GFS_ENSEMBLE_Soy_PRCP_DEP/cumulative dia 02 (2026-07-14 → 2026-07-16) 55877 bytes
2026-07-14 09:36:51,589 [INFO] [OK] USA/GFS_ENSEMBLE_Soy_PRCP_DEP/cumulative dia 03 (2026-07-14 → 2026-07-17) 57988 bytes
2026-07-14 09:36:52,300 [INFO] [OK] USA/GFS_ENSEMBLE_Soy_PRCP_DEP/cumulative dia 04 (2026-07-14 → 2026-07-18) 59635 bytes
2026-07-14 09:36:52,425 [INFO] [OK] USA/GFS_ENSEMBLE_Soy_PRCP_DEP/cumulative dia 05 (2026-07-14 → 2026-07-19) 59802 bytes
2026-07-14 09:36:53,080 [INFO] [OK] USA/GFS_ENSEMBLE_Soy_PRCP_DEP/cumulative dia 06 (2026-07-14 → 2026-07-20) 59927 bytes
2026-07-14 09:36:53,616 [INFO] [OK] USA/GFS_ENSEMBLE_Soy_PRCP_DEP/cumulative dia 07 (2026-07-14 → 2026-07-21) 60568 bytes
2026-07-14 09:36:54,676 [INFO] [OK] USA/GFS_ENSEMBLE_Soy_PRCP_DEP/cumulative dia 09 (2026-07-14 → 2026-07-23) 60379 bytes
2026-07-14 09:36:55,373 [INFO] [OK] USA/GFS_ENSEMBLE_Soy_PRCP_DEP/cumulative dia 08 (2026-07-14 → 2026-07-22) 60891 bytes
2026-07-14 09:36:55,767 [INFO] [OK] USA/GFS_ENSEMBLE_Soy_PRCP_DEP/cumulative dia 10 (2026-07-14 → 2026-07-24) 60453 bytes
2026-07-14 09:36:56,210 [INFO] [OK] USA/GFS_ENSEMBLE_Soy_PRCP_DEP/cumulative dia 11 (2026-07-14 → 2026-07-25) 60553 bytes
2026-07-14 09:36:57,480 [INFO] [OK] USA/GFS_ENSEMBLE_Soy_PRCP_DEP/cumulative dia 12 (2026-07-14 → 2026-07-26) 60529 bytes
2026-07-14 09:36:57,566 [INFO] [OK] USA/GFS_ENSEMBLE_Soy_PRCP/daily dia 00 (2026-07-14 → 2026-07-14) 36923 bytes
2026-07-14 09:36:57,883 [INFO] [OK] USA/GFS_ENSEMBLE_Soy_PRCP/daily dia 01 (2026-07-15 → 2026-07-15) 36747 bytes
2026-07-14 09:36:58,263 [INFO] [OK] USA/GFS_ENSEMBLE_Soy_PRCP/daily dia 02 (2026-07-16 → 2026-07-16) 37847 bytes
2026-07-14 09:36:58,294 [INFO] [OK] USA/GFS_ENSEMBLE_Soy_PRCP_DEP/cumulative dia 13 (2026-07-14 → 2026-07-27) 60506 bytes
2026-07-14 09:36:58,578 [INFO] [OK] USA/GFS_ENSEMBLE_Soy_PRCP_DEP/cumulative dia 14 (2026-07-14 → 2026-07-28) 60445 bytes
2026-07-14 09:36:59,176 [INFO] [OK] USA/GFS_ENSEMBLE_Soy_PRCP/daily dia 04 (2026-07-18 → 2026-07-18) 37862 bytes
2026-07-14 09:36:59,382 [INFO] [OK] USA/GFS_ENSEMBLE_Soy_PRCP/daily dia 03 (2026-07-17 → 2026-07-17) 38213 bytes
2026-07-14 09:36:59,562 [INFO] [OK] USA/GFS_ENSEMBLE_Soy_PRCP/daily dia 05 (2026-07-19 → 2026-07-19) 36334 bytes
2026-07-14 09:36:59,967 [INFO] [OK] USA/GFS_ENSEMBLE_Soy_PRCP/daily dia 07 (2026-07-21 → 2026-07-21) 37114 bytes
2026-07-14 09:36:59,982 [INFO] [OK] USA/GFS_ENSEMBLE_Soy_PRCP/daily dia 06 (2026-07-20 → 2026-07-20) 36984 bytes
2026-07-14 09:37:00,233 [INFO] [OK] USA/GFS_ENSEMBLE_Soy_PRCP/daily dia 08 (2026-07-22 → 2026-07-22) 37210 bytes
2026-07-14 09:37:01,005 [INFO] [OK] USA/GFS_ENSEMBLE_Soy_PRCP/daily dia 09 (2026-07-23 → 2026-07-23) 37257 bytes
2026-07-14 09:37:01,268 [INFO] [OK] USA/GFS_ENSEMBLE_Soy_PRCP/daily dia 10 (2026-07-24 → 2026-07-24) 36886 bytes
2026-07-14 09:37:01,531 [INFO] [OK] USA/GFS_ENSEMBLE_Soy_PRCP/daily dia 11 (2026-07-25 → 2026-07-25) 36454 bytes
2026-07-14 09:37:01,812 [INFO] [OK] USA/GFS_ENSEMBLE_Soy_PRCP/daily dia 13 (2026-07-27 → 2026-07-27) 35941 bytes
2026-07-14 09:37:01,948 [INFO] [OK] USA/GFS_ENSEMBLE_Soy_PRCP/daily dia 12 (2026-07-26 → 2026-07-26) 36433 bytes
2026-07-14 09:37:01,994 [INFO] [OK] USA/GFS_ENSEMBLE_Soy_PRCP/daily dia 14 (2026-07-28 → 2026-07-28) 35608 bytes
2026-07-14 09:37:02,967 [INFO] [OK] USA/GFS_ENSEMBLE_Soy_PRCP/cumulative dia 00 (2026-07-14 → 2026-07-14) 36923 bytes
2026-07-14 09:37:04,769 [INFO] [OK] USA/GFS_ENSEMBLE_Soy_PRCP/cumulative dia 01 (2026-07-14 → 2026-07-15) 40014 bytes
2026-07-14 09:37:04,843 [INFO] [OK] USA/GFS_ENSEMBLE_Soy_PRCP/cumulative dia 03 (2026-07-14 → 2026-07-17) 44807 bytes
2026-07-14 09:37:04,889 [INFO] [OK] USA/GFS_ENSEMBLE_Soy_PRCP/cumulative dia 02 (2026-07-14 → 2026-07-16) 42868 bytes
2026-07-14 09:37:05,296 [INFO] [OK] USA/GFS_ENSEMBLE_Soy_PRCP/cumulative dia 04 (2026-07-14 → 2026-07-18) 46721 bytes
2026-07-14 09:37:05,473 [INFO] [OK] USA/GFS_ENSEMBLE_Soy_PRCP/cumulative dia 05 (2026-07-14 → 2026-07-19) 47947 bytes
2026-07-14 09:37:05,890 [INFO] [OK] USA/GFS_ENSEMBLE_Soy_PRCP/cumulative dia 06 (2026-07-14 → 2026-07-20) 48330 bytes
2026-07-14 09:37:08,307 [INFO] [OK] USA/GFS_ENSEMBLE_Soy_PRCP/cumulative dia 07 (2026-07-14 → 2026-07-21) 48800 bytes
2026-07-14 09:37:08,507 [INFO] [OK] USA/GFS_ENSEMBLE_Soy_PRCP/cumulative dia 09 (2026-07-14 → 2026-07-23) 49415 bytes
2026-07-14 09:37:08,766 [INFO] [OK] USA/GFS_ENSEMBLE_Soy_PRCP/cumulative dia 08 (2026-07-14 → 2026-07-22) 49610 bytes
2026-07-14 09:37:09,184 [INFO] [OK] USA/GFS_ENSEMBLE_Soy_PRCP/cumulative dia 11 (2026-07-14 → 2026-07-25) 51268 bytes
2026-07-14 09:37:09,245 [INFO] [OK] USA/GFS_ENSEMBLE_Soy_PRCP/cumulative dia 10 (2026-07-14 → 2026-07-24) 50209 bytes
2026-07-14 09:37:09,673 [INFO] [OK] USA/GFS_ENSEMBLE_Soy_PRCP/cumulative dia 12 (2026-07-14 → 2026-07-26) 51205 bytes
2026-07-14 09:37:10,447 [INFO] [OK] USA/GFS_ENSEMBLE_Wheat_Winter_PRCP_DEP/daily dia 00 (2026-07-14 → 2026-07-14) 50593 bytes
2026-07-14 09:37:11,365 [INFO] [OK] USA/GFS_ENSEMBLE_Wheat_Winter_PRCP_DEP/daily dia 02 (2026-07-16 → 2026-07-16) 57776 bytes
2026-07-14 09:37:11,728 [INFO] [OK] USA/GFS_ENSEMBLE_Wheat_Winter_PRCP_DEP/daily dia 01 (2026-07-15 → 2026-07-15) 52962 bytes
2026-07-14 09:37:12,123 [INFO] [OK] USA/GFS_ENSEMBLE_Wheat_Winter_PRCP_DEP/daily dia 03 (2026-07-17 → 2026-07-17) 58553 bytes
2026-07-14 09:37:12,433 [INFO] [OK] USA/GFS_ENSEMBLE_Soy_PRCP/cumulative dia 13 (2026-07-14 → 2026-07-27) 51484 bytes
2026-07-14 09:37:12,452 [INFO] [OK] USA/GFS_ENSEMBLE_Wheat_Winter_PRCP_DEP/daily dia 04 (2026-07-18 → 2026-07-18) 58501 bytes
2026-07-14 09:37:12,741 [INFO] [OK] USA/GFS_ENSEMBLE_Soy_PRCP/cumulative dia 14 (2026-07-14 → 2026-07-28) 51087 bytes
2026-07-14 09:37:13,089 [INFO] [OK] USA/GFS_ENSEMBLE_Wheat_Winter_PRCP_DEP/daily dia 05 (2026-07-19 → 2026-07-19) 59122 bytes
2026-07-14 09:37:13,426 [INFO] [OK] USA/GFS_ENSEMBLE_Wheat_Winter_PRCP_DEP/daily dia 06 (2026-07-20 → 2026-07-20) 59514 bytes
2026-07-14 09:37:13,789 [INFO] [OK] USA/GFS_ENSEMBLE_Wheat_Winter_PRCP_DEP/daily dia 07 (2026-07-21 → 2026-07-21) 60765 bytes
2026-07-14 09:37:14,135 [INFO] [OK] USA/GFS_ENSEMBLE_Wheat_Winter_PRCP_DEP/daily dia 08 (2026-07-22 → 2026-07-22) 62078 bytes
2026-07-14 09:37:14,306 [INFO] [OK] USA/GFS_ENSEMBLE_Wheat_Winter_PRCP_DEP/daily dia 09 (2026-07-23 → 2026-07-23) 60863 bytes
2026-07-14 09:37:14,385 [INFO] [OK] USA/GFS_ENSEMBLE_Wheat_Winter_PRCP_DEP/daily dia 10 (2026-07-24 → 2026-07-24) 62727 bytes
2026-07-14 09:37:14,814 [INFO] [OK] USA/GFS_ENSEMBLE_Wheat_Winter_PRCP_DEP/daily dia 11 (2026-07-25 → 2026-07-25) 62872 bytes
2026-07-14 09:37:15,174 [INFO] [OK] USA/GFS_ENSEMBLE_Wheat_Winter_PRCP_DEP/daily dia 12 (2026-07-26 → 2026-07-26) 62820 bytes
2026-07-14 09:37:15,467 [INFO] [OK] USA/GFS_ENSEMBLE_Wheat_Winter_PRCP_DEP/daily dia 13 (2026-07-27 → 2026-07-27) 61093 bytes
2026-07-14 09:37:15,991 [INFO] [OK] USA/GFS_ENSEMBLE_Wheat_Winter_PRCP_DEP/daily dia 14 (2026-07-28 → 2026-07-28) 61048 bytes
2026-07-14 09:37:16,362 [INFO] [OK] USA/GFS_ENSEMBLE_Wheat_Winter_PRCP_DEP/cumulative dia 00 (2026-07-14 → 2026-07-14) 50593 bytes
2026-07-14 09:37:16,526 [INFO] [OK] USA/GFS_ENSEMBLE_Wheat_Winter_PRCP_DEP/cumulative dia 01 (2026-07-14 → 2026-07-15) 54277 bytes
2026-07-14 09:37:16,921 [INFO] [OK] USA/GFS_ENSEMBLE_Wheat_Winter_PRCP_DEP/cumulative dia 02 (2026-07-14 → 2026-07-16) 57527 bytes
2026-07-14 09:37:17,203 [INFO] [OK] USA/GFS_ENSEMBLE_Wheat_Winter_PRCP_DEP/cumulative dia 03 (2026-07-14 → 2026-07-17) 59570 bytes
2026-07-14 09:37:17,446 [INFO] [OK] USA/GFS_ENSEMBLE_Wheat_Winter_PRCP_DEP/cumulative dia 04 (2026-07-14 → 2026-07-18) 61091 bytes
2026-07-14 09:37:18,139 [INFO] [OK] USA/GFS_ENSEMBLE_Wheat_Winter_PRCP_DEP/cumulative dia 05 (2026-07-14 → 2026-07-19) 61235 bytes
2026-07-14 09:37:18,574 [INFO] [OK] USA/GFS_ENSEMBLE_Wheat_Winter_PRCP_DEP/cumulative dia 06 (2026-07-14 → 2026-07-20) 61315 bytes
2026-07-14 09:37:18,922 [INFO] [OK] USA/GFS_ENSEMBLE_Wheat_Winter_PRCP_DEP/cumulative dia 07 (2026-07-14 → 2026-07-21) 62037 bytes
2026-07-14 09:37:19,332 [INFO] [OK] USA/GFS_ENSEMBLE_Wheat_Winter_PRCP_DEP/cumulative dia 08 (2026-07-14 → 2026-07-22) 62133 bytes
2026-07-14 09:37:19,760 [INFO] [OK] USA/GFS_ENSEMBLE_Wheat_Winter_PRCP_DEP/cumulative dia 09 (2026-07-14 → 2026-07-23) 61684 bytes
2026-07-14 09:37:20,088 [INFO] [OK] USA/GFS_ENSEMBLE_Wheat_Winter_PRCP_DEP/cumulative dia 10 (2026-07-14 → 2026-07-24) 61627 bytes
2026-07-14 09:37:20,934 [INFO] [OK] USA/GFS_ENSEMBLE_Wheat_Winter_PRCP_DEP/cumulative dia 11 (2026-07-14 → 2026-07-25) 61450 bytes
2026-07-14 09:37:21,278 [INFO] [OK] USA/GFS_ENSEMBLE_Wheat_Winter_PRCP/daily dia 00 (2026-07-14 → 2026-07-14) 38460 bytes
2026-07-14 09:37:21,468 [INFO] [OK] USA/GFS_ENSEMBLE_Wheat_Winter_PRCP_DEP/cumulative dia 12 (2026-07-14 → 2026-07-26) 61597 bytes
2026-07-14 09:37:21,615 [INFO] [OK] USA/GFS_ENSEMBLE_Wheat_Winter_PRCP/daily dia 01 (2026-07-15 → 2026-07-15) 38421 bytes
2026-07-14 09:37:21,742 [INFO] [OK] USA/GFS_ENSEMBLE_Wheat_Winter_PRCP_DEP/cumulative dia 13 (2026-07-14 → 2026-07-27) 61862 bytes
2026-07-14 09:37:22,249 [INFO] [OK] USA/GFS_ENSEMBLE_Wheat_Winter_PRCP_DEP/cumulative dia 14 (2026-07-14 → 2026-07-28) 61405 bytes
2026-07-14 09:37:22,433 [INFO] [OK] USA/GFS_ENSEMBLE_Wheat_Winter_PRCP/daily dia 02 (2026-07-16 → 2026-07-16) 39335 bytes
2026-07-14 09:37:22,781 [INFO] [OK] USA/GFS_ENSEMBLE_Wheat_Winter_PRCP/daily dia 03 (2026-07-17 → 2026-07-17) 39790 bytes
2026-07-14 09:37:22,918 [INFO] [OK] USA/GFS_ENSEMBLE_Wheat_Winter_PRCP/daily dia 04 (2026-07-18 → 2026-07-18) 39402 bytes
2026-07-14 09:37:23,126 [INFO] [OK] USA/GFS_ENSEMBLE_Wheat_Winter_PRCP/daily dia 05 (2026-07-19 → 2026-07-19) 38051 bytes
2026-07-14 09:37:23,219 [INFO] [OK] USA/GFS_ENSEMBLE_Wheat_Winter_PRCP/daily dia 06 (2026-07-20 → 2026-07-20) 38496 bytes
2026-07-14 09:37:23,827 [INFO] [OK] USA/GFS_ENSEMBLE_Wheat_Winter_PRCP/daily dia 07 (2026-07-21 → 2026-07-21) 38511 bytes
2026-07-14 09:37:24,028 [INFO] [OK] USA/GFS_ENSEMBLE_Wheat_Winter_PRCP/daily dia 08 (2026-07-22 → 2026-07-22) 38617 bytes
2026-07-14 09:37:24,269 [INFO] [OK] USA/GFS_ENSEMBLE_Wheat_Winter_PRCP/daily dia 09 (2026-07-23 → 2026-07-23) 38656 bytes
2026-07-14 09:37:24,554 [INFO] [OK] USA/GFS_ENSEMBLE_Wheat_Winter_PRCP/daily dia 10 (2026-07-24 → 2026-07-24) 38421 bytes
2026-07-14 09:37:24,633 [INFO] [OK] USA/GFS_ENSEMBLE_Wheat_Winter_PRCP/daily dia 11 (2026-07-25 → 2026-07-25) 37954 bytes
2026-07-14 09:37:24,688 [INFO] [OK] USA/GFS_ENSEMBLE_Wheat_Winter_PRCP/daily dia 12 (2026-07-26 → 2026-07-26) 38022 bytes
2026-07-14 09:37:25,306 [INFO] [OK] USA/GFS_ENSEMBLE_Wheat_Winter_PRCP/daily dia 13 (2026-07-27 → 2026-07-27) 37598 bytes
2026-07-14 09:37:25,500 [INFO] [OK] USA/GFS_ENSEMBLE_Wheat_Winter_PRCP/daily dia 14 (2026-07-28 → 2026-07-28) 37328 bytes
2026-07-14 09:37:25,802 [INFO] [OK] USA/GFS_ENSEMBLE_Wheat_Winter_PRCP/cumulative dia 00 (2026-07-14 → 2026-07-14) 38460 bytes
2026-07-14 09:37:26,122 [INFO] [OK] USA/GFS_ENSEMBLE_Wheat_Winter_PRCP/cumulative dia 01 (2026-07-14 → 2026-07-15) 41464 bytes
2026-07-14 09:37:26,309 [INFO] [OK] USA/GFS_ENSEMBLE_Wheat_Winter_PRCP/cumulative dia 02 (2026-07-14 → 2026-07-16) 44348 bytes
2026-07-14 09:37:26,479 [INFO] [OK] USA/GFS_ENSEMBLE_Wheat_Winter_PRCP/cumulative dia 03 (2026-07-14 → 2026-07-17) 46441 bytes
2026-07-14 09:37:27,214 [INFO] [OK] USA/GFS_ENSEMBLE_Wheat_Winter_PRCP/cumulative dia 04 (2026-07-14 → 2026-07-18) 48280 bytes
2026-07-14 09:37:27,605 [INFO] [OK] USA/GFS_ENSEMBLE_Wheat_Winter_PRCP/cumulative dia 05 (2026-07-14 → 2026-07-19) 49442 bytes
2026-07-14 09:37:28,185 [INFO] [OK] USA/GFS_ENSEMBLE_Wheat_Winter_PRCP/cumulative dia 06 (2026-07-14 → 2026-07-20) 49971 bytes
2026-07-14 09:37:28,398 [INFO] [OK] USA/GFS_ENSEMBLE_Wheat_Winter_PRCP/cumulative dia 07 (2026-07-14 → 2026-07-21) 50381 bytes
2026-07-14 09:37:28,678 [INFO] [OK] USA/GFS_ENSEMBLE_Wheat_Winter_PRCP/cumulative dia 08 (2026-07-14 → 2026-07-22) 51242 bytes
2026-07-14 09:37:28,917 [INFO] [OK] USA/GFS_ENSEMBLE_Wheat_Winter_PRCP/cumulative dia 09 (2026-07-14 → 2026-07-23) 51137 bytes
2026-07-14 09:37:29,723 [INFO] [OK] USA/GFS_ENSEMBLE_Wheat_Winter_PRCP/cumulative dia 10 (2026-07-14 → 2026-07-24) 51900 bytes
2026-07-14 09:37:30,226 [INFO] [OK] USA/GFS_ENSEMBLE_Wheat_Winter_PRCP/cumulative dia 11 (2026-07-14 → 2026-07-25) 52812 bytes
2026-07-14 09:37:30,437 [INFO] [OK] USA/GFS_ENSEMBLE_Wheat_Spring_PRCP_DEP/daily dia 00 (2026-07-14 → 2026-07-14) 47438 bytes
2026-07-14 09:37:30,902 [INFO] [OK] USA/GFS_ENSEMBLE_Wheat_Winter_PRCP/cumulative dia 12 (2026-07-14 → 2026-07-26) 52791 bytes
2026-07-14 09:37:31,274 [INFO] [OK] USA/GFS_ENSEMBLE_Wheat_Winter_PRCP/cumulative dia 13 (2026-07-14 → 2026-07-27) 53109 bytes
2026-07-14 09:37:31,301 [INFO] [OK] USA/GFS_ENSEMBLE_Wheat_Spring_PRCP_DEP/daily dia 01 (2026-07-15 → 2026-07-15) 49645 bytes
2026-07-14 09:37:31,533 [INFO] [OK] USA/GFS_ENSEMBLE_Wheat_Winter_PRCP/cumulative dia 14 (2026-07-14 → 2026-07-28) 52976 bytes
2026-07-14 09:37:31,770 [INFO] [OK] USA/GFS_ENSEMBLE_Wheat_Spring_PRCP_DEP/daily dia 02 (2026-07-16 → 2026-07-16) 54455 bytes
2026-07-14 09:37:31,969 [INFO] [OK] USA/GFS_ENSEMBLE_Wheat_Spring_PRCP_DEP/daily dia 03 (2026-07-17 → 2026-07-17) 55239 bytes
2026-07-14 09:37:32,427 [INFO] [OK] USA/GFS_ENSEMBLE_Wheat_Spring_PRCP_DEP/daily dia 04 (2026-07-18 → 2026-07-18) 55029 bytes
2026-07-14 09:37:32,940 [INFO] [OK] USA/GFS_ENSEMBLE_Wheat_Spring_PRCP_DEP/daily dia 05 (2026-07-19 → 2026-07-19) 55743 bytes
2026-07-14 09:37:32,974 [INFO] [OK] USA/GFS_ENSEMBLE_Wheat_Spring_PRCP_DEP/daily dia 06 (2026-07-20 → 2026-07-20) 56137 bytes
2026-07-14 09:37:33,409 [INFO] [OK] USA/GFS_ENSEMBLE_Wheat_Spring_PRCP_DEP/daily dia 07 (2026-07-21 → 2026-07-21) 57755 bytes
2026-07-14 09:37:33,498 [INFO] [OK] USA/GFS_ENSEMBLE_Wheat_Spring_PRCP_DEP/daily dia 09 (2026-07-23 → 2026-07-23) 57255 bytes
2026-07-14 09:37:33,580 [INFO] [OK] USA/GFS_ENSEMBLE_Wheat_Spring_PRCP_DEP/daily dia 08 (2026-07-22 → 2026-07-22) 58948 bytes
2026-07-14 09:37:33,950 [INFO] [OK] USA/GFS_ENSEMBLE_Wheat_Spring_PRCP_DEP/daily dia 10 (2026-07-24 → 2026-07-24) 59591 bytes
2026-07-14 09:37:34,595 [INFO] [OK] USA/GFS_ENSEMBLE_Wheat_Spring_PRCP_DEP/daily dia 11 (2026-07-25 → 2026-07-25) 59838 bytes
2026-07-14 09:37:34,613 [INFO] [OK] USA/GFS_ENSEMBLE_Wheat_Spring_PRCP_DEP/daily dia 12 (2026-07-26 → 2026-07-26) 59627 bytes
2026-07-14 09:37:35,095 [INFO] [OK] USA/GFS_ENSEMBLE_Wheat_Spring_PRCP_DEP/daily dia 13 (2026-07-27 → 2026-07-27) 57710 bytes
2026-07-14 09:37:35,116 [INFO] [OK] USA/GFS_ENSEMBLE_Wheat_Spring_PRCP_DEP/cumulative dia 00 (2026-07-14 → 2026-07-14) 47438 bytes
2026-07-14 09:37:35,178 [INFO] [OK] USA/GFS_ENSEMBLE_Wheat_Spring_PRCP_DEP/daily dia 14 (2026-07-28 → 2026-07-28) 57813 bytes
2026-07-14 09:37:35,514 [INFO] [OK] USA/GFS_ENSEMBLE_Wheat_Spring_PRCP_DEP/cumulative dia 01 (2026-07-14 → 2026-07-15) 51115 bytes
2026-07-14 09:37:36,440 [INFO] [OK] USA/GFS_ENSEMBLE_Wheat_Spring_PRCP_DEP/cumulative dia 02 (2026-07-14 → 2026-07-16) 54248 bytes
2026-07-14 09:37:36,589 [INFO] [OK] USA/GFS_ENSEMBLE_Wheat_Spring_PRCP_DEP/cumulative dia 03 (2026-07-14 → 2026-07-17) 56392 bytes
2026-07-14 09:37:37,161 [INFO] [OK] USA/GFS_ENSEMBLE_Wheat_Spring_PRCP_DEP/cumulative dia 04 (2026-07-14 → 2026-07-18) 57957 bytes
2026-07-14 09:37:37,207 [INFO] [OK] USA/GFS_ENSEMBLE_Wheat_Spring_PRCP_DEP/cumulative dia 05 (2026-07-14 → 2026-07-19) 58170 bytes
2026-07-14 09:37:37,539 [INFO] [OK] USA/GFS_ENSEMBLE_Wheat_Spring_PRCP_DEP/cumulative dia 06 (2026-07-14 → 2026-07-20) 58343 bytes
2026-07-14 09:37:37,703 [INFO] [OK] USA/GFS_ENSEMBLE_Wheat_Spring_PRCP_DEP/cumulative dia 07 (2026-07-14 → 2026-07-21) 59020 bytes
2026-07-14 09:37:38,735 [INFO] [OK] USA/GFS_ENSEMBLE_Wheat_Spring_PRCP_DEP/cumulative dia 08 (2026-07-14 → 2026-07-22) 59353 bytes
2026-07-14 09:37:39,002 [INFO] [OK] USA/GFS_ENSEMBLE_Wheat_Spring_PRCP_DEP/cumulative dia 09 (2026-07-14 → 2026-07-23) 58727 bytes
2026-07-14 09:37:39,680 [INFO] [OK] USA/GFS_ENSEMBLE_Wheat_Spring_PRCP_DEP/cumulative dia 10 (2026-07-14 → 2026-07-24) 58878 bytes
2026-07-14 09:37:39,841 [INFO] [OK] USA/GFS_ENSEMBLE_Wheat_Spring_PRCP_DEP/cumulative dia 11 (2026-07-14 → 2026-07-25) 58733 bytes
2026-07-14 09:37:40,327 [INFO] [OK] USA/GFS_ENSEMBLE_Wheat_Spring_PRCP_DEP/cumulative dia 12 (2026-07-14 → 2026-07-26) 58896 bytes
2026-07-14 09:37:40,512 [INFO] [OK] USA/GFS_ENSEMBLE_Wheat_Spring_PRCP/daily dia 00 (2026-07-14 → 2026-07-14) 35260 bytes
2026-07-14 09:37:40,555 [INFO] [OK] USA/GFS_ENSEMBLE_Wheat_Spring_PRCP_DEP/cumulative dia 13 (2026-07-14 → 2026-07-27) 59014 bytes
2026-07-14 09:37:41,658 [INFO] [OK] USA/GFS_ENSEMBLE_Wheat_Spring_PRCP/daily dia 01 (2026-07-15 → 2026-07-15) 35241 bytes
2026-07-14 09:37:41,660 [INFO] [OK] USA/GFS_ENSEMBLE_Wheat_Spring_PRCP/daily dia 02 (2026-07-16 → 2026-07-16) 36076 bytes
2026-07-14 09:37:41,702 [INFO] [OK] USA/GFS_ENSEMBLE_Wheat_Spring_PRCP_DEP/cumulative dia 14 (2026-07-14 → 2026-07-28) 58689 bytes
2026-07-14 09:37:41,846 [INFO] [OK] USA/GFS_ENSEMBLE_Wheat_Spring_PRCP/daily dia 03 (2026-07-17 → 2026-07-17) 36863 bytes
2026-07-14 09:37:42,001 [INFO] [OK] USA/GFS_ENSEMBLE_Wheat_Spring_PRCP/daily dia 05 (2026-07-19 → 2026-07-19) 34868 bytes
2026-07-14 09:37:42,059 [INFO] [OK] USA/GFS_ENSEMBLE_Wheat_Spring_PRCP/daily dia 04 (2026-07-18 → 2026-07-18) 36273 bytes
2026-07-14 09:37:43,125 [INFO] [OK] USA/GFS_ENSEMBLE_Wheat_Spring_PRCP/daily dia 06 (2026-07-20 → 2026-07-20) 35540 bytes
2026-07-14 09:37:43,139 [INFO] [OK] USA/GFS_ENSEMBLE_Wheat_Spring_PRCP/daily dia 08 (2026-07-22 → 2026-07-22) 35750 bytes
2026-07-14 09:37:43,142 [INFO] [OK] USA/GFS_ENSEMBLE_Wheat_Spring_PRCP/daily dia 07 (2026-07-21 → 2026-07-21) 35648 bytes
2026-07-14 09:37:43,415 [INFO] [OK] USA/GFS_ENSEMBLE_Wheat_Spring_PRCP/daily dia 09 (2026-07-23 → 2026-07-23) 35794 bytes
2026-07-14 09:37:43,549 [INFO] [OK] USA/GFS_ENSEMBLE_Wheat_Spring_PRCP/daily dia 11 (2026-07-25 → 2026-07-25) 34907 bytes
2026-07-14 09:37:43,558 [INFO] [OK] USA/GFS_ENSEMBLE_Wheat_Spring_PRCP/daily dia 10 (2026-07-24 → 2026-07-24) 35574 bytes
2026-07-14 09:37:45,033 [INFO] [OK] USA/GFS_ENSEMBLE_Wheat_Spring_PRCP/daily dia 12 (2026-07-26 → 2026-07-26) 34972 bytes
2026-07-14 09:37:45,154 [INFO] [OK] USA/GFS_ENSEMBLE_Wheat_Spring_PRCP/daily dia 14 (2026-07-28 → 2026-07-28) 34118 bytes
2026-07-14 09:37:45,188 [INFO] [OK] USA/GFS_ENSEMBLE_Wheat_Spring_PRCP/daily dia 13 (2026-07-27 → 2026-07-27) 34393 bytes
2026-07-14 09:37:45,246 [INFO] [OK] USA/GFS_ENSEMBLE_Wheat_Spring_PRCP/cumulative dia 00 (2026-07-14 → 2026-07-14) 35260 bytes
2026-07-14 09:37:45,257 [INFO] [OK] USA/GFS_ENSEMBLE_Wheat_Spring_PRCP/cumulative dia 02 (2026-07-14 → 2026-07-16) 41060 bytes
2026-07-14 09:37:45,498 [INFO] [OK] USA/GFS_ENSEMBLE_Wheat_Spring_PRCP/cumulative dia 01 (2026-07-14 → 2026-07-15) 38228 bytes
2026-07-14 09:37:46,932 [INFO] [OK] USA/GFS_ENSEMBLE_Wheat_Spring_PRCP/cumulative dia 03 (2026-07-14 → 2026-07-17) 42835 bytes
2026-07-14 09:37:47,128 [INFO] [OK] USA/GFS_ENSEMBLE_Wheat_Spring_PRCP/cumulative dia 04 (2026-07-14 → 2026-07-18) 44356 bytes
2026-07-14 09:37:47,293 [INFO] [OK] USA/GFS_ENSEMBLE_Wheat_Spring_PRCP/cumulative dia 05 (2026-07-14 → 2026-07-19) 45616 bytes
2026-07-14 09:37:48,034 [INFO] [OK] USA/GFS_ENSEMBLE_Wheat_Spring_PRCP/cumulative dia 07 (2026-07-14 → 2026-07-21) 46479 bytes
2026-07-14 09:37:48,064 [INFO] [OK] USA/GFS_ENSEMBLE_Wheat_Spring_PRCP/cumulative dia 06 (2026-07-14 → 2026-07-20) 45967 bytes
2026-07-14 09:37:48,613 [INFO] [OK] USA/GFS_ENSEMBLE_Wheat_Spring_PRCP/cumulative dia 08 (2026-07-14 → 2026-07-22) 47203 bytes
2026-07-14 09:37:49,360 [INFO] [OK] USA/GFS_ENSEMBLE_Wheat_Spring_PRCP/cumulative dia 09 (2026-07-14 → 2026-07-23) 46933 bytes
2026-07-14 09:37:49,723 [INFO] [OK] USA/GFS_ENSEMBLE_Wheat_Spring_PRCP/cumulative dia 10 (2026-07-14 → 2026-07-24) 47605 bytes
2026-07-14 09:37:50,111 [INFO] [OK] USA/GFS_ENSEMBLE_Wheat_Spring_PRCP/cumulative dia 11 (2026-07-14 → 2026-07-25) 48426 bytes
