2026-10-06 09:33:44,573 [INFO] === Execução 2026-10-06 | modo=both | dias=15 | parâmetro=['PRCP_DEP', 'PRCP'] ===
2026-10-06 09:33:44,574 [INFO] Baixando 960 mapas com 6 threads...
2026-10-06 09:33:56,476 [INFO] [OK] Brazil/GFS_ENSEMBLE_Soy_PRCP_DEP/daily dia 01 (2026-10-07 → 2026-10-07) 41409 bytes
2026-10-06 09:33:58,545 [INFO] [OK] Brazil/GFS_ENSEMBLE_Soy_PRCP_DEP/daily dia 02 (2026-10-08 → 2026-10-08) 42824 bytes
2026-10-06 09:33:58,630 [INFO] [OK] Brazil/GFS_ENSEMBLE_Soy_PRCP_DEP/daily dia 00 (2026-10-06 → 2026-10-06) 44268 bytes
2026-10-06 09:33:58,631 [INFO] [OK] Brazil/GFS_ENSEMBLE_Soy_PRCP_DEP/daily dia 05 (2026-10-11 → 2026-10-11) 46227 bytes
2026-10-06 09:33:58,633 [INFO] [OK] Brazil/GFS_ENSEMBLE_Soy_PRCP_DEP/daily dia 03 (2026-10-09 → 2026-10-09) 46404 bytes
2026-10-06 09:33:58,637 [INFO] [OK] Brazil/GFS_ENSEMBLE_Soy_PRCP_DEP/daily dia 04 (2026-10-10 → 2026-10-10) 45841 bytes
2026-10-06 09:34:01,247 [INFO] [OK] Brazil/GFS_ENSEMBLE_Soy_PRCP_DEP/daily dia 08 (2026-10-14 → 2026-10-14) 47894 bytes
2026-10-06 09:34:01,422 [INFO] [OK] Brazil/GFS_ENSEMBLE_Soy_PRCP_DEP/daily dia 10 (2026-10-16 → 2026-10-16) 51137 bytes
2026-10-06 09:34:01,511 [INFO] [OK] Brazil/GFS_ENSEMBLE_Soy_PRCP_DEP/daily dia 07 (2026-10-13 → 2026-10-13) 46993 bytes
2026-10-06 09:34:01,531 [INFO] [OK] Brazil/GFS_ENSEMBLE_Soy_PRCP_DEP/daily dia 09 (2026-10-15 → 2026-10-15) 49344 bytes
2026-10-06 09:34:01,535 [INFO] [OK] Brazil/GFS_ENSEMBLE_Soy_PRCP_DEP/daily dia 11 (2026-10-17 → 2026-10-17) 51663 bytes
2026-10-06 09:34:01,929 [INFO] [OK] Brazil/GFS_ENSEMBLE_Soy_PRCP_DEP/daily dia 06 (2026-10-12 → 2026-10-12) 46177 bytes
2026-10-06 09:34:05,025 [INFO] [OK] Brazil/GFS_ENSEMBLE_Soy_PRCP_DEP/daily dia 13 (2026-10-19 → 2026-10-19) 52422 bytes
2026-10-06 09:34:07,342 [INFO] [OK] Brazil/GFS_ENSEMBLE_Soy_PRCP_DEP/daily dia 14 (2026-10-20 → 2026-10-20) 52930 bytes
2026-10-06 09:34:07,562 [INFO] [OK] Brazil/GFS_ENSEMBLE_Soy_PRCP_DEP/cumulative dia 00 (2026-10-06 → 2026-10-06) 44268 bytes
2026-10-06 09:34:07,563 [INFO] [OK] Brazil/GFS_ENSEMBLE_Soy_PRCP_DEP/daily dia 12 (2026-10-18 → 2026-10-18) 52825 bytes
2026-10-06 09:34:07,585 [INFO] [OK] Brazil/GFS_ENSEMBLE_Soy_PRCP_DEP/cumulative dia 01 (2026-10-06 → 2026-10-07) 45844 bytes
2026-10-06 09:34:07,587 [INFO] [OK] Brazil/GFS_ENSEMBLE_Soy_PRCP_DEP/cumulative dia 02 (2026-10-06 → 2026-10-08) 46078 bytes
2026-10-06 09:34:08,174 [INFO] [OK] Brazil/GFS_ENSEMBLE_Soy_PRCP_DEP/cumulative dia 03 (2026-10-06 → 2026-10-09) 45917 bytes
2026-10-06 09:34:10,366 [INFO] [OK] Brazil/GFS_ENSEMBLE_Soy_PRCP_DEP/cumulative dia 06 (2026-10-06 → 2026-10-12) 46610 bytes
2026-10-06 09:34:10,423 [INFO] [OK] Brazil/GFS_ENSEMBLE_Soy_PRCP_DEP/cumulative dia 07 (2026-10-06 → 2026-10-13) 46308 bytes
2026-10-06 09:34:10,970 [INFO] [OK] Brazil/GFS_ENSEMBLE_Soy_PRCP_DEP/cumulative dia 05 (2026-10-06 → 2026-10-11) 46547 bytes
2026-10-06 09:34:10,971 [INFO] [OK] Brazil/GFS_ENSEMBLE_Soy_PRCP_DEP/cumulative dia 04 (2026-10-06 → 2026-10-10) 46439 bytes
2026-10-06 09:34:10,990 [INFO] [OK] Brazil/GFS_ENSEMBLE_Soy_PRCP_DEP/cumulative dia 09 (2026-10-06 → 2026-10-15) 47380 bytes
2026-10-06 09:34:10,990 [INFO] [OK] Brazil/GFS_ENSEMBLE_Soy_PRCP_DEP/cumulative dia 08 (2026-10-06 → 2026-10-14) 46784 bytes
2026-10-06 09:34:12,945 [INFO] [OK] Brazil/GFS_ENSEMBLE_Soy_PRCP_DEP/cumulative dia 11 (2026-10-06 → 2026-10-17) 49253 bytes
2026-10-06 09:34:13,296 [INFO] [OK] Brazil/GFS_ENSEMBLE_Soy_PRCP/daily dia 00 (2026-10-06 → 2026-10-06) 33482 bytes
2026-10-06 09:34:13,306 [INFO] [OK] Brazil/GFS_ENSEMBLE_Soy_PRCP_DEP/cumulative dia 10 (2026-10-06 → 2026-10-16) 48205 bytes
2026-10-06 09:34:14,118 [INFO] [OK] Brazil/GFS_ENSEMBLE_Soy_PRCP_DEP/cumulative dia 13 (2026-10-06 → 2026-10-19) 50521 bytes
2026-10-06 09:34:14,703 [INFO] [OK] Brazil/GFS_ENSEMBLE_Soy_PRCP_DEP/cumulative dia 14 (2026-10-06 → 2026-10-20) 50390 bytes
2026-10-06 09:34:14,704 [INFO] [OK] Brazil/GFS_ENSEMBLE_Soy_PRCP_DEP/cumulative dia 12 (2026-10-06 → 2026-10-18) 50209 bytes
2026-10-06 09:34:14,745 [INFO] [OK] Brazil/GFS_ENSEMBLE_Soy_PRCP/daily dia 02 (2026-10-08 → 2026-10-08) 33160 bytes
2026-10-06 09:34:15,426 [INFO] [OK] Brazil/GFS_ENSEMBLE_Soy_PRCP/daily dia 01 (2026-10-07 → 2026-10-07) 32410 bytes
2026-10-06 09:34:15,654 [INFO] [OK] Brazil/GFS_ENSEMBLE_Soy_PRCP/daily dia 03 (2026-10-09 → 2026-10-09) 32596 bytes
2026-10-06 09:34:15,823 [INFO] [OK] Brazil/GFS_ENSEMBLE_Soy_PRCP/daily dia 04 (2026-10-10 → 2026-10-10) 31624 bytes
2026-10-06 09:34:16,068 [INFO] [OK] Brazil/GFS_ENSEMBLE_Soy_PRCP/daily dia 06 (2026-10-12 → 2026-10-12) 32737 bytes
2026-10-06 09:34:16,169 [INFO] [OK] Brazil/GFS_ENSEMBLE_Soy_PRCP/daily dia 07 (2026-10-13 → 2026-10-13) 33540 bytes
2026-10-06 09:34:16,273 [INFO] [OK] Brazil/GFS_ENSEMBLE_Soy_PRCP/daily dia 05 (2026-10-11 → 2026-10-11) 31728 bytes
2026-10-06 09:34:16,985 [INFO] [OK] Brazil/GFS_ENSEMBLE_Soy_PRCP/daily dia 08 (2026-10-14 → 2026-10-14) 33773 bytes
2026-10-06 09:34:17,445 [INFO] [OK] Brazil/GFS_ENSEMBLE_Soy_PRCP/daily dia 09 (2026-10-15 → 2026-10-15) 32909 bytes
2026-10-06 09:34:17,595 [INFO] [OK] Brazil/GFS_ENSEMBLE_Soy_PRCP/daily dia 12 (2026-10-18 → 2026-10-18) 32674 bytes
2026-10-06 09:34:17,878 [INFO] [OK] Brazil/GFS_ENSEMBLE_Soy_PRCP/daily dia 10 (2026-10-16 → 2026-10-16) 31942 bytes
2026-10-06 09:34:17,905 [INFO] [OK] Brazil/GFS_ENSEMBLE_Soy_PRCP/daily dia 13 (2026-10-19 → 2026-10-19) 32741 bytes
2026-10-06 09:34:17,908 [INFO] [OK] Brazil/GFS_ENSEMBLE_Soy_PRCP/daily dia 11 (2026-10-17 → 2026-10-17) 31982 bytes
2026-10-06 09:34:18,920 [INFO] [OK] Brazil/GFS_ENSEMBLE_Soy_PRCP/daily dia 14 (2026-10-20 → 2026-10-20) 33117 bytes
2026-10-06 09:34:19,164 [INFO] [OK] Brazil/GFS_ENSEMBLE_Soy_PRCP/cumulative dia 01 (2026-10-06 → 2026-10-07) 36312 bytes
2026-10-06 09:34:19,208 [INFO] [OK] Brazil/GFS_ENSEMBLE_Soy_PRCP/cumulative dia 00 (2026-10-06 → 2026-10-06) 33482 bytes
2026-10-06 09:34:19,713 [INFO] [OK] Brazil/GFS_ENSEMBLE_Soy_PRCP/cumulative dia 03 (2026-10-06 → 2026-10-09) 38977 bytes
2026-10-06 09:34:19,747 [INFO] [OK] Brazil/GFS_ENSEMBLE_Soy_PRCP/cumulative dia 02 (2026-10-06 → 2026-10-08) 38345 bytes
2026-10-06 09:34:19,959 [INFO] [OK] Brazil/GFS_ENSEMBLE_Soy_PRCP/cumulative dia 04 (2026-10-06 → 2026-10-10) 39741 bytes
2026-10-06 09:34:20,989 [INFO] [OK] Brazil/GFS_ENSEMBLE_Soy_PRCP/cumulative dia 05 (2026-10-06 → 2026-10-11) 40607 bytes
2026-10-06 09:34:21,804 [INFO] [OK] Brazil/GFS_ENSEMBLE_Soy_PRCP/cumulative dia 06 (2026-10-06 → 2026-10-12) 41555 bytes
2026-10-06 09:34:22,417 [INFO] [OK] Brazil/GFS_ENSEMBLE_Soy_PRCP/cumulative dia 07 (2026-10-06 → 2026-10-13) 42393 bytes
2026-10-06 09:34:22,620 [INFO] [OK] Brazil/GFS_ENSEMBLE_Soy_PRCP/cumulative dia 08 (2026-10-06 → 2026-10-14) 43304 bytes
2026-10-06 09:34:22,834 [INFO] [OK] Brazil/GFS_ENSEMBLE_Soy_PRCP/cumulative dia 09 (2026-10-06 → 2026-10-15) 43679 bytes
2026-10-06 09:34:23,142 [INFO] [OK] Brazil/GFS_ENSEMBLE_Soy_PRCP/cumulative dia 10 (2026-10-06 → 2026-10-16) 43858 bytes
2026-10-06 09:34:24,345 [INFO] [OK] Brazil/GFS_ENSEMBLE_Soy_PRCP/cumulative dia 11 (2026-10-06 → 2026-10-17) 44305 bytes
2026-10-06 09:34:24,832 [INFO] [OK] Brazil/GFS_ENSEMBLE_Corn_Winter_PRCP_DEP/daily dia 01 (2026-10-07 → 2026-10-07) 39857 bytes
2026-10-06 09:34:24,892 [INFO] [OK] Brazil/GFS_ENSEMBLE_Corn_Winter_PRCP_DEP/daily dia 00 (2026-10-06 → 2026-10-06) 42719 bytes
2026-10-06 09:34:25,741 [INFO] [OK] Brazil/GFS_ENSEMBLE_Soy_PRCP/cumulative dia 12 (2026-10-06 → 2026-10-18) 44599 bytes
2026-10-06 09:34:26,442 [INFO] [OK] Brazil/GFS_ENSEMBLE_Corn_Winter_PRCP_DEP/daily dia 02 (2026-10-08 → 2026-10-08) 41493 bytes
2026-10-06 09:34:27,034 [INFO] [OK] Brazil/GFS_ENSEMBLE_Corn_Winter_PRCP_DEP/daily dia 03 (2026-10-09 → 2026-10-09) 45152 bytes
2026-10-06 09:34:27,263 [INFO] [OK] Brazil/GFS_ENSEMBLE_Corn_Winter_PRCP_DEP/daily dia 04 (2026-10-10 → 2026-10-10) 44450 bytes
2026-10-06 09:34:27,311 [INFO] [OK] Brazil/GFS_ENSEMBLE_Soy_PRCP/cumulative dia 14 (2026-10-06 → 2026-10-20) 45255 bytes
2026-10-06 09:34:27,389 [INFO] [OK] Brazil/GFS_ENSEMBLE_Soy_PRCP/cumulative dia 13 (2026-10-06 → 2026-10-19) 45190 bytes
2026-10-06 09:34:27,713 [INFO] [OK] Brazil/GFS_ENSEMBLE_Corn_Winter_PRCP_DEP/daily dia 05 (2026-10-11 → 2026-10-11) 44879 bytes
2026-10-06 09:34:28,402 [INFO] [OK] Brazil/GFS_ENSEMBLE_Corn_Winter_PRCP_DEP/daily dia 06 (2026-10-12 → 2026-10-12) 44863 bytes
2026-10-06 09:34:28,877 [INFO] [OK] Brazil/GFS_ENSEMBLE_Corn_Winter_PRCP_DEP/daily dia 07 (2026-10-13 → 2026-10-13) 45722 bytes
2026-10-06 09:34:29,458 [INFO] [OK] Brazil/GFS_ENSEMBLE_Corn_Winter_PRCP_DEP/daily dia 09 (2026-10-15 → 2026-10-15) 47930 bytes
2026-10-06 09:34:29,832 [INFO] [OK] Brazil/GFS_ENSEMBLE_Corn_Winter_PRCP_DEP/daily dia 08 (2026-10-14 → 2026-10-14) 46596 bytes
2026-10-06 09:34:30,043 [INFO] [OK] Brazil/GFS_ENSEMBLE_Corn_Winter_PRCP_DEP/daily dia 10 (2026-10-16 → 2026-10-16) 49597 bytes
2026-10-06 09:34:30,395 [INFO] [OK] Brazil/GFS_ENSEMBLE_Corn_Winter_PRCP_DEP/daily dia 11 (2026-10-17 → 2026-10-17) 50302 bytes
2026-10-06 09:34:30,681 [INFO] [OK] Brazil/GFS_ENSEMBLE_Corn_Winter_PRCP_DEP/daily dia 12 (2026-10-18 → 2026-10-18) 51082 bytes
2026-10-06 09:34:31,194 [INFO] [OK] Brazil/GFS_ENSEMBLE_Corn_Winter_PRCP_DEP/daily dia 13 (2026-10-19 → 2026-10-19) 50731 bytes
2026-10-06 09:34:31,677 [INFO] [OK] Brazil/GFS_ENSEMBLE_Corn_Winter_PRCP_DEP/daily dia 14 (2026-10-20 → 2026-10-20) 51434 bytes
2026-10-06 09:34:32,147 [INFO] [OK] Brazil/GFS_ENSEMBLE_Corn_Winter_PRCP_DEP/cumulative dia 00 (2026-10-06 → 2026-10-06) 42719 bytes
2026-10-06 09:34:32,495 [INFO] [OK] Brazil/GFS_ENSEMBLE_Corn_Winter_PRCP_DEP/cumulative dia 01 (2026-10-06 → 2026-10-07) 44382 bytes
2026-10-06 09:34:33,106 [INFO] [OK] Brazil/GFS_ENSEMBLE_Corn_Winter_PRCP_DEP/cumulative dia 02 (2026-10-06 → 2026-10-08) 45034 bytes
2026-10-06 09:34:33,881 [INFO] [OK] Brazil/GFS_ENSEMBLE_Corn_Winter_PRCP_DEP/cumulative dia 03 (2026-10-06 → 2026-10-09) 44930 bytes
2026-10-06 09:34:34,673 [INFO] [OK] Brazil/GFS_ENSEMBLE_Corn_Winter_PRCP_DEP/cumulative dia 04 (2026-10-06 → 2026-10-10) 45235 bytes
2026-10-06 09:34:36,220 [INFO] [OK] Brazil/GFS_ENSEMBLE_Corn_Winter_PRCP_DEP/cumulative dia 05 (2026-10-06 → 2026-10-11) 45376 bytes
2026-10-06 09:34:36,929 [INFO] [OK] Brazil/GFS_ENSEMBLE_Corn_Winter_PRCP_DEP/cumulative dia 06 (2026-10-06 → 2026-10-12) 45379 bytes
2026-10-06 09:34:37,883 [INFO] [OK] Brazil/GFS_ENSEMBLE_Corn_Winter_PRCP_DEP/cumulative dia 07 (2026-10-06 → 2026-10-13) 45140 bytes
2026-10-06 09:34:38,520 [INFO] [OK] Brazil/GFS_ENSEMBLE_Corn_Winter_PRCP_DEP/cumulative dia 08 (2026-10-06 → 2026-10-14) 45592 bytes
2026-10-06 09:34:39,161 [INFO] [OK] Brazil/GFS_ENSEMBLE_Corn_Winter_PRCP_DEP/cumulative dia 09 (2026-10-06 → 2026-10-15) 46067 bytes
2026-10-06 09:34:40,672 [INFO] [OK] Brazil/GFS_ENSEMBLE_Corn_Winter_PRCP_DEP/cumulative dia 10 (2026-10-06 → 2026-10-16) 46944 bytes
2026-10-06 09:34:42,081 [INFO] [OK] Brazil/GFS_ENSEMBLE_Corn_Winter_PRCP/daily dia 00 (2026-10-06 → 2026-10-06) 31817 bytes
2026-10-06 09:34:42,152 [INFO] [OK] Brazil/GFS_ENSEMBLE_Corn_Winter_PRCP_DEP/cumulative dia 11 (2026-10-06 → 2026-10-17) 47737 bytes
2026-10-06 09:34:44,336 [INFO] [OK] Brazil/GFS_ENSEMBLE_Corn_Winter_PRCP_DEP/cumulative dia 12 (2026-10-06 → 2026-10-18) 48656 bytes
2026-10-06 09:34:44,338 [INFO] [OK] Brazil/GFS_ENSEMBLE_Corn_Winter_PRCP/daily dia 01 (2026-10-07 → 2026-10-07) 30633 bytes
2026-10-06 09:34:45,263 [INFO] [OK] Brazil/GFS_ENSEMBLE_Corn_Winter_PRCP/daily dia 03 (2026-10-09 → 2026-10-09) 31017 bytes
2026-10-06 09:34:45,299 [INFO] [OK] Brazil/GFS_ENSEMBLE_Corn_Winter_PRCP/daily dia 02 (2026-10-08 → 2026-10-08) 31572 bytes
2026-10-06 09:34:45,310 [INFO] [OK] Brazil/GFS_ENSEMBLE_Corn_Winter_PRCP_DEP/cumulative dia 13 (2026-10-06 → 2026-10-19) 48972 bytes
2026-10-06 09:34:46,878 [INFO] [OK] Brazil/GFS_ENSEMBLE_Corn_Winter_PRCP_DEP/cumulative dia 14 (2026-10-06 → 2026-10-20) 48875 bytes
2026-10-06 09:34:47,518 [INFO] [OK] Brazil/GFS_ENSEMBLE_Corn_Winter_PRCP/daily dia 04 (2026-10-10 → 2026-10-10) 30067 bytes
2026-10-06 09:34:47,716 [INFO] [OK] Brazil/GFS_ENSEMBLE_Corn_Winter_PRCP/daily dia 05 (2026-10-11 → 2026-10-11) 30028 bytes
2026-10-06 09:34:48,442 [INFO] [OK] Brazil/GFS_ENSEMBLE_Corn_Winter_PRCP/daily dia 06 (2026-10-12 → 2026-10-12) 31130 bytes
2026-10-06 09:34:48,442 [INFO] [OK] Brazil/GFS_ENSEMBLE_Corn_Winter_PRCP/daily dia 07 (2026-10-13 → 2026-10-13) 31939 bytes
2026-10-06 09:34:48,523 [INFO] [OK] Brazil/GFS_ENSEMBLE_Corn_Winter_PRCP/daily dia 08 (2026-10-14 → 2026-10-14) 32212 bytes
2026-10-06 09:34:49,878 [INFO] [OK] Brazil/GFS_ENSEMBLE_Corn_Winter_PRCP/daily dia 09 (2026-10-15 → 2026-10-15) 31370 bytes
2026-10-06 09:34:50,480 [INFO] [OK] Brazil/GFS_ENSEMBLE_Corn_Winter_PRCP/daily dia 11 (2026-10-17 → 2026-10-17) 30606 bytes
2026-10-06 09:34:50,482 [INFO] [OK] Brazil/GFS_ENSEMBLE_Corn_Winter_PRCP/daily dia 10 (2026-10-16 → 2026-10-16) 30435 bytes
2026-10-06 09:34:51,382 [INFO] [OK] Brazil/GFS_ENSEMBLE_Corn_Winter_PRCP/daily dia 14 (2026-10-20 → 2026-10-20) 31478 bytes
2026-10-06 09:34:51,519 [INFO] [OK] Brazil/GFS_ENSEMBLE_Corn_Winter_PRCP/daily dia 13 (2026-10-19 → 2026-10-19) 31182 bytes
2026-10-06 09:34:51,952 [INFO] [OK] Brazil/GFS_ENSEMBLE_Corn_Winter_PRCP/daily dia 12 (2026-10-18 → 2026-10-18) 31228 bytes
2026-10-06 09:34:56,359 [INFO] [OK] Brazil/GFS_ENSEMBLE_Corn_Winter_PRCP/cumulative dia 02 (2026-10-06 → 2026-10-08) 36521 bytes
2026-10-06 09:34:56,364 [INFO] [OK] Brazil/GFS_ENSEMBLE_Corn_Winter_PRCP/cumulative dia 03 (2026-10-06 → 2026-10-09) 37250 bytes
2026-10-06 09:34:56,367 [INFO] [OK] Brazil/GFS_ENSEMBLE_Corn_Winter_PRCP/cumulative dia 01 (2026-10-06 → 2026-10-07) 34534 bytes
2026-10-06 09:34:56,368 [INFO] [OK] Brazil/GFS_ENSEMBLE_Corn_Winter_PRCP/cumulative dia 00 (2026-10-06 → 2026-10-06) 31817 bytes
2026-10-06 09:34:56,443 [INFO] [OK] Brazil/GFS_ENSEMBLE_Corn_Winter_PRCP/cumulative dia 04 (2026-10-06 → 2026-10-10) 37942 bytes
2026-10-06 09:34:56,961 [INFO] [OK] Brazil/GFS_ENSEMBLE_Corn_Winter_PRCP/cumulative dia 05 (2026-10-06 → 2026-10-11) 38962 bytes
