2026-08-18 09:33:18,102 [INFO] === Execução 2026-08-18 | modo=both | dias=15 | parâmetro=['PRCP_DEP', 'PRCP'] ===
2026-08-18 09:33:18,104 [INFO] Baixando 960 mapas com 6 threads...
2026-08-18 09:33:22,419 [INFO] [OK] Brazil/GFS_ENSEMBLE_Soy_PRCP_DEP/daily dia 01 (2026-08-19 → 2026-08-19) 39191 bytes
2026-08-18 09:33:22,506 [INFO] [OK] Brazil/GFS_ENSEMBLE_Soy_PRCP_DEP/daily dia 03 (2026-08-21 → 2026-08-21) 37390 bytes
2026-08-18 09:33:22,553 [INFO] [OK] Brazil/GFS_ENSEMBLE_Soy_PRCP_DEP/daily dia 00 (2026-08-18 → 2026-08-18) 38841 bytes
2026-08-18 09:33:22,559 [INFO] [OK] Brazil/GFS_ENSEMBLE_Soy_PRCP_DEP/daily dia 02 (2026-08-20 → 2026-08-20) 39993 bytes
2026-08-18 09:33:22,560 [INFO] [OK] Brazil/GFS_ENSEMBLE_Soy_PRCP_DEP/daily dia 04 (2026-08-22 → 2026-08-22) 37317 bytes
2026-08-18 09:33:22,584 [INFO] [OK] Brazil/GFS_ENSEMBLE_Soy_PRCP_DEP/daily dia 05 (2026-08-23 → 2026-08-23) 42420 bytes
2026-08-18 09:33:25,616 [INFO] [OK] Brazil/GFS_ENSEMBLE_Soy_PRCP_DEP/daily dia 10 (2026-08-28 → 2026-08-28) 44705 bytes
2026-08-18 09:33:25,856 [INFO] [OK] Brazil/GFS_ENSEMBLE_Soy_PRCP_DEP/daily dia 08 (2026-08-26 → 2026-08-26) 45521 bytes
2026-08-18 09:33:26,064 [INFO] [OK] Brazil/GFS_ENSEMBLE_Soy_PRCP_DEP/daily dia 07 (2026-08-25 → 2026-08-25) 45876 bytes
2026-08-18 09:33:26,070 [INFO] [OK] Brazil/GFS_ENSEMBLE_Soy_PRCP_DEP/daily dia 06 (2026-08-24 → 2026-08-24) 47870 bytes
2026-08-18 09:33:26,153 [INFO] [OK] Brazil/GFS_ENSEMBLE_Soy_PRCP_DEP/daily dia 11 (2026-08-29 → 2026-08-29) 46619 bytes
2026-08-18 09:33:26,277 [INFO] [OK] Brazil/GFS_ENSEMBLE_Soy_PRCP_DEP/daily dia 09 (2026-08-27 → 2026-08-27) 47503 bytes
2026-08-18 09:33:28,473 [INFO] [OK] Brazil/GFS_ENSEMBLE_Soy_PRCP_DEP/daily dia 13 (2026-08-31 → 2026-08-31) 50126 bytes
2026-08-18 09:33:28,475 [INFO] [OK] Brazil/GFS_ENSEMBLE_Soy_PRCP_DEP/daily dia 12 (2026-08-30 → 2026-08-30) 48941 bytes
2026-08-18 09:33:28,657 [INFO] [OK] Brazil/GFS_ENSEMBLE_Soy_PRCP_DEP/daily dia 14 (2026-09-01 → 2026-09-01) 51943 bytes
2026-08-18 09:33:28,918 [INFO] [OK] Brazil/GFS_ENSEMBLE_Soy_PRCP_DEP/cumulative dia 00 (2026-08-18 → 2026-08-18) 38841 bytes
2026-08-18 09:33:29,657 [INFO] [OK] Brazil/GFS_ENSEMBLE_Soy_PRCP_DEP/cumulative dia 01 (2026-08-18 → 2026-08-19) 39661 bytes
2026-08-18 09:33:29,674 [INFO] [OK] Brazil/GFS_ENSEMBLE_Soy_PRCP_DEP/cumulative dia 02 (2026-08-18 → 2026-08-20) 41335 bytes
2026-08-18 09:33:31,883 [INFO] [OK] Brazil/GFS_ENSEMBLE_Soy_PRCP_DEP/cumulative dia 03 (2026-08-18 → 2026-08-21) 41925 bytes
2026-08-18 09:33:32,093 [INFO] [OK] Brazil/GFS_ENSEMBLE_Soy_PRCP_DEP/cumulative dia 04 (2026-08-18 → 2026-08-22) 42515 bytes
2026-08-18 09:33:33,280 [INFO] [OK] Brazil/GFS_ENSEMBLE_Soy_PRCP_DEP/cumulative dia 05 (2026-08-18 → 2026-08-23) 43911 bytes
2026-08-18 09:33:33,782 [INFO] [OK] Brazil/GFS_ENSEMBLE_Soy_PRCP_DEP/cumulative dia 06 (2026-08-18 → 2026-08-24) 45655 bytes
2026-08-18 09:33:34,703 [INFO] [OK] Brazil/GFS_ENSEMBLE_Soy_PRCP_DEP/cumulative dia 08 (2026-08-18 → 2026-08-26) 49467 bytes
2026-08-18 09:33:34,971 [INFO] [OK] Brazil/GFS_ENSEMBLE_Soy_PRCP_DEP/cumulative dia 07 (2026-08-18 → 2026-08-25) 47843 bytes
2026-08-18 09:33:36,591 [INFO] [OK] Brazil/GFS_ENSEMBLE_Soy_PRCP_DEP/cumulative dia 10 (2026-08-18 → 2026-08-28) 50291 bytes
2026-08-18 09:33:36,739 [INFO] [OK] Brazil/GFS_ENSEMBLE_Soy_PRCP_DEP/cumulative dia 09 (2026-08-18 → 2026-08-27) 50035 bytes
2026-08-18 09:33:37,464 [INFO] [OK] Brazil/GFS_ENSEMBLE_Soy_PRCP_DEP/cumulative dia 11 (2026-08-18 → 2026-08-29) 50064 bytes
2026-08-18 09:33:38,526 [INFO] [OK] Brazil/GFS_ENSEMBLE_Soy_PRCP_DEP/cumulative dia 12 (2026-08-18 → 2026-08-30) 49975 bytes
2026-08-18 09:33:38,565 [INFO] [OK] Brazil/GFS_ENSEMBLE_Soy_PRCP/daily dia 01 (2026-08-19 → 2026-08-19) 31339 bytes
2026-08-18 09:33:38,682 [INFO] [OK] Brazil/GFS_ENSEMBLE_Soy_PRCP/daily dia 00 (2026-08-18 → 2026-08-18) 31679 bytes
2026-08-18 09:33:39,351 [INFO] [OK] Brazil/GFS_ENSEMBLE_Soy_PRCP/daily dia 02 (2026-08-20 → 2026-08-20) 30908 bytes
2026-08-18 09:33:39,646 [INFO] [OK] Brazil/GFS_ENSEMBLE_Soy_PRCP_DEP/cumulative dia 14 (2026-08-18 → 2026-09-01) 50650 bytes
2026-08-18 09:33:40,009 [INFO] [OK] Brazil/GFS_ENSEMBLE_Soy_PRCP_DEP/cumulative dia 13 (2026-08-18 → 2026-08-31) 50190 bytes
2026-08-18 09:33:41,184 [INFO] [OK] Brazil/GFS_ENSEMBLE_Soy_PRCP/daily dia 04 (2026-08-22 → 2026-08-22) 28474 bytes
2026-08-18 09:33:41,186 [INFO] [OK] Brazil/GFS_ENSEMBLE_Soy_PRCP/daily dia 03 (2026-08-21 → 2026-08-21) 28285 bytes
2026-08-18 09:33:41,198 [INFO] [OK] Brazil/GFS_ENSEMBLE_Soy_PRCP/daily dia 05 (2026-08-23 → 2026-08-23) 29023 bytes
2026-08-18 09:33:41,637 [INFO] [OK] Brazil/GFS_ENSEMBLE_Soy_PRCP/daily dia 06 (2026-08-24 → 2026-08-24) 29801 bytes
2026-08-18 09:33:41,678 [INFO] [OK] Brazil/GFS_ENSEMBLE_Soy_PRCP/daily dia 07 (2026-08-25 → 2026-08-25) 30206 bytes
2026-08-18 09:33:42,188 [INFO] [OK] Brazil/GFS_ENSEMBLE_Soy_PRCP/daily dia 08 (2026-08-26 → 2026-08-26) 30467 bytes
2026-08-18 09:33:43,409 [INFO] [OK] Brazil/GFS_ENSEMBLE_Soy_PRCP/daily dia 11 (2026-08-29 → 2026-08-29) 29382 bytes
2026-08-18 09:33:43,532 [INFO] [OK] Brazil/GFS_ENSEMBLE_Soy_PRCP/daily dia 09 (2026-08-27 → 2026-08-27) 29752 bytes
2026-08-18 09:33:43,539 [INFO] [OK] Brazil/GFS_ENSEMBLE_Soy_PRCP/daily dia 10 (2026-08-28 → 2026-08-28) 29220 bytes
2026-08-18 09:33:43,547 [INFO] [OK] Brazil/GFS_ENSEMBLE_Soy_PRCP/daily dia 12 (2026-08-30 → 2026-08-30) 30188 bytes
2026-08-18 09:33:43,943 [INFO] [OK] Brazil/GFS_ENSEMBLE_Soy_PRCP/daily dia 14 (2026-09-01 → 2026-09-01) 30716 bytes
2026-08-18 09:33:44,048 [INFO] [OK] Brazil/GFS_ENSEMBLE_Soy_PRCP/daily dia 13 (2026-08-31 → 2026-08-31) 30245 bytes
2026-08-18 09:33:45,680 [INFO] [OK] Brazil/GFS_ENSEMBLE_Soy_PRCP/cumulative dia 01 (2026-08-18 → 2026-08-19) 33495 bytes
2026-08-18 09:33:45,722 [INFO] [OK] Brazil/GFS_ENSEMBLE_Soy_PRCP/cumulative dia 00 (2026-08-18 → 2026-08-18) 31679 bytes
2026-08-18 09:33:45,880 [INFO] [OK] Brazil/GFS_ENSEMBLE_Soy_PRCP/cumulative dia 02 (2026-08-18 → 2026-08-20) 35198 bytes
2026-08-18 09:33:45,935 [INFO] [OK] Brazil/GFS_ENSEMBLE_Soy_PRCP/cumulative dia 03 (2026-08-18 → 2026-08-21) 35463 bytes
2026-08-18 09:33:46,540 [INFO] [OK] Brazil/GFS_ENSEMBLE_Soy_PRCP/cumulative dia 04 (2026-08-18 → 2026-08-22) 36256 bytes
2026-08-18 09:33:47,111 [INFO] [OK] Brazil/GFS_ENSEMBLE_Soy_PRCP/cumulative dia 05 (2026-08-18 → 2026-08-23) 36766 bytes
2026-08-18 09:33:50,410 [INFO] [OK] Brazil/GFS_ENSEMBLE_Soy_PRCP/cumulative dia 06 (2026-08-18 → 2026-08-24) 37708 bytes
2026-08-18 09:33:50,564 [INFO] [OK] Brazil/GFS_ENSEMBLE_Soy_PRCP/cumulative dia 07 (2026-08-18 → 2026-08-25) 38846 bytes
2026-08-18 09:33:50,664 [INFO] [OK] Brazil/GFS_ENSEMBLE_Soy_PRCP/cumulative dia 09 (2026-08-18 → 2026-08-27) 40499 bytes
2026-08-18 09:33:50,883 [INFO] [OK] Brazil/GFS_ENSEMBLE_Soy_PRCP/cumulative dia 08 (2026-08-18 → 2026-08-26) 40152 bytes
2026-08-18 09:33:51,681 [INFO] [OK] Brazil/GFS_ENSEMBLE_Soy_PRCP/cumulative dia 10 (2026-08-18 → 2026-08-28) 40489 bytes
2026-08-18 09:33:52,370 [INFO] [OK] Brazil/GFS_ENSEMBLE_Soy_PRCP/cumulative dia 11 (2026-08-18 → 2026-08-29) 40917 bytes
2026-08-18 09:33:52,972 [INFO] [OK] Brazil/GFS_ENSEMBLE_Corn_Winter_PRCP_DEP/daily dia 00 (2026-08-18 → 2026-08-18) 37244 bytes
2026-08-18 09:33:53,389 [INFO] [OK] Brazil/GFS_ENSEMBLE_Corn_Winter_PRCP_DEP/daily dia 01 (2026-08-19 → 2026-08-19) 37640 bytes
2026-08-18 09:33:54,423 [INFO] [OK] Brazil/GFS_ENSEMBLE_Corn_Winter_PRCP_DEP/daily dia 02 (2026-08-20 → 2026-08-20) 38382 bytes
2026-08-18 09:33:55,084 [INFO] [OK] Brazil/GFS_ENSEMBLE_Soy_PRCP/cumulative dia 12 (2026-08-18 → 2026-08-30) 41420 bytes
2026-08-18 09:33:55,311 [INFO] [OK] Brazil/GFS_ENSEMBLE_Soy_PRCP/cumulative dia 13 (2026-08-18 → 2026-08-31) 41812 bytes
2026-08-18 09:33:55,322 [INFO] [OK] Brazil/GFS_ENSEMBLE_Corn_Winter_PRCP_DEP/daily dia 04 (2026-08-22 → 2026-08-22) 35764 bytes
2026-08-18 09:33:55,377 [INFO] [OK] Brazil/GFS_ENSEMBLE_Corn_Winter_PRCP_DEP/daily dia 03 (2026-08-21 → 2026-08-21) 35853 bytes
2026-08-18 09:33:55,489 [INFO] [OK] Brazil/GFS_ENSEMBLE_Soy_PRCP/cumulative dia 14 (2026-08-18 → 2026-09-01) 42268 bytes
2026-08-18 09:33:56,126 [INFO] [OK] Brazil/GFS_ENSEMBLE_Corn_Winter_PRCP_DEP/daily dia 05 (2026-08-23 → 2026-08-23) 40737 bytes
2026-08-18 09:33:57,236 [INFO] [OK] Brazil/GFS_ENSEMBLE_Corn_Winter_PRCP_DEP/daily dia 06 (2026-08-24 → 2026-08-24) 46257 bytes
2026-08-18 09:33:57,555 [INFO] [OK] Brazil/GFS_ENSEMBLE_Corn_Winter_PRCP_DEP/daily dia 08 (2026-08-26 → 2026-08-26) 44015 bytes
2026-08-18 09:33:57,661 [INFO] [OK] Brazil/GFS_ENSEMBLE_Corn_Winter_PRCP_DEP/daily dia 07 (2026-08-25 → 2026-08-25) 44409 bytes
2026-08-18 09:33:57,721 [INFO] [OK] Brazil/GFS_ENSEMBLE_Corn_Winter_PRCP_DEP/daily dia 10 (2026-08-28 → 2026-08-28) 42973 bytes
2026-08-18 09:33:57,832 [INFO] [OK] Brazil/GFS_ENSEMBLE_Corn_Winter_PRCP_DEP/daily dia 09 (2026-08-27 → 2026-08-27) 45635 bytes
2026-08-18 09:33:57,849 [INFO] [OK] Brazil/GFS_ENSEMBLE_Corn_Winter_PRCP_DEP/daily dia 11 (2026-08-29 → 2026-08-29) 45190 bytes
2026-08-18 09:33:58,805 [INFO] [OK] Brazil/GFS_ENSEMBLE_Corn_Winter_PRCP_DEP/daily dia 12 (2026-08-30 → 2026-08-30) 47456 bytes
2026-08-18 09:33:59,518 [INFO] [OK] Brazil/GFS_ENSEMBLE_Corn_Winter_PRCP_DEP/daily dia 13 (2026-08-31 → 2026-08-31) 48680 bytes
2026-08-18 09:33:59,521 [INFO] [OK] Brazil/GFS_ENSEMBLE_Corn_Winter_PRCP_DEP/cumulative dia 00 (2026-08-18 → 2026-08-18) 37244 bytes
2026-08-18 09:33:59,776 [INFO] [OK] Brazil/GFS_ENSEMBLE_Corn_Winter_PRCP_DEP/daily dia 14 (2026-09-01 → 2026-09-01) 50541 bytes
2026-08-18 09:34:00,320 [INFO] [OK] Brazil/GFS_ENSEMBLE_Corn_Winter_PRCP_DEP/cumulative dia 02 (2026-08-18 → 2026-08-20) 39786 bytes
2026-08-18 09:34:00,328 [INFO] [OK] Brazil/GFS_ENSEMBLE_Corn_Winter_PRCP_DEP/cumulative dia 01 (2026-08-18 → 2026-08-19) 37981 bytes
2026-08-18 09:34:00,912 [INFO] [OK] Brazil/GFS_ENSEMBLE_Corn_Winter_PRCP_DEP/cumulative dia 03 (2026-08-18 → 2026-08-21) 40455 bytes
2026-08-18 09:34:03,416 [INFO] [OK] Brazil/GFS_ENSEMBLE_Corn_Winter_PRCP_DEP/cumulative dia 06 (2026-08-18 → 2026-08-24) 44041 bytes
2026-08-18 09:34:03,697 [INFO] [OK] Brazil/GFS_ENSEMBLE_Corn_Winter_PRCP_DEP/cumulative dia 04 (2026-08-18 → 2026-08-22) 40906 bytes
2026-08-18 09:34:03,980 [INFO] [OK] Brazil/GFS_ENSEMBLE_Corn_Winter_PRCP_DEP/cumulative dia 05 (2026-08-18 → 2026-08-23) 42193 bytes
2026-08-18 09:34:05,619 [INFO] [OK] Brazil/GFS_ENSEMBLE_Corn_Winter_PRCP_DEP/cumulative dia 08 (2026-08-18 → 2026-08-26) 47950 bytes
2026-08-18 09:34:05,643 [INFO] [OK] Brazil/GFS_ENSEMBLE_Corn_Winter_PRCP_DEP/cumulative dia 07 (2026-08-18 → 2026-08-25) 46449 bytes
2026-08-18 09:34:05,717 [INFO] [OK] Brazil/GFS_ENSEMBLE_Corn_Winter_PRCP_DEP/cumulative dia 09 (2026-08-18 → 2026-08-27) 48557 bytes
2026-08-18 09:34:08,191 [INFO] [OK] Brazil/GFS_ENSEMBLE_Corn_Winter_PRCP/daily dia 00 (2026-08-18 → 2026-08-18) 30025 bytes
2026-08-18 09:34:08,205 [INFO] [OK] Brazil/GFS_ENSEMBLE_Corn_Winter_PRCP_DEP/cumulative dia 10 (2026-08-18 → 2026-08-28) 48874 bytes
2026-08-18 09:34:08,738 [INFO] [OK] Brazil/GFS_ENSEMBLE_Corn_Winter_PRCP_DEP/cumulative dia 11 (2026-08-18 → 2026-08-29) 48841 bytes
2026-08-18 09:34:09,725 [INFO] [OK] Brazil/GFS_ENSEMBLE_Corn_Winter_PRCP_DEP/cumulative dia 12 (2026-08-18 → 2026-08-30) 48650 bytes
2026-08-18 09:34:10,124 [INFO] [OK] Brazil/GFS_ENSEMBLE_Corn_Winter_PRCP/daily dia 02 (2026-08-20 → 2026-08-20) 29174 bytes
2026-08-18 09:34:10,227 [INFO] [OK] Brazil/GFS_ENSEMBLE_Corn_Winter_PRCP/daily dia 01 (2026-08-19 → 2026-08-19) 29782 bytes
2026-08-18 09:34:10,639 [INFO] [OK] Brazil/GFS_ENSEMBLE_Corn_Winter_PRCP/daily dia 03 (2026-08-21 → 2026-08-21) 26744 bytes
2026-08-18 09:34:11,443 [INFO] [OK] Brazil/GFS_ENSEMBLE_Corn_Winter_PRCP_DEP/cumulative dia 13 (2026-08-18 → 2026-08-31) 48817 bytes
2026-08-18 09:34:11,821 [INFO] [OK] Brazil/GFS_ENSEMBLE_Corn_Winter_PRCP_DEP/cumulative dia 14 (2026-08-18 → 2026-09-01) 49201 bytes
2026-08-18 09:34:11,857 [INFO] [OK] Brazil/GFS_ENSEMBLE_Corn_Winter_PRCP/daily dia 06 (2026-08-24 → 2026-08-24) 28284 bytes
2026-08-18 09:34:11,909 [INFO] [OK] Brazil/GFS_ENSEMBLE_Corn_Winter_PRCP/daily dia 04 (2026-08-22 → 2026-08-22) 26950 bytes
2026-08-18 09:34:12,153 [INFO] [OK] Brazil/GFS_ENSEMBLE_Corn_Winter_PRCP/daily dia 05 (2026-08-23 → 2026-08-23) 27537 bytes
2026-08-18 09:34:12,156 [INFO] [OK] Brazil/GFS_ENSEMBLE_Corn_Winter_PRCP/daily dia 07 (2026-08-25 → 2026-08-25) 28682 bytes
2026-08-18 09:34:13,088 [INFO] [OK] Brazil/GFS_ENSEMBLE_Corn_Winter_PRCP/daily dia 08 (2026-08-26 → 2026-08-26) 28966 bytes
2026-08-18 09:34:13,789 [INFO] [OK] Brazil/GFS_ENSEMBLE_Corn_Winter_PRCP/daily dia 09 (2026-08-27 → 2026-08-27) 28125 bytes
2026-08-18 09:34:13,992 [INFO] [OK] Brazil/GFS_ENSEMBLE_Corn_Winter_PRCP/daily dia 10 (2026-08-28 → 2026-08-28) 27640 bytes
2026-08-18 09:34:13,994 [INFO] [OK] Brazil/GFS_ENSEMBLE_Corn_Winter_PRCP/daily dia 11 (2026-08-29 → 2026-08-29) 27831 bytes
2026-08-18 09:34:14,234 [INFO] [OK] Brazil/GFS_ENSEMBLE_Corn_Winter_PRCP/daily dia 13 (2026-08-31 → 2026-08-31) 28763 bytes
2026-08-18 09:34:14,389 [INFO] [OK] Brazil/GFS_ENSEMBLE_Corn_Winter_PRCP/daily dia 12 (2026-08-30 → 2026-08-30) 28619 bytes
2026-08-18 09:34:14,930 [INFO] [OK] Brazil/GFS_ENSEMBLE_Corn_Winter_PRCP/daily dia 14 (2026-09-01 → 2026-09-01) 29182 bytes
2026-08-18 09:34:15,529 [INFO] [OK] Brazil/GFS_ENSEMBLE_Corn_Winter_PRCP/cumulative dia 00 (2026-08-18 → 2026-08-18) 30025 bytes
2026-08-18 09:34:15,593 [INFO] [OK] Brazil/GFS_ENSEMBLE_Corn_Winter_PRCP/cumulative dia 01 (2026-08-18 → 2026-08-19) 31782 bytes
2026-08-18 09:34:15,898 [INFO] [OK] Brazil/GFS_ENSEMBLE_Corn_Winter_PRCP/cumulative dia 02 (2026-08-18 → 2026-08-20) 33512 bytes
2026-08-18 09:34:16,286 [INFO] [OK] Brazil/GFS_ENSEMBLE_Corn_Winter_PRCP/cumulative dia 03 (2026-08-18 → 2026-08-21) 33704 bytes
2026-08-18 09:34:16,717 [INFO] [OK] Brazil/GFS_ENSEMBLE_Corn_Winter_PRCP/cumulative dia 04 (2026-08-18 → 2026-08-22) 34463 bytes
2026-08-18 09:34:18,682 [INFO] [OK] Brazil/GFS_ENSEMBLE_Corn_Winter_PRCP/cumulative dia 05 (2026-08-18 → 2026-08-23) 35013 bytes
2026-08-18 09:34:20,215 [INFO] [OK] Brazil/GFS_ENSEMBLE_Corn_Winter_PRCP/cumulative dia 06 (2026-08-18 → 2026-08-24) 35973 bytes
2026-08-18 09:34:20,704 [INFO] [OK] Brazil/GFS_ENSEMBLE_Corn_Winter_PRCP/cumulative dia 07 (2026-08-18 → 2026-08-25) 37149 bytes
2026-08-18 09:34:21,756 [INFO] [OK] Brazil/GFS_ENSEMBLE_Corn_Winter_PRCP/cumulative dia 08 (2026-08-18 → 2026-08-26) 38382 bytes
2026-08-18 09:34:21,790 [INFO] [OK] Brazil/GFS_ENSEMBLE_Corn_Winter_PRCP/cumulative dia 09 (2026-08-18 → 2026-08-27) 38741 bytes
2026-08-18 09:34:22,504 [INFO] [OK] Brazil/GFS_ENSEMBLE_Corn_Winter_PRCP/cumulative dia 10 (2026-08-18 → 2026-08-28) 38781 bytes
2026-08-18 09:34:24,838 [INFO] [OK] Brazil/ECM_ENSEMBLE_Soy_PRCP_DEP/daily dia 00 (2026-08-18 → 2026-08-18) 43464 bytes
2026-08-18 09:34:25,478 [INFO] [OK] Brazil/ECM_ENSEMBLE_Soy_PRCP_DEP/daily dia 01 (2026-08-19 → 2026-08-19) 43515 bytes
2026-08-18 09:34:25,791 [INFO] [OK] Brazil/GFS_ENSEMBLE_Corn_Winter_PRCP/cumulative dia 11 (2026-08-18 → 2026-08-29) 39348 bytes
2026-08-18 09:34:27,602 [INFO] [OK] Brazil/ECM_ENSEMBLE_Soy_PRCP_DEP/daily dia 02 (2026-08-20 → 2026-08-20) 43615 bytes
2026-08-18 09:34:27,603 [INFO] [OK] Brazil/GFS_ENSEMBLE_Corn_Winter_PRCP/cumulative dia 12 (2026-08-18 → 2026-08-30) 39777 bytes
2026-08-18 09:34:27,873 [WARNING] [RETRY] Brazil/ECM_ENSEMBLE_Soy_PRCP_DEP/daily dia 06 - tentativa 1/3: 500 Server Error: Internal Server Error for url: https://api.weatherdesk.xweather.com/28ffaaf6-c3a2-4009-bd9a-050272f32b8a/services/gwi/v1/getimage?type=station&grouping=D&metric=1&region=86&parameter=PRCP_DEP&model=4&crop=13&label=1&colorscale=1&start=2026-08-24&end=2026-08-24
2026-08-18 09:34:28,200 [INFO] [OK] Brazil/GFS_ENSEMBLE_Corn_Winter_PRCP/cumulative dia 13 (2026-08-18 → 2026-08-31) 40291 bytes
2026-08-18 09:34:28,282 [INFO] [OK] Brazil/ECM_ENSEMBLE_Soy_PRCP_DEP/daily dia 03 (2026-08-21 → 2026-08-21) 43293 bytes
2026-08-18 09:34:28,551 [INFO] [OK] Brazil/ECM_ENSEMBLE_Soy_PRCP_DEP/daily dia 04 (2026-08-22 → 2026-08-22) 43529 bytes
2026-08-18 09:34:30,038 [INFO] [OK] Brazil/GFS_ENSEMBLE_Corn_Winter_PRCP/cumulative dia 14 (2026-08-18 → 2026-09-01) 40789 bytes
2026-08-18 09:34:35,313 [INFO] [OK] Brazil/ECM_ENSEMBLE_Soy_PRCP_DEP/daily dia 10 (2026-08-28 → 2026-08-28) 48462 bytes
2026-08-18 09:34:35,322 [INFO] [OK] Brazil/ECM_ENSEMBLE_Soy_PRCP_DEP/daily dia 08 (2026-08-26 → 2026-08-26) 48897 bytes
2026-08-18 09:34:35,309 [INFO] [OK] Brazil/ECM_ENSEMBLE_Soy_PRCP_DEP/daily dia 05 (2026-08-23 → 2026-08-23) 45469 bytes
2026-08-18 09:34:35,325 [INFO] [OK] Brazil/ECM_ENSEMBLE_Soy_PRCP_DEP/daily dia 07 (2026-08-25 → 2026-08-25) 45177 bytes
2026-08-18 09:34:35,327 [INFO] [OK] Brazil/ECM_ENSEMBLE_Soy_PRCP_DEP/daily dia 09 (2026-08-27 → 2026-08-27) 50865 bytes
2026-08-18 09:34:39,177 [INFO] [OK] Brazil/ECM_ENSEMBLE_Soy_PRCP_DEP/daily dia 12 (2026-08-30 → 2026-08-30) 50890 bytes
2026-08-18 09:34:39,227 [INFO] [OK] Brazil/ECM_ENSEMBLE_Soy_PRCP_DEP/daily dia 14 (2026-09-01 → 2026-09-01) 54278 bytes
2026-08-18 09:34:39,498 [INFO] [OK] Brazil/ECM_ENSEMBLE_Soy_PRCP_DEP/daily dia 13 (2026-08-31 → 2026-08-31) 52959 bytes
2026-08-18 09:34:39,547 [INFO] [OK] Brazil/ECM_ENSEMBLE_Soy_PRCP_DEP/daily dia 11 (2026-08-29 → 2026-08-29) 48482 bytes
2026-08-18 09:34:39,703 [INFO] [OK] Brazil/ECM_ENSEMBLE_Soy_PRCP_DEP/daily dia 06 (2026-08-24 → 2026-08-24) 48793 bytes
2026-08-18 09:34:39,770 [INFO] [OK] Brazil/ECM_ENSEMBLE_Soy_PRCP_DEP/cumulative dia 00 (2026-08-18 → 2026-08-18) 43464 bytes
2026-08-18 09:34:42,142 [INFO] [OK] Brazil/ECM_ENSEMBLE_Soy_PRCP_DEP/cumulative dia 01 (2026-08-18 → 2026-08-19) 43860 bytes
2026-08-18 09:34:42,470 [INFO] [OK] Brazil/ECM_ENSEMBLE_Soy_PRCP_DEP/cumulative dia 02 (2026-08-18 → 2026-08-20) 44356 bytes
2026-08-18 09:34:42,839 [INFO] [OK] Brazil/ECM_ENSEMBLE_Soy_PRCP_DEP/cumulative dia 03 (2026-08-18 → 2026-08-21) 46014 bytes
2026-08-18 09:34:43,804 [INFO] [OK] Brazil/ECM_ENSEMBLE_Soy_PRCP_DEP/cumulative dia 04 (2026-08-18 → 2026-08-22) 48133 bytes
2026-08-18 09:34:44,056 [INFO] [OK] Brazil/ECM_ENSEMBLE_Soy_PRCP_DEP/cumulative dia 05 (2026-08-18 → 2026-08-23) 48599 bytes
2026-08-18 09:34:44,352 [INFO] [OK] Brazil/ECM_ENSEMBLE_Soy_PRCP_DEP/cumulative dia 06 (2026-08-18 → 2026-08-24) 50659 bytes
2026-08-18 09:34:45,739 [INFO] [OK] Brazil/ECM_ENSEMBLE_Soy_PRCP_DEP/cumulative dia 07 (2026-08-18 → 2026-08-25) 51328 bytes
2026-08-18 09:34:46,306 [INFO] [OK] Brazil/ECM_ENSEMBLE_Soy_PRCP_DEP/cumulative dia 08 (2026-08-18 → 2026-08-26) 51813 bytes
2026-08-18 09:34:47,125 [INFO] [OK] Brazil/ECM_ENSEMBLE_Soy_PRCP_DEP/cumulative dia 09 (2026-08-18 → 2026-08-27) 52399 bytes
2026-08-18 09:34:48,338 [INFO] [OK] Brazil/ECM_ENSEMBLE_Soy_PRCP_DEP/cumulative dia 10 (2026-08-18 → 2026-08-28) 52436 bytes
2026-08-18 09:34:49,430 [INFO] [OK] Brazil/ECM_ENSEMBLE_Soy_PRCP_DEP/cumulative dia 11 (2026-08-18 → 2026-08-29) 52529 bytes
2026-08-18 09:34:49,671 [INFO] [OK] Brazil/ECM_ENSEMBLE_Soy_PRCP_DEP/cumulative dia 12 (2026-08-18 → 2026-08-30) 52538 bytes
2026-08-18 09:34:50,004 [INFO] [OK] Brazil/ECM_ENSEMBLE_Soy_PRCP/daily dia 00 (2026-08-18 → 2026-08-18) 33535 bytes
2026-08-18 09:34:50,530 [INFO] [OK] Brazil/ECM_ENSEMBLE_Soy_PRCP/daily dia 01 (2026-08-19 → 2026-08-19) 33136 bytes
2026-08-18 09:34:51,699 [INFO] [OK] Brazil/ECM_ENSEMBLE_Soy_PRCP_DEP/cumulative dia 13 (2026-08-18 → 2026-08-31) 53255 bytes
2026-08-18 09:34:51,925 [INFO] [OK] Brazil/ECM_ENSEMBLE_Soy_PRCP/daily dia 02 (2026-08-20 → 2026-08-20) 31842 bytes
2026-08-18 09:34:52,131 [INFO] [OK] Brazil/ECM_ENSEMBLE_Soy_PRCP/daily dia 03 (2026-08-21 → 2026-08-21) 28722 bytes
2026-08-18 09:34:52,470 [INFO] [OK] Brazil/ECM_ENSEMBLE_Soy_PRCP/daily dia 04 (2026-08-22 → 2026-08-22) 29333 bytes
2026-08-18 09:34:56,425 [INFO] [OK] Brazil/ECM_ENSEMBLE_Soy_PRCP_DEP/cumulative dia 14 (2026-08-18 → 2026-09-01) 53432 bytes
2026-08-18 09:35:01,335 [INFO] [OK] Brazil/ECM_ENSEMBLE_Soy_PRCP/daily dia 05 (2026-08-23 → 2026-08-23) 29855 bytes
2026-08-18 09:35:06,298 [INFO] [OK] Brazil/ECM_ENSEMBLE_Soy_PRCP/daily dia 09 (2026-08-27 → 2026-08-27) 29723 bytes
2026-08-18 09:35:06,560 [INFO] [OK] Brazil/ECM_ENSEMBLE_Soy_PRCP/daily dia 07 (2026-08-25 → 2026-08-25) 30136 bytes
2026-08-18 09:35:06,575 [INFO] [OK] Brazil/ECM_ENSEMBLE_Soy_PRCP/daily dia 08 (2026-08-26 → 2026-08-26) 30380 bytes
2026-08-18 09:35:06,578 [INFO] [OK] Brazil/ECM_ENSEMBLE_Soy_PRCP/daily dia 06 (2026-08-24 → 2026-08-24) 30853 bytes
2026-08-18 09:35:10,471 [INFO] [OK] Brazil/ECM_ENSEMBLE_Soy_PRCP/daily dia 10 (2026-08-28 → 2026-08-28) 29880 bytes
2026-08-18 09:35:12,013 [INFO] [OK] Brazil/ECM_ENSEMBLE_Soy_PRCP/daily dia 12 (2026-08-30 → 2026-08-30) 30633 bytes
2026-08-18 09:35:12,171 [INFO] [OK] Brazil/ECM_ENSEMBLE_Soy_PRCP/daily dia 11 (2026-08-29 → 2026-08-29) 29979 bytes
2026-08-18 09:35:13,841 [INFO] [OK] Brazil/ECM_ENSEMBLE_Soy_PRCP/daily dia 13 (2026-08-31 → 2026-08-31) 31098 bytes
2026-08-18 09:35:23,886 [INFO] [OK] Brazil/ECM_ENSEMBLE_Soy_PRCP/daily dia 14 (2026-09-01 → 2026-09-01) 29897 bytes
2026-08-18 09:35:23,908 [INFO] [OK] Brazil/ECM_ENSEMBLE_Soy_PRCP/cumulative dia 01 (2026-08-18 → 2026-08-19) 36292 bytes
2026-08-18 09:35:23,919 [INFO] [OK] Brazil/ECM_ENSEMBLE_Soy_PRCP/cumulative dia 00 (2026-08-18 → 2026-08-18) 33535 bytes
2026-08-18 09:35:23,922 [INFO] [OK] Brazil/ECM_ENSEMBLE_Soy_PRCP/cumulative dia 02 (2026-08-18 → 2026-08-20) 37618 bytes
2026-08-18 09:35:24,179 [INFO] [OK] Brazil/ECM_ENSEMBLE_Soy_PRCP/cumulative dia 04 (2026-08-18 → 2026-08-22) 38868 bytes
2026-08-18 09:35:24,199 [INFO] [OK] Brazil/ECM_ENSEMBLE_Soy_PRCP/cumulative dia 03 (2026-08-18 → 2026-08-21) 38056 bytes
2026-08-18 09:39:21,568 [INFO] [OK] Brazil/ECM_ENSEMBLE_Soy_PRCP/cumulative dia 10 (2026-08-18 → 2026-08-28) 42920 bytes
2026-08-18 09:39:21,543 [INFO] [OK] Brazil/ECM_ENSEMBLE_Soy_PRCP/cumulative dia 06 (2026-08-18 → 2026-08-24) 40542 bytes
2026-08-18 09:39:21,581 [INFO] [OK] Brazil/ECM_ENSEMBLE_Soy_PRCP/cumulative dia 05 (2026-08-18 → 2026-08-23) 39401 bytes
2026-08-18 09:39:21,584 [INFO] [OK] Brazil/ECM_ENSEMBLE_Soy_PRCP/cumulative dia 07 (2026-08-18 → 2026-08-25) 41665 bytes
2026-08-18 09:39:21,589 [INFO] [OK] Brazil/ECM_ENSEMBLE_Soy_PRCP/cumulative dia 09 (2026-08-18 → 2026-08-27) 42637 bytes
2026-08-18 09:39:21,590 [INFO] [OK] Brazil/ECM_ENSEMBLE_Soy_PRCP/cumulative dia 08 (2026-08-18 → 2026-08-26) 42236 bytes
2026-08-18 09:39:23,299 [INFO] [OK] Brazil/ECM_ENSEMBLE_Corn_Winter_PRCP_DEP/daily dia 01 (2026-08-19 → 2026-08-19) 41743 bytes
2026-08-18 09:39:23,307 [INFO] [OK] Brazil/ECM_ENSEMBLE_Corn_Winter_PRCP_DEP/daily dia 00 (2026-08-18 → 2026-08-18) 41979 bytes
2026-08-18 09:39:24,292 [INFO] [OK] Brazil/ECM_ENSEMBLE_Soy_PRCP/cumulative dia 11 (2026-08-18 → 2026-08-29) 42992 bytes
2026-08-18 09:39:24,304 [INFO] [OK] Brazil/ECM_ENSEMBLE_Soy_PRCP/cumulative dia 12 (2026-08-18 → 2026-08-30) 43187 bytes
2026-08-18 09:39:24,306 [INFO] [OK] Brazil/ECM_ENSEMBLE_Soy_PRCP/cumulative dia 13 (2026-08-18 → 2026-08-31) 43546 bytes
2026-08-18 09:39:24,478 [INFO] [OK] Brazil/ECM_ENSEMBLE_Soy_PRCP/cumulative dia 14 (2026-08-18 → 2026-09-01) 43473 bytes
2026-08-18 09:39:24,725 [INFO] [OK] Brazil/ECM_ENSEMBLE_Corn_Winter_PRCP_DEP/daily dia 03 (2026-08-21 → 2026-08-21) 41773 bytes
2026-08-18 09:39:24,734 [INFO] [OK] Brazil/ECM_ENSEMBLE_Corn_Winter_PRCP_DEP/daily dia 02 (2026-08-20 → 2026-08-20) 42217 bytes
2026-08-18 09:39:25,755 [INFO] [OK] Brazil/ECM_ENSEMBLE_Corn_Winter_PRCP_DEP/daily dia 05 (2026-08-23 → 2026-08-23) 43750 bytes
2026-08-18 09:39:25,761 [INFO] [OK] Brazil/ECM_ENSEMBLE_Corn_Winter_PRCP_DEP/daily dia 04 (2026-08-22 → 2026-08-22) 41743 bytes
2026-08-18 09:39:25,824 [INFO] [OK] Brazil/ECM_ENSEMBLE_Corn_Winter_PRCP_DEP/daily dia 06 (2026-08-24 → 2026-08-24) 47258 bytes
2026-08-18 09:39:25,963 [INFO] [OK] Brazil/ECM_ENSEMBLE_Corn_Winter_PRCP_DEP/daily dia 07 (2026-08-25 → 2026-08-25) 43690 bytes
2026-08-18 09:39:26,107 [INFO] [OK] Brazil/ECM_ENSEMBLE_Corn_Winter_PRCP_DEP/daily dia 09 (2026-08-27 → 2026-08-27) 49027 bytes
2026-08-18 09:39:26,210 [INFO] [OK] Brazil/ECM_ENSEMBLE_Corn_Winter_PRCP_DEP/daily dia 08 (2026-08-26 → 2026-08-26) 47200 bytes
2026-08-18 09:39:27,286 [INFO] [OK] Brazil/ECM_ENSEMBLE_Corn_Winter_PRCP_DEP/daily dia 12 (2026-08-30 → 2026-08-30) 49311 bytes
2026-08-18 09:39:27,403 [INFO] [OK] Brazil/ECM_ENSEMBLE_Corn_Winter_PRCP_DEP/daily dia 11 (2026-08-29 → 2026-08-29) 46949 bytes
2026-08-18 09:39:27,536 [INFO] [OK] Brazil/ECM_ENSEMBLE_Corn_Winter_PRCP_DEP/daily dia 10 (2026-08-28 → 2026-08-28) 46833 bytes
2026-08-18 09:39:27,663 [INFO] [OK] Brazil/ECM_ENSEMBLE_Corn_Winter_PRCP_DEP/daily dia 13 (2026-08-31 → 2026-08-31) 51526 bytes
2026-08-18 09:39:27,666 [INFO] [OK] Brazil/ECM_ENSEMBLE_Corn_Winter_PRCP_DEP/daily dia 14 (2026-09-01 → 2026-09-01) 52589 bytes
2026-08-18 09:39:27,787 [INFO] [OK] Brazil/ECM_ENSEMBLE_Corn_Winter_PRCP_DEP/cumulative dia 00 (2026-08-18 → 2026-08-18) 41979 bytes
2026-08-18 09:39:28,740 [INFO] [OK] Brazil/ECM_ENSEMBLE_Corn_Winter_PRCP_DEP/cumulative dia 01 (2026-08-18 → 2026-08-19) 42115 bytes
2026-08-18 09:39:28,933 [INFO] [OK] Brazil/ECM_ENSEMBLE_Corn_Winter_PRCP_DEP/cumulative dia 02 (2026-08-18 → 2026-08-20) 42621 bytes
2026-08-18 09:39:29,247 [INFO] [OK] Brazil/ECM_ENSEMBLE_Corn_Winter_PRCP_DEP/cumulative dia 03 (2026-08-18 → 2026-08-21) 44515 bytes
2026-08-18 09:39:29,478 [INFO] [OK] Brazil/ECM_ENSEMBLE_Corn_Winter_PRCP_DEP/cumulative dia 04 (2026-08-18 → 2026-08-22) 46330 bytes
2026-08-18 09:39:29,543 [INFO] [OK] Brazil/ECM_ENSEMBLE_Corn_Winter_PRCP_DEP/cumulative dia 05 (2026-08-18 → 2026-08-23) 46961 bytes
2026-08-18 09:39:29,618 [INFO] [OK] Brazil/ECM_ENSEMBLE_Corn_Winter_PRCP_DEP/cumulative dia 06 (2026-08-18 → 2026-08-24) 48770 bytes
2026-08-18 09:39:31,102 [INFO] [OK] Brazil/ECM_ENSEMBLE_Corn_Winter_PRCP_DEP/cumulative dia 07 (2026-08-18 → 2026-08-25) 49717 bytes
2026-08-18 09:39:31,249 [INFO] [OK] Brazil/ECM_ENSEMBLE_Corn_Winter_PRCP_DEP/cumulative dia 08 (2026-08-18 → 2026-08-26) 50082 bytes
2026-08-18 09:39:31,665 [INFO] [OK] Brazil/ECM_ENSEMBLE_Corn_Winter_PRCP_DEP/cumulative dia 09 (2026-08-18 → 2026-08-27) 50678 bytes
2026-08-18 09:39:32,061 [INFO] [OK] Brazil/ECM_ENSEMBLE_Corn_Winter_PRCP_DEP/cumulative dia 10 (2026-08-18 → 2026-08-28) 50684 bytes
2026-08-18 09:39:32,370 [INFO] [OK] Brazil/ECM_ENSEMBLE_Corn_Winter_PRCP_DEP/cumulative dia 12 (2026-08-18 → 2026-08-30) 50928 bytes
2026-08-18 09:39:32,373 [INFO] [OK] Brazil/ECM_ENSEMBLE_Corn_Winter_PRCP_DEP/cumulative dia 11 (2026-08-18 → 2026-08-29) 50811 bytes
2026-08-18 09:39:33,512 [INFO] [OK] Brazil/ECM_ENSEMBLE_Corn_Winter_PRCP/daily dia 01 (2026-08-19 → 2026-08-19) 31429 bytes
2026-08-18 09:39:33,554 [INFO] [OK] Brazil/ECM_ENSEMBLE_Corn_Winter_PRCP/daily dia 00 (2026-08-18 → 2026-08-18) 31813 bytes
2026-08-18 09:39:33,692 [INFO] [OK] Brazil/ECM_ENSEMBLE_Corn_Winter_PRCP_DEP/cumulative dia 13 (2026-08-18 → 2026-08-31) 51440 bytes
2026-08-18 09:39:33,805 [INFO] [OK] Brazil/ECM_ENSEMBLE_Corn_Winter_PRCP/daily dia 03 (2026-08-21 → 2026-08-21) 27178 bytes
2026-08-18 09:39:33,809 [INFO] [OK] Brazil/ECM_ENSEMBLE_Corn_Winter_PRCP/daily dia 02 (2026-08-20 → 2026-08-20) 30204 bytes
2026-08-18 09:39:33,850 [INFO] [OK] Brazil/ECM_ENSEMBLE_Corn_Winter_PRCP_DEP/cumulative dia 14 (2026-08-18 → 2026-09-01) 51721 bytes
2026-08-18 09:39:34,934 [INFO] [OK] Brazil/ECM_ENSEMBLE_Corn_Winter_PRCP/daily dia 04 (2026-08-22 → 2026-08-22) 27813 bytes
2026-08-18 09:39:35,632 [INFO] [OK] Brazil/ECM_ENSEMBLE_Corn_Winter_PRCP/daily dia 07 (2026-08-25 → 2026-08-25) 28585 bytes
2026-08-18 09:39:35,636 [INFO] [OK] Brazil/ECM_ENSEMBLE_Corn_Winter_PRCP/daily dia 06 (2026-08-24 → 2026-08-24) 29419 bytes
2026-08-18 09:39:35,638 [INFO] [OK] Brazil/ECM_ENSEMBLE_Corn_Winter_PRCP/daily dia 05 (2026-08-23 → 2026-08-23) 28445 bytes
2026-08-18 09:39:35,653 [INFO] [OK] Brazil/ECM_ENSEMBLE_Corn_Winter_PRCP/daily dia 09 (2026-08-27 → 2026-08-27) 28181 bytes
2026-08-18 09:39:35,654 [INFO] [OK] Brazil/ECM_ENSEMBLE_Corn_Winter_PRCP/daily dia 08 (2026-08-26 → 2026-08-26) 28811 bytes
2026-08-18 09:39:36,288 [INFO] [OK] Brazil/ECM_ENSEMBLE_Corn_Winter_PRCP/daily dia 10 (2026-08-28 → 2026-08-28) 28305 bytes
2026-08-18 09:39:37,164 [INFO] [OK] Brazil/ECM_ENSEMBLE_Corn_Winter_PRCP/daily dia 11 (2026-08-29 → 2026-08-29) 28554 bytes
2026-08-18 09:39:37,169 [INFO] [OK] Brazil/ECM_ENSEMBLE_Corn_Winter_PRCP/daily dia 14 (2026-09-01 → 2026-09-01) 28442 bytes
2026-08-18 09:39:37,299 [INFO] [OK] Brazil/ECM_ENSEMBLE_Corn_Winter_PRCP/daily dia 12 (2026-08-30 → 2026-08-30) 29170 bytes
2026-08-18 09:39:37,299 [INFO] [OK] Brazil/ECM_ENSEMBLE_Corn_Winter_PRCP/daily dia 13 (2026-08-31 → 2026-08-31) 29601 bytes
2026-08-18 09:39:37,435 [INFO] [OK] Brazil/ECM_ENSEMBLE_Corn_Winter_PRCP/cumulative dia 00 (2026-08-18 → 2026-08-18) 31813 bytes
2026-08-18 09:39:37,783 [INFO] [OK] Brazil/ECM_ENSEMBLE_Corn_Winter_PRCP/cumulative dia 01 (2026-08-18 → 2026-08-19) 34385 bytes
2026-08-18 09:39:39,070 [INFO] [OK] Brazil/ECM_ENSEMBLE_Corn_Winter_PRCP/cumulative dia 02 (2026-08-18 → 2026-08-20) 35748 bytes
2026-08-18 09:39:39,117 [INFO] [OK] Brazil/ECM_ENSEMBLE_Corn_Winter_PRCP/cumulative dia 03 (2026-08-18 → 2026-08-21) 36204 bytes
2026-08-18 09:39:39,532 [INFO] [OK] Brazil/ECM_ENSEMBLE_Corn_Winter_PRCP/cumulative dia 04 (2026-08-18 → 2026-08-22) 37058 bytes
2026-08-18 09:39:39,668 [INFO] [OK] Brazil/ECM_ENSEMBLE_Corn_Winter_PRCP/cumulative dia 05 (2026-08-18 → 2026-08-23) 37567 bytes
2026-08-18 09:39:39,702 [INFO] [OK] Brazil/ECM_ENSEMBLE_Corn_Winter_PRCP/cumulative dia 06 (2026-08-18 → 2026-08-24) 38724 bytes
2026-08-18 09:39:39,992 [INFO] [OK] Brazil/ECM_ENSEMBLE_Corn_Winter_PRCP/cumulative dia 07 (2026-08-18 → 2026-08-25) 39763 bytes
2026-08-18 09:39:41,323 [INFO] [OK] Brazil/ECM_ENSEMBLE_Corn_Winter_PRCP/cumulative dia 08 (2026-08-18 → 2026-08-26) 40321 bytes
2026-08-18 09:39:41,423 [INFO] [OK] Brazil/ECM_ENSEMBLE_Corn_Winter_PRCP/cumulative dia 09 (2026-08-18 → 2026-08-27) 40934 bytes
2026-08-18 09:39:42,058 [INFO] [OK] Brazil/ECM_ENSEMBLE_Corn_Winter_PRCP/cumulative dia 10 (2026-08-18 → 2026-08-28) 41178 bytes
2026-08-18 09:39:42,368 [INFO] [OK] Brazil/ECM_ENSEMBLE_Corn_Winter_PRCP/cumulative dia 11 (2026-08-18 → 2026-08-29) 41349 bytes
2026-08-18 09:39:42,412 [INFO] [OK] Brazil/ECM_ENSEMBLE_Corn_Winter_PRCP/cumulative dia 12 (2026-08-18 → 2026-08-30) 41492 bytes
2026-08-18 09:39:42,521 [INFO] [OK] Argentina/GFS_ENSEMBLE_Soy_PRCP_DEP/daily dia 00 (2026-08-18 → 2026-08-18) 31701 bytes
2026-08-18 09:39:42,811 [INFO] [OK] Brazil/ECM_ENSEMBLE_Corn_Winter_PRCP/cumulative dia 13 (2026-08-18 → 2026-08-31) 41933 bytes
2026-08-18 09:39:43,070 [INFO] [OK] Argentina/GFS_ENSEMBLE_Soy_PRCP_DEP/daily dia 01 (2026-08-19 → 2026-08-19) 35111 bytes
2026-08-18 09:39:43,452 [INFO] [OK] Argentina/GFS_ENSEMBLE_Soy_PRCP_DEP/daily dia 02 (2026-08-20 → 2026-08-20) 34605 bytes
2026-08-18 09:39:43,492 [INFO] [OK] Argentina/GFS_ENSEMBLE_Soy_PRCP_DEP/daily dia 03 (2026-08-21 → 2026-08-21) 28742 bytes
2026-08-18 09:39:43,671 [INFO] [OK] Argentina/GFS_ENSEMBLE_Soy_PRCP_DEP/daily dia 04 (2026-08-22 → 2026-08-22) 28591 bytes
2026-08-18 09:39:43,894 [INFO] [OK] Argentina/GFS_ENSEMBLE_Soy_PRCP_DEP/daily dia 05 (2026-08-23 → 2026-08-23) 33157 bytes
2026-08-18 09:39:43,995 [INFO] [OK] Brazil/ECM_ENSEMBLE_Corn_Winter_PRCP/cumulative dia 14 (2026-08-18 → 2026-09-01) 41992 bytes
2026-08-18 09:39:44,132 [INFO] [OK] Argentina/GFS_ENSEMBLE_Soy_PRCP_DEP/daily dia 06 (2026-08-24 → 2026-08-24) 38185 bytes
2026-08-18 09:39:44,589 [INFO] [OK] Argentina/GFS_ENSEMBLE_Soy_PRCP_DEP/daily dia 07 (2026-08-25 → 2026-08-25) 39528 bytes
2026-08-18 09:39:44,601 [INFO] [OK] Argentina/GFS_ENSEMBLE_Soy_PRCP_DEP/daily dia 08 (2026-08-26 → 2026-08-26) 40692 bytes
2026-08-18 09:39:44,802 [INFO] [OK] Argentina/GFS_ENSEMBLE_Soy_PRCP_DEP/daily dia 09 (2026-08-27 → 2026-08-27) 40767 bytes
2026-08-18 09:39:44,993 [INFO] [OK] Argentina/GFS_ENSEMBLE_Soy_PRCP_DEP/daily dia 10 (2026-08-28 → 2026-08-28) 37335 bytes
2026-08-18 09:39:45,110 [INFO] [OK] Argentina/GFS_ENSEMBLE_Soy_PRCP_DEP/daily dia 11 (2026-08-29 → 2026-08-29) 40700 bytes
2026-08-18 09:39:45,189 [INFO] [OK] Argentina/GFS_ENSEMBLE_Soy_PRCP_DEP/daily dia 12 (2026-08-30 → 2026-08-30) 43925 bytes
2026-08-18 09:39:45,720 [INFO] [OK] Argentina/GFS_ENSEMBLE_Soy_PRCP_DEP/daily dia 14 (2026-09-01 → 2026-09-01) 44922 bytes
2026-08-18 09:39:45,811 [INFO] [OK] Argentina/GFS_ENSEMBLE_Soy_PRCP_DEP/daily dia 13 (2026-08-31 → 2026-08-31) 43154 bytes
2026-08-18 09:39:45,912 [INFO] [OK] Argentina/GFS_ENSEMBLE_Soy_PRCP_DEP/cumulative dia 00 (2026-08-18 → 2026-08-18) 31701 bytes
2026-08-18 09:39:46,156 [INFO] [OK] Argentina/GFS_ENSEMBLE_Soy_PRCP_DEP/cumulative dia 01 (2026-08-18 → 2026-08-19) 33942 bytes
2026-08-18 09:39:46,377 [INFO] [OK] Argentina/GFS_ENSEMBLE_Soy_PRCP_DEP/cumulative dia 02 (2026-08-18 → 2026-08-20) 35920 bytes
2026-08-18 09:39:46,495 [INFO] [OK] Argentina/GFS_ENSEMBLE_Soy_PRCP_DEP/cumulative dia 03 (2026-08-18 → 2026-08-21) 36427 bytes
2026-08-18 09:39:47,124 [INFO] [OK] Argentina/GFS_ENSEMBLE_Soy_PRCP_DEP/cumulative dia 04 (2026-08-18 → 2026-08-22) 36615 bytes
2026-08-18 09:39:47,282 [INFO] [OK] Argentina/GFS_ENSEMBLE_Soy_PRCP_DEP/cumulative dia 05 (2026-08-18 → 2026-08-23) 36928 bytes
2026-08-18 09:39:47,324 [INFO] [OK] Argentina/GFS_ENSEMBLE_Soy_PRCP_DEP/cumulative dia 06 (2026-08-18 → 2026-08-24) 38073 bytes
2026-08-18 09:39:47,856 [INFO] [OK] Argentina/GFS_ENSEMBLE_Soy_PRCP_DEP/cumulative dia 07 (2026-08-18 → 2026-08-25) 40972 bytes
2026-08-18 09:39:47,957 [INFO] [OK] Argentina/GFS_ENSEMBLE_Soy_PRCP_DEP/cumulative dia 08 (2026-08-18 → 2026-08-26) 43645 bytes
2026-08-18 09:39:48,538 [INFO] [OK] Argentina/GFS_ENSEMBLE_Soy_PRCP_DEP/cumulative dia 09 (2026-08-18 → 2026-08-27) 43733 bytes
2026-08-18 09:39:49,197 [INFO] [OK] Argentina/GFS_ENSEMBLE_Soy_PRCP_DEP/cumulative dia 10 (2026-08-18 → 2026-08-28) 44007 bytes
2026-08-18 09:39:49,288 [INFO] [OK] Argentina/GFS_ENSEMBLE_Soy_PRCP_DEP/cumulative dia 12 (2026-08-18 → 2026-08-30) 44086 bytes
2026-08-18 09:39:49,321 [INFO] [OK] Argentina/GFS_ENSEMBLE_Soy_PRCP_DEP/cumulative dia 11 (2026-08-18 → 2026-08-29) 43699 bytes
2026-08-18 09:39:49,609 [INFO] [OK] Argentina/GFS_ENSEMBLE_Soy_PRCP/daily dia 00 (2026-08-18 → 2026-08-18) 28878 bytes
2026-08-18 09:39:50,001 [INFO] [OK] Argentina/GFS_ENSEMBLE_Soy_PRCP_DEP/cumulative dia 13 (2026-08-18 → 2026-08-31) 44019 bytes
2026-08-18 09:39:50,116 [INFO] [OK] Argentina/GFS_ENSEMBLE_Soy_PRCP_DEP/cumulative dia 14 (2026-08-18 → 2026-09-01) 43877 bytes
2026-08-18 09:39:50,258 [INFO] [OK] Argentina/GFS_ENSEMBLE_Soy_PRCP/daily dia 01 (2026-08-19 → 2026-08-19) 29409 bytes
2026-08-18 09:39:50,308 [INFO] [OK] Argentina/GFS_ENSEMBLE_Soy_PRCP/daily dia 02 (2026-08-20 → 2026-08-20) 28975 bytes
2026-08-18 09:39:50,397 [INFO] [OK] Argentina/GFS_ENSEMBLE_Soy_PRCP/daily dia 03 (2026-08-21 → 2026-08-21) 24989 bytes
2026-08-18 09:39:50,643 [INFO] [OK] Argentina/GFS_ENSEMBLE_Soy_PRCP/daily dia 04 (2026-08-22 → 2026-08-22) 25115 bytes
2026-08-18 09:39:51,074 [INFO] [OK] Argentina/GFS_ENSEMBLE_Soy_PRCP/daily dia 05 (2026-08-23 → 2026-08-23) 25860 bytes
2026-08-18 09:39:51,292 [INFO] [OK] Argentina/GFS_ENSEMBLE_Soy_PRCP/daily dia 06 (2026-08-24 → 2026-08-24) 26850 bytes
2026-08-18 09:39:51,407 [INFO] [OK] Argentina/GFS_ENSEMBLE_Soy_PRCP/daily dia 07 (2026-08-25 → 2026-08-25) 28029 bytes
2026-08-18 09:39:51,412 [INFO] [OK] Argentina/GFS_ENSEMBLE_Soy_PRCP/daily dia 08 (2026-08-26 → 2026-08-26) 28941 bytes
2026-08-18 09:39:51,548 [INFO] [OK] Argentina/GFS_ENSEMBLE_Soy_PRCP/daily dia 09 (2026-08-27 → 2026-08-27) 28126 bytes
2026-08-18 09:39:51,718 [INFO] [OK] Argentina/GFS_ENSEMBLE_Soy_PRCP/daily dia 10 (2026-08-28 → 2026-08-28) 27090 bytes
2026-08-18 09:39:52,120 [INFO] [OK] Argentina/GFS_ENSEMBLE_Soy_PRCP/daily dia 11 (2026-08-29 → 2026-08-29) 27031 bytes
2026-08-18 09:39:52,341 [INFO] [OK] Argentina/GFS_ENSEMBLE_Soy_PRCP/daily dia 12 (2026-08-30 → 2026-08-30) 28045 bytes
2026-08-18 09:39:52,530 [INFO] [OK] Argentina/GFS_ENSEMBLE_Soy_PRCP/daily dia 13 (2026-08-31 → 2026-08-31) 27625 bytes
2026-08-18 09:39:52,531 [INFO] [OK] Argentina/GFS_ENSEMBLE_Soy_PRCP/daily dia 14 (2026-09-01 → 2026-09-01) 28394 bytes
2026-08-18 09:39:52,622 [INFO] [OK] Argentina/GFS_ENSEMBLE_Soy_PRCP/cumulative dia 00 (2026-08-18 → 2026-08-18) 28878 bytes
2026-08-18 09:39:52,836 [INFO] [OK] Argentina/GFS_ENSEMBLE_Soy_PRCP/cumulative dia 01 (2026-08-18 → 2026-08-19) 31375 bytes
2026-08-18 09:39:53,245 [INFO] [OK] Argentina/GFS_ENSEMBLE_Soy_PRCP/cumulative dia 02 (2026-08-18 → 2026-08-20) 33011 bytes
2026-08-18 09:39:53,711 [INFO] [OK] Argentina/GFS_ENSEMBLE_Soy_PRCP/cumulative dia 03 (2026-08-18 → 2026-08-21) 32989 bytes
2026-08-18 09:39:54,045 [INFO] [OK] Argentina/GFS_ENSEMBLE_Soy_PRCP/cumulative dia 04 (2026-08-18 → 2026-08-22) 33133 bytes
2026-08-18 09:39:54,148 [INFO] [OK] Argentina/GFS_ENSEMBLE_Soy_PRCP/cumulative dia 05 (2026-08-18 → 2026-08-23) 33549 bytes
2026-08-18 09:39:54,426 [INFO] [OK] Argentina/GFS_ENSEMBLE_Soy_PRCP/cumulative dia 06 (2026-08-18 → 2026-08-24) 34208 bytes
2026-08-18 09:39:54,667 [INFO] [OK] Argentina/GFS_ENSEMBLE_Soy_PRCP/cumulative dia 07 (2026-08-18 → 2026-08-25) 35009 bytes
2026-08-18 09:39:54,904 [INFO] [OK] Argentina/GFS_ENSEMBLE_Soy_PRCP/cumulative dia 08 (2026-08-18 → 2026-08-26) 36389 bytes
2026-08-18 09:39:55,352 [INFO] [OK] Argentina/GFS_ENSEMBLE_Soy_PRCP/cumulative dia 09 (2026-08-18 → 2026-08-27) 36754 bytes
2026-08-18 09:39:55,851 [INFO] [OK] Argentina/GFS_ENSEMBLE_Soy_PRCP/cumulative dia 10 (2026-08-18 → 2026-08-28) 36801 bytes
2026-08-18 09:39:56,073 [INFO] [OK] Argentina/GFS_ENSEMBLE_Soy_PRCP/cumulative dia 11 (2026-08-18 → 2026-08-29) 37068 bytes
2026-08-18 09:39:56,542 [INFO] [OK] Argentina/GFS_ENSEMBLE_Corn_Winter_PRCP_DEP/daily dia 00 (2026-08-18 → 2026-08-18) 29673 bytes
2026-08-18 09:39:56,809 [INFO] [OK] Argentina/GFS_ENSEMBLE_Soy_PRCP/cumulative dia 12 (2026-08-18 → 2026-08-30) 37445 bytes
2026-08-18 09:39:56,890 [INFO] [OK] Argentina/GFS_ENSEMBLE_Soy_PRCP/cumulative dia 13 (2026-08-18 → 2026-08-31) 37614 bytes
2026-08-18 09:39:56,954 [INFO] [OK] Argentina/GFS_ENSEMBLE_Corn_Winter_PRCP_DEP/daily dia 01 (2026-08-19 → 2026-08-19) 33095 bytes
2026-08-18 09:39:57,109 [INFO] [OK] Argentina/GFS_ENSEMBLE_Corn_Winter_PRCP_DEP/daily dia 02 (2026-08-20 → 2026-08-20) 32686 bytes
2026-08-18 09:39:57,165 [INFO] [OK] Argentina/GFS_ENSEMBLE_Soy_PRCP/cumulative dia 14 (2026-08-18 → 2026-09-01) 38101 bytes
2026-08-18 09:39:57,624 [INFO] [OK] Argentina/GFS_ENSEMBLE_Corn_Winter_PRCP_DEP/daily dia 03 (2026-08-21 → 2026-08-21) 27191 bytes
2026-08-18 09:39:58,145 [INFO] [OK] Argentina/GFS_ENSEMBLE_Corn_Winter_PRCP_DEP/daily dia 04 (2026-08-22 → 2026-08-22) 26853 bytes
2026-08-18 09:39:58,146 [INFO] [OK] Argentina/GFS_ENSEMBLE_Corn_Winter_PRCP_DEP/daily dia 05 (2026-08-23 → 2026-08-23) 31267 bytes
2026-08-18 09:39:58,155 [INFO] [OK] Argentina/GFS_ENSEMBLE_Corn_Winter_PRCP_DEP/daily dia 06 (2026-08-24 → 2026-08-24) 36585 bytes
2026-08-18 09:39:58,285 [INFO] [OK] Argentina/GFS_ENSEMBLE_Corn_Winter_PRCP_DEP/daily dia 07 (2026-08-25 → 2026-08-25) 37942 bytes
2026-08-18 09:39:58,353 [INFO] [OK] Argentina/GFS_ENSEMBLE_Corn_Winter_PRCP_DEP/daily dia 08 (2026-08-26 → 2026-08-26) 38898 bytes
2026-08-18 09:39:58,830 [INFO] [OK] Argentina/GFS_ENSEMBLE_Corn_Winter_PRCP_DEP/daily dia 09 (2026-08-27 → 2026-08-27) 38982 bytes
2026-08-18 09:39:59,438 [INFO] [OK] Argentina/GFS_ENSEMBLE_Corn_Winter_PRCP_DEP/daily dia 11 (2026-08-29 → 2026-08-29) 39017 bytes
2026-08-18 09:39:59,454 [INFO] [OK] Argentina/GFS_ENSEMBLE_Corn_Winter_PRCP_DEP/daily dia 13 (2026-08-31 → 2026-08-31) 41594 bytes
2026-08-18 09:39:59,454 [INFO] [OK] Argentina/GFS_ENSEMBLE_Corn_Winter_PRCP_DEP/daily dia 12 (2026-08-30 → 2026-08-30) 42538 bytes
2026-08-18 09:39:59,455 [INFO] [OK] Argentina/GFS_ENSEMBLE_Corn_Winter_PRCP_DEP/daily dia 10 (2026-08-28 → 2026-08-28) 35520 bytes
2026-08-18 09:39:59,568 [INFO] [OK] Argentina/GFS_ENSEMBLE_Corn_Winter_PRCP_DEP/daily dia 14 (2026-09-01 → 2026-09-01) 43637 bytes
2026-08-18 09:40:00,257 [INFO] [OK] Argentina/GFS_ENSEMBLE_Corn_Winter_PRCP_DEP/cumulative dia 00 (2026-08-18 → 2026-08-18) 29673 bytes
2026-08-18 09:40:00,845 [INFO] [OK] Argentina/GFS_ENSEMBLE_Corn_Winter_PRCP_DEP/cumulative dia 01 (2026-08-18 → 2026-08-19) 31894 bytes
2026-08-18 09:40:01,100 [INFO] [OK] Argentina/GFS_ENSEMBLE_Corn_Winter_PRCP_DEP/cumulative dia 02 (2026-08-18 → 2026-08-20) 33910 bytes
2026-08-18 09:40:01,101 [INFO] [OK] Argentina/GFS_ENSEMBLE_Corn_Winter_PRCP_DEP/cumulative dia 03 (2026-08-18 → 2026-08-21) 34545 bytes
2026-08-18 09:40:01,233 [INFO] [OK] Argentina/GFS_ENSEMBLE_Corn_Winter_PRCP_DEP/cumulative dia 04 (2026-08-18 → 2026-08-22) 34689 bytes
2026-08-18 09:40:01,303 [INFO] [OK] Argentina/GFS_ENSEMBLE_Corn_Winter_PRCP_DEP/cumulative dia 05 (2026-08-18 → 2026-08-23) 35135 bytes
2026-08-18 09:40:01,975 [INFO] [OK] Argentina/GFS_ENSEMBLE_Corn_Winter_PRCP_DEP/cumulative dia 06 (2026-08-18 → 2026-08-24) 36353 bytes
2026-08-18 09:40:02,620 [INFO] [OK] Argentina/GFS_ENSEMBLE_Corn_Winter_PRCP_DEP/cumulative dia 07 (2026-08-18 → 2026-08-25) 39392 bytes
2026-08-18 09:40:03,036 [INFO] [OK] Argentina/GFS_ENSEMBLE_Corn_Winter_PRCP_DEP/cumulative dia 08 (2026-08-18 → 2026-08-26) 42303 bytes
2026-08-18 09:40:03,357 [INFO] [OK] Argentina/GFS_ENSEMBLE_Corn_Winter_PRCP_DEP/cumulative dia 09 (2026-08-18 → 2026-08-27) 42277 bytes
2026-08-18 09:40:03,557 [INFO] [OK] Argentina/GFS_ENSEMBLE_Corn_Winter_PRCP_DEP/cumulative dia 10 (2026-08-18 → 2026-08-28) 42677 bytes
2026-08-18 09:40:03,591 [INFO] [OK] Argentina/GFS_ENSEMBLE_Corn_Winter_PRCP_DEP/cumulative dia 11 (2026-08-18 → 2026-08-29) 42211 bytes
2026-08-18 09:40:04,322 [INFO] [OK] Argentina/GFS_ENSEMBLE_Corn_Winter_PRCP_DEP/cumulative dia 12 (2026-08-18 → 2026-08-30) 42580 bytes
2026-08-18 09:40:04,647 [INFO] [OK] Argentina/GFS_ENSEMBLE_Corn_Winter_PRCP/daily dia 00 (2026-08-18 → 2026-08-18) 26910 bytes
2026-08-18 09:40:04,945 [INFO] [OK] Argentina/GFS_ENSEMBLE_Corn_Winter_PRCP/daily dia 01 (2026-08-19 → 2026-08-19) 27541 bytes
2026-08-18 09:40:05,431 [INFO] [OK] Argentina/GFS_ENSEMBLE_Corn_Winter_PRCP/daily dia 02 (2026-08-20 → 2026-08-20) 26871 bytes
2026-08-18 09:40:05,451 [INFO] [OK] Argentina/GFS_ENSEMBLE_Corn_Winter_PRCP_DEP/cumulative dia 13 (2026-08-18 → 2026-08-31) 42592 bytes
2026-08-18 09:40:05,598 [INFO] [OK] Argentina/GFS_ENSEMBLE_Corn_Winter_PRCP_DEP/cumulative dia 14 (2026-08-18 → 2026-09-01) 42373 bytes
2026-08-18 09:40:05,623 [INFO] [OK] Argentina/GFS_ENSEMBLE_Corn_Winter_PRCP/daily dia 03 (2026-08-21 → 2026-08-21) 23089 bytes
2026-08-18 09:40:05,742 [INFO] [OK] Argentina/GFS_ENSEMBLE_Corn_Winter_PRCP/daily dia 04 (2026-08-22 → 2026-08-22) 23244 bytes
2026-08-18 09:40:06,088 [INFO] [OK] Argentina/GFS_ENSEMBLE_Corn_Winter_PRCP/daily dia 05 (2026-08-23 → 2026-08-23) 24006 bytes
2026-08-18 09:40:06,962 [INFO] [OK] Argentina/GFS_ENSEMBLE_Corn_Winter_PRCP/daily dia 10 (2026-08-28 → 2026-08-28) 25268 bytes
2026-08-18 09:40:06,963 [INFO] [OK] Argentina/GFS_ENSEMBLE_Corn_Winter_PRCP/daily dia 07 (2026-08-25 → 2026-08-25) 26207 bytes
2026-08-18 09:40:06,965 [INFO] [OK] Argentina/GFS_ENSEMBLE_Corn_Winter_PRCP/daily dia 06 (2026-08-24 → 2026-08-24) 25048 bytes
2026-08-18 09:40:06,969 [INFO] [OK] Argentina/GFS_ENSEMBLE_Corn_Winter_PRCP/daily dia 08 (2026-08-26 → 2026-08-26) 27177 bytes
2026-08-18 09:40:06,974 [INFO] [OK] Argentina/GFS_ENSEMBLE_Corn_Winter_PRCP/daily dia 09 (2026-08-27 → 2026-08-27) 26181 bytes
2026-08-18 09:40:07,202 [INFO] [OK] Argentina/GFS_ENSEMBLE_Corn_Winter_PRCP/daily dia 11 (2026-08-29 → 2026-08-29) 25237 bytes
2026-08-18 09:40:08,106 [INFO] [OK] Argentina/GFS_ENSEMBLE_Corn_Winter_PRCP/daily dia 14 (2026-09-01 → 2026-09-01) 26491 bytes
2026-08-18 09:40:08,108 [INFO] [OK] Argentina/GFS_ENSEMBLE_Corn_Winter_PRCP/daily dia 13 (2026-08-31 → 2026-08-31) 25949 bytes
2026-08-18 09:40:08,280 [INFO] [OK] Argentina/GFS_ENSEMBLE_Corn_Winter_PRCP/daily dia 12 (2026-08-30 → 2026-08-30) 26266 bytes
2026-08-18 09:40:08,373 [INFO] [OK] Argentina/GFS_ENSEMBLE_Corn_Winter_PRCP/cumulative dia 01 (2026-08-18 → 2026-08-19) 29416 bytes
2026-08-18 09:40:08,382 [INFO] [OK] Argentina/GFS_ENSEMBLE_Corn_Winter_PRCP/cumulative dia 00 (2026-08-18 → 2026-08-18) 26910 bytes
2026-08-18 09:40:08,547 [INFO] [OK] Argentina/GFS_ENSEMBLE_Corn_Winter_PRCP/cumulative dia 02 (2026-08-18 → 2026-08-20) 30934 bytes
2026-08-18 09:40:09,783 [INFO] [OK] Argentina/GFS_ENSEMBLE_Corn_Winter_PRCP/cumulative dia 03 (2026-08-18 → 2026-08-21) 30863 bytes
2026-08-18 09:40:09,789 [INFO] [OK] Argentina/GFS_ENSEMBLE_Corn_Winter_PRCP/cumulative dia 04 (2026-08-18 → 2026-08-22) 30991 bytes
2026-08-18 09:40:09,923 [INFO] [OK] Argentina/GFS_ENSEMBLE_Corn_Winter_PRCP/cumulative dia 05 (2026-08-18 → 2026-08-23) 31443 bytes
2026-08-18 09:40:10,390 [INFO] [OK] Argentina/GFS_ENSEMBLE_Corn_Winter_PRCP/cumulative dia 07 (2026-08-18 → 2026-08-25) 33047 bytes
2026-08-18 09:40:10,403 [INFO] [OK] Argentina/GFS_ENSEMBLE_Corn_Winter_PRCP/cumulative dia 06 (2026-08-18 → 2026-08-24) 32112 bytes
2026-08-18 09:40:11,107 [INFO] [OK] Argentina/GFS_ENSEMBLE_Corn_Winter_PRCP/cumulative dia 08 (2026-08-18 → 2026-08-26) 34239 bytes
2026-08-18 09:40:12,419 [INFO] [OK] Argentina/GFS_ENSEMBLE_Corn_Winter_PRCP/cumulative dia 11 (2026-08-18 → 2026-08-29) 35129 bytes
2026-08-18 09:40:12,423 [INFO] [OK] Argentina/GFS_ENSEMBLE_Corn_Winter_PRCP/cumulative dia 09 (2026-08-18 → 2026-08-27) 34599 bytes
2026-08-18 09:40:12,426 [INFO] [OK] Argentina/GFS_ENSEMBLE_Corn_Winter_PRCP/cumulative dia 10 (2026-08-18 → 2026-08-28) 34819 bytes
2026-08-18 09:40:12,803 [INFO] [OK] Argentina/GFS_ENSEMBLE_Corn_Winter_PRCP/cumulative dia 12 (2026-08-18 → 2026-08-30) 35448 bytes
2026-08-18 09:40:12,929 [INFO] [OK] Argentina/GFS_ENSEMBLE_Corn_Winter_PRCP/cumulative dia 13 (2026-08-18 → 2026-08-31) 35898 bytes
2026-08-18 09:40:13,572 [INFO] [OK] Argentina/GFS_ENSEMBLE_Corn_Winter_PRCP/cumulative dia 14 (2026-08-18 → 2026-09-01) 36323 bytes
2026-08-18 09:40:13,682 [INFO] [OK] Argentina/ECM_ENSEMBLE_Soy_PRCP_DEP/daily dia 02 (2026-08-20 → 2026-08-20) 35885 bytes
2026-08-18 09:40:13,684 [INFO] [OK] Argentina/ECM_ENSEMBLE_Soy_PRCP_DEP/daily dia 01 (2026-08-19 → 2026-08-19) 35666 bytes
2026-08-18 09:40:13,744 [INFO] [OK] Argentina/ECM_ENSEMBLE_Soy_PRCP_DEP/daily dia 00 (2026-08-18 → 2026-08-18) 34709 bytes
2026-08-18 09:40:14,017 [INFO] [OK] Argentina/ECM_ENSEMBLE_Soy_PRCP_DEP/daily dia 03 (2026-08-21 → 2026-08-21) 35002 bytes
2026-08-18 09:40:14,146 [INFO] [OK] Argentina/ECM_ENSEMBLE_Soy_PRCP_DEP/daily dia 04 (2026-08-22 → 2026-08-22) 35713 bytes
2026-08-18 09:40:15,028 [INFO] [OK] Argentina/ECM_ENSEMBLE_Soy_PRCP_DEP/daily dia 05 (2026-08-23 → 2026-08-23) 36576 bytes
2026-08-18 09:40:15,068 [INFO] [OK] Argentina/ECM_ENSEMBLE_Soy_PRCP_DEP/daily dia 08 (2026-08-26 → 2026-08-26) 41501 bytes
2026-08-18 09:40:15,288 [INFO] [OK] Argentina/ECM_ENSEMBLE_Soy_PRCP_DEP/daily dia 07 (2026-08-25 → 2026-08-25) 37611 bytes
2026-08-18 09:40:15,289 [INFO] [OK] Argentina/ECM_ENSEMBLE_Soy_PRCP_DEP/daily dia 06 (2026-08-24 → 2026-08-24) 40993 bytes
2026-08-18 09:40:15,330 [INFO] [OK] Argentina/ECM_ENSEMBLE_Soy_PRCP_DEP/daily dia 09 (2026-08-27 → 2026-08-27) 42634 bytes
2026-08-18 09:40:15,351 [INFO] [OK] Argentina/ECM_ENSEMBLE_Soy_PRCP_DEP/daily dia 10 (2026-08-28 → 2026-08-28) 40790 bytes
2026-08-18 09:40:16,260 [INFO] [OK] Argentina/ECM_ENSEMBLE_Soy_PRCP_DEP/daily dia 11 (2026-08-29 → 2026-08-29) 41160 bytes
2026-08-18 09:40:16,299 [INFO] [OK] Argentina/ECM_ENSEMBLE_Soy_PRCP_DEP/daily dia 12 (2026-08-30 → 2026-08-30) 43508 bytes
2026-08-18 09:40:16,522 [INFO] [OK] Argentina/ECM_ENSEMBLE_Soy_PRCP_DEP/daily dia 14 (2026-09-01 → 2026-09-01) 45987 bytes
2026-08-18 09:40:16,699 [INFO] [OK] Argentina/ECM_ENSEMBLE_Soy_PRCP_DEP/daily dia 13 (2026-08-31 → 2026-08-31) 43734 bytes
2026-08-18 09:40:16,715 [INFO] [OK] Argentina/ECM_ENSEMBLE_Soy_PRCP_DEP/cumulative dia 00 (2026-08-18 → 2026-08-18) 34709 bytes
2026-08-18 09:40:16,897 [INFO] [OK] Argentina/ECM_ENSEMBLE_Soy_PRCP_DEP/cumulative dia 01 (2026-08-18 → 2026-08-19) 35643 bytes
2026-08-18 09:40:18,168 [INFO] [OK] Argentina/ECM_ENSEMBLE_Soy_PRCP_DEP/cumulative dia 02 (2026-08-18 → 2026-08-20) 36781 bytes
2026-08-18 09:40:18,172 [INFO] [OK] Argentina/ECM_ENSEMBLE_Soy_PRCP_DEP/cumulative dia 04 (2026-08-18 → 2026-08-22) 39714 bytes
2026-08-18 09:40:18,181 [INFO] [OK] Argentina/ECM_ENSEMBLE_Soy_PRCP_DEP/cumulative dia 03 (2026-08-18 → 2026-08-21) 38708 bytes
2026-08-18 09:40:20,037 [INFO] [OK] Argentina/ECM_ENSEMBLE_Soy_PRCP_DEP/cumulative dia 07 (2026-08-18 → 2026-08-25) 43264 bytes
2026-08-18 09:40:20,073 [INFO] [OK] Argentina/ECM_ENSEMBLE_Soy_PRCP_DEP/cumulative dia 05 (2026-08-18 → 2026-08-23) 40196 bytes
2026-08-18 09:40:20,127 [INFO] [OK] Argentina/ECM_ENSEMBLE_Soy_PRCP_DEP/cumulative dia 06 (2026-08-18 → 2026-08-24) 42389 bytes
2026-08-18 09:40:20,199 [INFO] [OK] Argentina/ECM_ENSEMBLE_Soy_PRCP_DEP/cumulative dia 08 (2026-08-18 → 2026-08-26) 43825 bytes
2026-08-18 09:40:20,413 [INFO] [OK] Argentina/ECM_ENSEMBLE_Soy_PRCP_DEP/cumulative dia 09 (2026-08-18 → 2026-08-27) 43925 bytes
2026-08-18 09:40:20,651 [INFO] [OK] Argentina/ECM_ENSEMBLE_Soy_PRCP_DEP/cumulative dia 10 (2026-08-18 → 2026-08-28) 43948 bytes
2026-08-18 09:40:21,788 [INFO] [OK] Argentina/ECM_ENSEMBLE_Soy_PRCP/daily dia 00 (2026-08-18 → 2026-08-18) 30331 bytes
2026-08-18 09:40:21,938 [INFO] [OK] Argentina/ECM_ENSEMBLE_Soy_PRCP/daily dia 01 (2026-08-19 → 2026-08-19) 30813 bytes
2026-08-18 09:40:22,605 [INFO] [OK] Argentina/ECM_ENSEMBLE_Soy_PRCP_DEP/cumulative dia 11 (2026-08-18 → 2026-08-29) 43995 bytes
2026-08-18 09:40:22,743 [INFO] [OK] Argentina/ECM_ENSEMBLE_Soy_PRCP_DEP/cumulative dia 12 (2026-08-18 → 2026-08-30) 43899 bytes
2026-08-18 09:40:22,897 [INFO] [OK] Argentina/ECM_ENSEMBLE_Soy_PRCP_DEP/cumulative dia 14 (2026-08-18 → 2026-09-01) 43840 bytes
2026-08-18 09:40:22,917 [INFO] [OK] Argentina/ECM_ENSEMBLE_Soy_PRCP/daily dia 02 (2026-08-20 → 2026-08-20) 29293 bytes
2026-08-18 09:40:22,947 [INFO] [OK] Argentina/ECM_ENSEMBLE_Soy_PRCP_DEP/cumulative dia 13 (2026-08-18 → 2026-08-31) 44020 bytes
2026-08-18 09:40:23,137 [INFO] [OK] Argentina/ECM_ENSEMBLE_Soy_PRCP/daily dia 03 (2026-08-21 → 2026-08-21) 25042 bytes
2026-08-18 09:40:23,793 [INFO] [OK] Argentina/ECM_ENSEMBLE_Soy_PRCP/daily dia 04 (2026-08-22 → 2026-08-22) 25630 bytes
2026-08-18 09:40:23,921 [INFO] [OK] Argentina/ECM_ENSEMBLE_Soy_PRCP/daily dia 05 (2026-08-23 → 2026-08-23) 26447 bytes
2026-08-18 09:40:24,126 [INFO] [OK] Argentina/ECM_ENSEMBLE_Soy_PRCP/daily dia 07 (2026-08-25 → 2026-08-25) 28145 bytes
2026-08-18 09:40:24,164 [INFO] [OK] Argentina/ECM_ENSEMBLE_Soy_PRCP/daily dia 08 (2026-08-26 → 2026-08-26) 28069 bytes
2026-08-18 09:40:24,653 [INFO] [OK] Argentina/ECM_ENSEMBLE_Soy_PRCP/daily dia 06 (2026-08-24 → 2026-08-24) 27678 bytes
2026-08-18 09:40:24,657 [INFO] [OK] Argentina/ECM_ENSEMBLE_Soy_PRCP/daily dia 09 (2026-08-27 → 2026-08-27) 27653 bytes
2026-08-18 09:40:24,984 [INFO] [OK] Argentina/ECM_ENSEMBLE_Soy_PRCP/daily dia 10 (2026-08-28 → 2026-08-28) 27554 bytes
2026-08-18 09:40:25,114 [INFO] [OK] Argentina/ECM_ENSEMBLE_Soy_PRCP/daily dia 11 (2026-08-29 → 2026-08-29) 28152 bytes
2026-08-18 09:40:25,298 [INFO] [OK] Argentina/ECM_ENSEMBLE_Soy_PRCP/daily dia 13 (2026-08-31 → 2026-08-31) 28938 bytes
2026-08-18 09:40:25,574 [INFO] [OK] Argentina/ECM_ENSEMBLE_Soy_PRCP/daily dia 12 (2026-08-30 → 2026-08-30) 28770 bytes
2026-08-18 09:40:25,870 [INFO] [OK] Argentina/ECM_ENSEMBLE_Soy_PRCP/daily dia 14 (2026-09-01 → 2026-09-01) 27545 bytes
2026-08-18 09:40:25,996 [INFO] [OK] Argentina/ECM_ENSEMBLE_Soy_PRCP/cumulative dia 00 (2026-08-18 → 2026-08-18) 30331 bytes
2026-08-18 09:40:26,303 [INFO] [OK] Argentina/ECM_ENSEMBLE_Soy_PRCP/cumulative dia 01 (2026-08-18 → 2026-08-19) 32891 bytes
2026-08-18 09:40:26,540 [INFO] [OK] Argentina/ECM_ENSEMBLE_Soy_PRCP/cumulative dia 02 (2026-08-18 → 2026-08-20) 34219 bytes
2026-08-18 09:40:26,837 [INFO] [OK] Argentina/ECM_ENSEMBLE_Soy_PRCP/cumulative dia 03 (2026-08-18 → 2026-08-21) 34476 bytes
2026-08-18 09:40:27,167 [INFO] [OK] Argentina/ECM_ENSEMBLE_Soy_PRCP/cumulative dia 04 (2026-08-18 → 2026-08-22) 35168 bytes
2026-08-18 09:40:27,741 [INFO] [OK] Argentina/ECM_ENSEMBLE_Soy_PRCP/cumulative dia 05 (2026-08-18 → 2026-08-23) 35302 bytes
2026-08-18 09:40:27,933 [INFO] [OK] Argentina/ECM_ENSEMBLE_Soy_PRCP/cumulative dia 06 (2026-08-18 → 2026-08-24) 36318 bytes
2026-08-18 09:40:28,698 [INFO] [OK] Argentina/ECM_ENSEMBLE_Soy_PRCP/cumulative dia 08 (2026-08-18 → 2026-08-26) 38049 bytes
2026-08-18 09:40:28,705 [INFO] [OK] Argentina/ECM_ENSEMBLE_Soy_PRCP/cumulative dia 07 (2026-08-18 → 2026-08-25) 37460 bytes
2026-08-18 09:40:28,981 [INFO] [OK] Argentina/ECM_ENSEMBLE_Soy_PRCP/cumulative dia 09 (2026-08-18 → 2026-08-27) 38305 bytes
2026-08-18 09:40:29,734 [INFO] [OK] Argentina/ECM_ENSEMBLE_Soy_PRCP/cumulative dia 10 (2026-08-18 → 2026-08-28) 38436 bytes
2026-08-18 09:40:30,480 [INFO] [OK] Argentina/ECM_ENSEMBLE_Soy_PRCP/cumulative dia 11 (2026-08-18 → 2026-08-29) 38525 bytes
2026-08-18 09:40:30,501 [INFO] [OK] Argentina/ECM_ENSEMBLE_Corn_Winter_PRCP_DEP/daily dia 00 (2026-08-18 → 2026-08-18) 32562 bytes
2026-08-18 09:40:31,136 [INFO] [OK] Argentina/ECM_ENSEMBLE_Corn_Winter_PRCP_DEP/daily dia 01 (2026-08-19 → 2026-08-19) 33532 bytes
2026-08-18 09:40:31,303 [INFO] [OK] Argentina/ECM_ENSEMBLE_Soy_PRCP/cumulative dia 12 (2026-08-18 → 2026-08-30) 38460 bytes
2026-08-18 09:40:31,875 [INFO] [OK] Argentina/ECM_ENSEMBLE_Corn_Winter_PRCP_DEP/daily dia 03 (2026-08-21 → 2026-08-21) 33300 bytes
2026-08-18 09:40:31,877 [INFO] [OK] Argentina/ECM_ENSEMBLE_Corn_Winter_PRCP_DEP/daily dia 02 (2026-08-20 → 2026-08-20) 34195 bytes
2026-08-18 09:40:32,161 [INFO] [OK] Argentina/ECM_ENSEMBLE_Soy_PRCP/cumulative dia 14 (2026-08-18 → 2026-09-01) 38555 bytes
2026-08-18 09:40:32,162 [INFO] [OK] Argentina/ECM_ENSEMBLE_Soy_PRCP/cumulative dia 13 (2026-08-18 → 2026-08-31) 38908 bytes
2026-08-18 09:40:32,324 [INFO] [OK] Argentina/ECM_ENSEMBLE_Corn_Winter_PRCP_DEP/daily dia 04 (2026-08-22 → 2026-08-22) 33563 bytes
2026-08-18 09:40:32,600 [INFO] [OK] Argentina/ECM_ENSEMBLE_Corn_Winter_PRCP_DEP/daily dia 05 (2026-08-23 → 2026-08-23) 34654 bytes
2026-08-18 09:40:33,215 [INFO] [OK] Argentina/ECM_ENSEMBLE_Corn_Winter_PRCP_DEP/daily dia 06 (2026-08-24 → 2026-08-24) 39248 bytes
2026-08-18 09:40:33,352 [INFO] [OK] Argentina/ECM_ENSEMBLE_Corn_Winter_PRCP_DEP/daily dia 07 (2026-08-25 → 2026-08-25) 35938 bytes
2026-08-18 09:40:33,700 [INFO] [OK] Argentina/ECM_ENSEMBLE_Corn_Winter_PRCP_DEP/daily dia 10 (2026-08-28 → 2026-08-28) 39042 bytes
2026-08-18 09:40:33,763 [INFO] [OK] Argentina/ECM_ENSEMBLE_Corn_Winter_PRCP_DEP/daily dia 09 (2026-08-27 → 2026-08-27) 40932 bytes
2026-08-18 09:40:33,832 [INFO] [OK] Argentina/ECM_ENSEMBLE_Corn_Winter_PRCP_DEP/daily dia 08 (2026-08-26 → 2026-08-26) 39757 bytes
2026-08-18 09:40:34,433 [INFO] [OK] Argentina/ECM_ENSEMBLE_Corn_Winter_PRCP_DEP/daily dia 11 (2026-08-29 → 2026-08-29) 39623 bytes
2026-08-18 09:40:34,599 [INFO] [OK] Argentina/ECM_ENSEMBLE_Corn_Winter_PRCP_DEP/daily dia 12 (2026-08-30 → 2026-08-30) 41736 bytes
2026-08-18 09:40:34,742 [INFO] [OK] Argentina/ECM_ENSEMBLE_Corn_Winter_PRCP_DEP/daily dia 13 (2026-08-31 → 2026-08-31) 42069 bytes
2026-08-18 09:40:34,993 [INFO] [OK] Argentina/ECM_ENSEMBLE_Corn_Winter_PRCP_DEP/cumulative dia 00 (2026-08-18 → 2026-08-18) 32562 bytes
2026-08-18 09:40:35,147 [INFO] [OK] Argentina/ECM_ENSEMBLE_Corn_Winter_PRCP_DEP/daily dia 14 (2026-09-01 → 2026-09-01) 44256 bytes
2026-08-18 09:40:35,189 [INFO] [OK] Argentina/ECM_ENSEMBLE_Corn_Winter_PRCP_DEP/cumulative dia 01 (2026-08-18 → 2026-08-19) 33517 bytes
2026-08-18 09:40:36,104 [INFO] [OK] Argentina/ECM_ENSEMBLE_Corn_Winter_PRCP_DEP/cumulative dia 02 (2026-08-18 → 2026-08-20) 34818 bytes
2026-08-18 09:40:36,369 [INFO] [OK] Argentina/ECM_ENSEMBLE_Corn_Winter_PRCP_DEP/cumulative dia 03 (2026-08-18 → 2026-08-21) 36829 bytes
2026-08-18 09:40:36,976 [INFO] [OK] Argentina/ECM_ENSEMBLE_Corn_Winter_PRCP_DEP/cumulative dia 04 (2026-08-18 → 2026-08-22) 37735 bytes
2026-08-18 09:40:37,328 [INFO] [OK] Argentina/ECM_ENSEMBLE_Corn_Winter_PRCP_DEP/cumulative dia 05 (2026-08-18 → 2026-08-23) 38555 bytes
2026-08-18 09:40:37,803 [INFO] [OK] Argentina/ECM_ENSEMBLE_Corn_Winter_PRCP_DEP/cumulative dia 07 (2026-08-18 → 2026-08-25) 41569 bytes
2026-08-18 09:40:37,851 [INFO] [OK] Argentina/ECM_ENSEMBLE_Corn_Winter_PRCP_DEP/cumulative dia 06 (2026-08-18 → 2026-08-24) 40343 bytes
2026-08-18 09:40:38,450 [INFO] [OK] Argentina/ECM_ENSEMBLE_Corn_Winter_PRCP_DEP/cumulative dia 08 (2026-08-18 → 2026-08-26) 41960 bytes
2026-08-18 09:40:38,665 [INFO] [OK] Argentina/ECM_ENSEMBLE_Corn_Winter_PRCP_DEP/cumulative dia 09 (2026-08-18 → 2026-08-27) 42218 bytes
2026-08-18 09:40:39,716 [INFO] [OK] Argentina/ECM_ENSEMBLE_Corn_Winter_PRCP_DEP/cumulative dia 10 (2026-08-18 → 2026-08-28) 42234 bytes
2026-08-18 09:40:39,934 [INFO] [OK] Argentina/ECM_ENSEMBLE_Corn_Winter_PRCP/daily dia 00 (2026-08-18 → 2026-08-18) 28187 bytes
2026-08-18 09:40:40,395 [INFO] [OK] Argentina/ECM_ENSEMBLE_Corn_Winter_PRCP_DEP/cumulative dia 11 (2026-08-18 → 2026-08-29) 42266 bytes
2026-08-18 09:40:40,849 [INFO] [OK] Argentina/ECM_ENSEMBLE_Corn_Winter_PRCP_DEP/cumulative dia 13 (2026-08-18 → 2026-08-31) 42225 bytes
2026-08-18 09:40:41,068 [INFO] [OK] Argentina/ECM_ENSEMBLE_Corn_Winter_PRCP/daily dia 01 (2026-08-19 → 2026-08-19) 28718 bytes
2026-08-18 09:40:41,085 [INFO] [OK] Argentina/ECM_ENSEMBLE_Corn_Winter_PRCP_DEP/cumulative dia 12 (2026-08-18 → 2026-08-30) 42193 bytes
2026-08-18 09:40:41,306 [INFO] [OK] Argentina/ECM_ENSEMBLE_Corn_Winter_PRCP/daily dia 02 (2026-08-20 → 2026-08-20) 27201 bytes
2026-08-18 09:40:41,673 [INFO] [OK] Argentina/ECM_ENSEMBLE_Corn_Winter_PRCP/daily dia 03 (2026-08-21 → 2026-08-21) 23145 bytes
2026-08-18 09:40:41,798 [INFO] [OK] Argentina/ECM_ENSEMBLE_Corn_Winter_PRCP_DEP/cumulative dia 14 (2026-08-18 → 2026-09-01) 42084 bytes
2026-08-18 09:40:42,137 [INFO] [OK] Argentina/ECM_ENSEMBLE_Corn_Winter_PRCP/daily dia 04 (2026-08-22 → 2026-08-22) 23700 bytes
2026-08-18 09:40:42,418 [INFO] [OK] Argentina/ECM_ENSEMBLE_Corn_Winter_PRCP/daily dia 05 (2026-08-23 → 2026-08-23) 24572 bytes
2026-08-18 09:40:42,428 [INFO] [OK] Argentina/ECM_ENSEMBLE_Corn_Winter_PRCP/daily dia 06 (2026-08-24 → 2026-08-24) 25880 bytes
2026-08-18 09:40:42,515 [INFO] [OK] Argentina/ECM_ENSEMBLE_Corn_Winter_PRCP/daily dia 07 (2026-08-25 → 2026-08-25) 26297 bytes
2026-08-18 09:40:42,914 [INFO] [OK] Argentina/ECM_ENSEMBLE_Corn_Winter_PRCP/daily dia 08 (2026-08-26 → 2026-08-26) 26320 bytes
2026-08-18 09:40:43,030 [INFO] [OK] Argentina/ECM_ENSEMBLE_Corn_Winter_PRCP/daily dia 09 (2026-08-27 → 2026-08-27) 25887 bytes
2026-08-18 09:40:43,433 [INFO] [OK] Argentina/ECM_ENSEMBLE_Corn_Winter_PRCP/daily dia 10 (2026-08-28 → 2026-08-28) 25707 bytes
2026-08-18 09:40:43,793 [INFO] [OK] Argentina/ECM_ENSEMBLE_Corn_Winter_PRCP/daily dia 11 (2026-08-29 → 2026-08-29) 26360 bytes
2026-08-18 09:40:43,795 [INFO] [OK] Argentina/ECM_ENSEMBLE_Corn_Winter_PRCP/daily dia 12 (2026-08-30 → 2026-08-30) 26946 bytes
2026-08-18 09:40:43,805 [INFO] [OK] Argentina/ECM_ENSEMBLE_Corn_Winter_PRCP/daily dia 13 (2026-08-31 → 2026-08-31) 27087 bytes
2026-08-18 09:40:44,149 [INFO] [OK] Argentina/ECM_ENSEMBLE_Corn_Winter_PRCP/daily dia 14 (2026-09-01 → 2026-09-01) 25746 bytes
2026-08-18 09:40:44,232 [INFO] [OK] Argentina/ECM_ENSEMBLE_Corn_Winter_PRCP/cumulative dia 00 (2026-08-18 → 2026-08-18) 28187 bytes
2026-08-18 09:40:44,743 [INFO] [OK] Argentina/ECM_ENSEMBLE_Corn_Winter_PRCP/cumulative dia 01 (2026-08-18 → 2026-08-19) 30668 bytes
2026-08-18 09:40:46,399 [INFO] [OK] Argentina/ECM_ENSEMBLE_Corn_Winter_PRCP/cumulative dia 02 (2026-08-18 → 2026-08-20) 31937 bytes
2026-08-18 09:40:48,091 [INFO] [OK] Argentina/ECM_ENSEMBLE_Corn_Winter_PRCP/cumulative dia 03 (2026-08-18 → 2026-08-21) 32275 bytes
2026-08-18 09:40:48,091 [INFO] [OK] Argentina/ECM_ENSEMBLE_Corn_Winter_PRCP/cumulative dia 05 (2026-08-18 → 2026-08-23) 33164 bytes
2026-08-18 09:40:49,125 [INFO] [OK] Argentina/ECM_ENSEMBLE_Corn_Winter_PRCP/cumulative dia 04 (2026-08-18 → 2026-08-22) 32861 bytes
2026-08-18 09:40:49,126 [INFO] [OK] Argentina/ECM_ENSEMBLE_Corn_Winter_PRCP/cumulative dia 07 (2026-08-18 → 2026-08-25) 35405 bytes
2026-08-18 09:40:49,126 [INFO] [OK] Argentina/ECM_ENSEMBLE_Corn_Winter_PRCP/cumulative dia 06 (2026-08-18 → 2026-08-24) 34100 bytes
2026-08-18 09:40:51,184 [INFO] [OK] Argentina/ECM_ENSEMBLE_Corn_Winter_PRCP/cumulative dia 08 (2026-08-18 → 2026-08-26) 35883 bytes
2026-08-18 09:40:54,497 [INFO] [OK] Argentina/ECM_ENSEMBLE_Corn_Winter_PRCP/cumulative dia 09 (2026-08-18 → 2026-08-27) 36318 bytes
2026-08-18 09:40:54,499 [INFO] [OK] Argentina/ECM_ENSEMBLE_Corn_Winter_PRCP/cumulative dia 11 (2026-08-18 → 2026-08-29) 36435 bytes
2026-08-18 09:40:54,521 [INFO] [OK] Argentina/ECM_ENSEMBLE_Corn_Winter_PRCP/cumulative dia 12 (2026-08-18 → 2026-08-30) 36596 bytes
2026-08-18 09:40:54,523 [INFO] [OK] Argentina/ECM_ENSEMBLE_Corn_Winter_PRCP/cumulative dia 10 (2026-08-18 → 2026-08-28) 36188 bytes
2026-08-18 09:40:54,526 [INFO] [OK] Argentina/ECM_ENSEMBLE_Corn_Winter_PRCP/cumulative dia 13 (2026-08-18 → 2026-08-31) 37013 bytes
2026-08-18 09:40:55,020 [INFO] [OK] Argentina/ECM_ENSEMBLE_Corn_Winter_PRCP/cumulative dia 14 (2026-08-18 → 2026-09-01) 36814 bytes
